Archive member included because of file (symbol)

/usr/local/CrossPack-AVR-20131216/lib/gcc/avr/4.8.1/../../../../avr/lib/avr6/libm.a(addsf3.o)
                              Builds/quickblob.o (__addsf3)
/usr/local/CrossPack-AVR-20131216/lib/gcc/avr/4.8.1/../../../../avr/lib/avr6/libm.a(addsf3x.o)
                              /usr/local/CrossPack-AVR-20131216/lib/gcc/avr/4.8.1/../../../../avr/lib/avr6/libm.a(addsf3.o) (__addsf3x)
/usr/local/CrossPack-AVR-20131216/lib/gcc/avr/4.8.1/../../../../avr/lib/avr6/libm.a(divsf3.o)
                              Builds/quickblob.o (__divsf3)
/usr/local/CrossPack-AVR-20131216/lib/gcc/avr/4.8.1/../../../../avr/lib/avr6/libm.a(divsf3x.o)
                              /usr/local/CrossPack-AVR-20131216/lib/gcc/avr/4.8.1/../../../../avr/lib/avr6/libm.a(divsf3.o) (__divsf3x)
/usr/local/CrossPack-AVR-20131216/lib/gcc/avr/4.8.1/../../../../avr/lib/avr6/libm.a(fixunssfsi.o)
                              Builds/Sensors.o (__fixunssfsi)
/usr/local/CrossPack-AVR-20131216/lib/gcc/avr/4.8.1/../../../../avr/lib/avr6/libm.a(floatsisf.o)
                              Builds/quickblob.o (__floatsisf)
/usr/local/CrossPack-AVR-20131216/lib/gcc/avr/4.8.1/../../../../avr/lib/avr6/libm.a(fp_inf.o)
                              /usr/local/CrossPack-AVR-20131216/lib/gcc/avr/4.8.1/../../../../avr/lib/avr6/libm.a(addsf3x.o) (__fp_inf)
/usr/local/CrossPack-AVR-20131216/lib/gcc/avr/4.8.1/../../../../avr/lib/avr6/libm.a(fp_nan.o)
                              /usr/local/CrossPack-AVR-20131216/lib/gcc/avr/4.8.1/../../../../avr/lib/avr6/libm.a(addsf3x.o) (__fp_nan)
/usr/local/CrossPack-AVR-20131216/lib/gcc/avr/4.8.1/../../../../avr/lib/avr6/libm.a(fp_pscA.o)
                              /usr/local/CrossPack-AVR-20131216/lib/gcc/avr/4.8.1/../../../../avr/lib/avr6/libm.a(addsf3x.o) (__fp_pscA)
/usr/local/CrossPack-AVR-20131216/lib/gcc/avr/4.8.1/../../../../avr/lib/avr6/libm.a(fp_pscB.o)
                              /usr/local/CrossPack-AVR-20131216/lib/gcc/avr/4.8.1/../../../../avr/lib/avr6/libm.a(addsf3x.o) (__fp_pscB)
/usr/local/CrossPack-AVR-20131216/lib/gcc/avr/4.8.1/../../../../avr/lib/avr6/libm.a(fp_round.o)
                              /usr/local/CrossPack-AVR-20131216/lib/gcc/avr/4.8.1/../../../../avr/lib/avr6/libm.a(addsf3.o) (__fp_round)
/usr/local/CrossPack-AVR-20131216/lib/gcc/avr/4.8.1/../../../../avr/lib/avr6/libm.a(fp_split3.o)
                              /usr/local/CrossPack-AVR-20131216/lib/gcc/avr/4.8.1/../../../../avr/lib/avr6/libm.a(addsf3x.o) (__fp_split3)
/usr/local/CrossPack-AVR-20131216/lib/gcc/avr/4.8.1/../../../../avr/lib/avr6/libm.a(fp_zero.o)
                              /usr/local/CrossPack-AVR-20131216/lib/gcc/avr/4.8.1/../../../../avr/lib/avr6/libm.a(addsf3x.o) (__fp_zero)
/usr/local/CrossPack-AVR-20131216/lib/gcc/avr/4.8.1/../../../../avr/lib/avr6/libm.a(mulsf3.o)
                              Builds/quickblob.o (__mulsf3)
/usr/local/CrossPack-AVR-20131216/lib/gcc/avr/4.8.1/../../../../avr/lib/avr6/libm.a(mulsf3x.o)
                              /usr/local/CrossPack-AVR-20131216/lib/gcc/avr/4.8.1/../../../../avr/lib/avr6/libm.a(mulsf3.o) (__mulsf3x)
/usr/local/CrossPack-AVR-20131216/lib/gcc/avr/4.8.1/avr6/libgcc.a(_exit.o)
                              /usr/local/CrossPack-AVR-20131216/lib/gcc/avr/4.8.1/../../../../avr/lib/avr6/crtm2560.o (exit)
/usr/local/CrossPack-AVR-20131216/lib/gcc/avr/4.8.1/avr6/libgcc.a(_copy_data.o)
                              Builds/Display.o (__do_copy_data)
/usr/local/CrossPack-AVR-20131216/lib/gcc/avr/4.8.1/avr6/libgcc.a(_clear_bss.o)
                              Builds/Display.o (__do_clear_bss)
/usr/local/CrossPack-AVR-20131216/lib/gcc/avr/4.8.1/../../../../avr/lib/avr6/libc.a(malloc.o)
                              Builds/quickblob.o (malloc)
/usr/local/CrossPack-AVR-20131216/lib/gcc/avr/4.8.1/../../../../avr/lib/avr6/libc.a(strcpy.o)
                              Builds/main.o (strcpy)
/usr/local/CrossPack-AVR-20131216/lib/gcc/avr/4.8.1/../../../../avr/lib/avr6/libc.a(sprintf.o)
                              Builds/main.o (sprintf)
/usr/local/CrossPack-AVR-20131216/lib/gcc/avr/4.8.1/../../../../avr/lib/avr6/libc.a(vfprintf_std.o)
                              /usr/local/CrossPack-AVR-20131216/lib/gcc/avr/4.8.1/../../../../avr/lib/avr6/libc.a(sprintf.o) (vfprintf)
/usr/local/CrossPack-AVR-20131216/lib/gcc/avr/4.8.1/../../../../avr/lib/avr6/libc.a(strnlen_P.o)
                              /usr/local/CrossPack-AVR-20131216/lib/gcc/avr/4.8.1/../../../../avr/lib/avr6/libc.a(vfprintf_std.o) (strnlen_P)
/usr/local/CrossPack-AVR-20131216/lib/gcc/avr/4.8.1/../../../../avr/lib/avr6/libc.a(strnlen.o)
                              /usr/local/CrossPack-AVR-20131216/lib/gcc/avr/4.8.1/../../../../avr/lib/avr6/libc.a(vfprintf_std.o) (strnlen)
/usr/local/CrossPack-AVR-20131216/lib/gcc/avr/4.8.1/../../../../avr/lib/avr6/libc.a(fputc.o)
                              /usr/local/CrossPack-AVR-20131216/lib/gcc/avr/4.8.1/../../../../avr/lib/avr6/libc.a(vfprintf_std.o) (fputc)
/usr/local/CrossPack-AVR-20131216/lib/gcc/avr/4.8.1/../../../../avr/lib/avr6/libc.a(ultoa_invert.o)
                              /usr/local/CrossPack-AVR-20131216/lib/gcc/avr/4.8.1/../../../../avr/lib/avr6/libc.a(vfprintf_std.o) (__ultoa_invert)

Allocating common symbols
Common symbol       size              file

__brkval            0x2               /usr/local/CrossPack-AVR-20131216/lib/gcc/avr/4.8.1/../../../../avr/lib/avr6/libc.a(malloc.o)
text                0x10              Builds/main.o
_sensors            0xa9              Builds/main.o
_display            0x4b5             Builds/main.o
__flp               0x2               /usr/local/CrossPack-AVR-20131216/lib/gcc/avr/4.8.1/../../../../avr/lib/avr6/libc.a(malloc.o)

Memory Configuration

Name             Origin             Length             Attributes
text             0x00000000         0x00100000         xr
data             0x00800200         0x0000fe00         rw !x
eeprom           0x00810000         0x00010000         rw !x
fuse             0x00820000         0x00000400         rw !x
lock             0x00830000         0x00000400         rw !x
signature        0x00840000         0x00000400         rw !x
user_signatures  0x00850000         0x00000400         rw !x
*default*        0x00000000         0xffffffff

Linker script and memory map

Address of section .data set to 0x800200
LOAD /usr/local/CrossPack-AVR-20131216/lib/gcc/avr/4.8.1/../../../../avr/lib/avr6/crtm2560.o
LOAD Builds/Display.o
LOAD Builds/MCP2515.o
LOAD Builds/Sensors.o
LOAD Builds/main.o
LOAD Builds/quickblob.o
LOAD /usr/local/CrossPack-AVR-20131216/lib/gcc/avr/4.8.1/../../../../avr/lib/avr6/libm.a
START GROUP
LOAD /usr/local/CrossPack-AVR-20131216/lib/gcc/avr/4.8.1/avr6/libgcc.a
LOAD /usr/local/CrossPack-AVR-20131216/lib/gcc/avr/4.8.1/../../../../avr/lib/avr6/libm.a
LOAD /usr/local/CrossPack-AVR-20131216/lib/gcc/avr/4.8.1/../../../../avr/lib/avr6/libc.a
END GROUP

.hash
 *(.hash)

.dynsym
 *(.dynsym)

.dynstr
 *(.dynstr)

.gnu.version
 *(.gnu.version)

.gnu.version_d
 *(.gnu.version_d)

.gnu.version_r
 *(.gnu.version_r)

.rel.init
 *(.rel.init)

.rela.init
 *(.rela.init)

.rel.text
 *(.rel.text)
 *(.rel.text.*)
 *(.rel.gnu.linkonce.t*)

.rela.text
 *(.rela.text)
 *(.rela.text.*)
 *(.rela.gnu.linkonce.t*)

.rel.fini
 *(.rel.fini)

.rela.fini
 *(.rela.fini)

.rel.rodata
 *(.rel.rodata)
 *(.rel.rodata.*)
 *(.rel.gnu.linkonce.r*)

.rela.rodata
 *(.rela.rodata)
 *(.rela.rodata.*)
 *(.rela.gnu.linkonce.r*)

.rel.data
 *(.rel.data)
 *(.rel.data.*)
 *(.rel.gnu.linkonce.d*)

.rela.data
 *(.rela.data)
 *(.rela.data.*)
 *(.rela.gnu.linkonce.d*)

.rel.ctors
 *(.rel.ctors)

.rela.ctors
 *(.rela.ctors)

.rel.dtors
 *(.rel.dtors)

.rela.dtors
 *(.rela.dtors)

.rel.got
 *(.rel.got)

.rela.got
 *(.rela.got)

.rel.bss
 *(.rel.bss)

.rela.bss
 *(.rela.bss)

.rel.plt
 *(.rel.plt)

.rela.plt
 *(.rela.plt)

.text           0x00000000     0x2ee2
 *(.vectors)
 .vectors       0x00000000       0xe4 /usr/local/CrossPack-AVR-20131216/lib/gcc/avr/4.8.1/../../../../avr/lib/avr6/crtm2560.o
                0x00000000                __vectors
                0x00000000                __vector_default
 *(.vectors)
 *(.progmem.gcc*)
                0x000000e4                . = ALIGN (0x2)
                0x000000e4                __trampolines_start = .
 *(.trampolines)
 .trampolines   0x000000e4        0x0 linker stubs
 *(.trampolines*)
                0x000000e4                __trampolines_end = .
 *(.progmem*)
                0x000000e4                . = ALIGN (0x2)
 *(.jumptables)
 *(.jumptables*)
 *(.lowtext)
 *(.lowtext*)
                0x000000e4                __ctors_start = .
 *(.ctors)
                0x000000e4                __ctors_end = .
                0x000000e4                __dtors_start = .
 *(.dtors)
                0x000000e4                __dtors_end = .
 SORT(*)(.ctors)
 SORT(*)(.dtors)
 *(.init0)
 .init0         0x000000e4        0x0 /usr/local/CrossPack-AVR-20131216/lib/gcc/avr/4.8.1/../../../../avr/lib/avr6/crtm2560.o
                0x000000e4                __init
 *(.init0)
 *(.init1)
 *(.init1)
 *(.init2)
 .init2         0x000000e4       0x10 /usr/local/CrossPack-AVR-20131216/lib/gcc/avr/4.8.1/../../../../avr/lib/avr6/crtm2560.o
 *(.init2)
 *(.init3)
 .init3         0x000000f4       0x18 Builds/main.o
                0x000000f4                get_mcusr
 *(.init3)
 *(.init4)
 .init4         0x0000010c       0x1a /usr/local/CrossPack-AVR-20131216/lib/gcc/avr/4.8.1/avr6/libgcc.a(_copy_data.o)
                0x0000010c                __do_copy_data
 .init4         0x00000126       0x10 /usr/local/CrossPack-AVR-20131216/lib/gcc/avr/4.8.1/avr6/libgcc.a(_clear_bss.o)
                0x00000126                __do_clear_bss
 *(.init4)
 *(.init5)
 *(.init5)
 *(.init6)
 *(.init6)
 *(.init7)
 *(.init7)
 *(.init8)
 *(.init8)
 *(.init9)
 .init9         0x00000136        0x8 /usr/local/CrossPack-AVR-20131216/lib/gcc/avr/4.8.1/../../../../avr/lib/avr6/crtm2560.o
 *(.init9)
 *(.text)
 .text          0x0000013e        0x4 /usr/local/CrossPack-AVR-20131216/lib/gcc/avr/4.8.1/../../../../avr/lib/avr6/crtm2560.o
                0x0000013e                __vector_42
                0x0000013e                __vector_22
                0x0000013e                __vector_28
                0x0000013e                __vector_1
                0x0000013e                __vector_32
                0x0000013e                __vector_34
                0x0000013e                __vector_24
                0x0000013e                __vector_12
                0x0000013e                __vector_55
                0x0000013e                __vector_46
                0x0000013e                __bad_interrupt
                0x0000013e                __vector_6
                0x0000013e                __vector_31
                0x0000013e                __vector_35
                0x0000013e                __vector_39
                0x0000013e                __vector_3
                0x0000013e                __vector_23
                0x0000013e                __vector_30
                0x0000013e                __vector_45
                0x0000013e                __vector_25
                0x0000013e                __vector_11
                0x0000013e                __vector_54
                0x0000013e                __vector_13
                0x0000013e                __vector_17
                0x0000013e                __vector_19
                0x0000013e                __vector_56
                0x0000013e                __vector_7
                0x0000013e                __vector_49
                0x0000013e                __vector_41
                0x0000013e                __vector_43
                0x0000013e                __vector_27
                0x0000013e                __vector_5
                0x0000013e                __vector_33
                0x0000013e                __vector_47
                0x0000013e                __vector_52
                0x0000013e                __vector_37
                0x0000013e                __vector_4
                0x0000013e                __vector_44
                0x0000013e                __vector_51
                0x0000013e                __vector_9
                0x0000013e                __vector_2
                0x0000013e                __vector_15
                0x0000013e                __vector_36
                0x0000013e                __vector_29
                0x0000013e                __vector_40
                0x0000013e                __vector_8
                0x0000013e                __vector_26
                0x0000013e                __vector_48
                0x0000013e                __vector_14
                0x0000013e                __vector_53
                0x0000013e                __vector_10
                0x0000013e                __vector_50
                0x0000013e                __vector_16
                0x0000013e                __vector_18
                0x0000013e                __vector_20
                0x0000013e                __vector_38
 .text          0x00000142      0xb7e Builds/Display.o
                0x00000142                getCharWidth
                0x00000146                getCharHeight
                0x0000014a                __vector_21
                0x000003b4                update
                0x000005ea                TLC5940_Init
                0x00000690                display_setFontColor
                0x000006a0                display_setFillColor
                0x000006b0                display_clearZoneDraw
                0x0000070c                display_clearZoneText
                0x00000764                display_init
                0x000007a6                display_translate
                0x000007a8                display_write
                0x0000091c                display_writeImage
                0x00000976                display_fillZone
                0x00000a00                display_setPixel
                0x00000a26                display_addPixel
                0x00000a4c                display_drawCircle
                0x00000bb4                display_drawLine
 .text          0x00000cc0      0x386 Builds/MCP2515.o
                0x00000cc0                mcp2515_write_register
                0x00000ce6                mcp2515_read_register
                0x00000d0e                mcp2515_bit_modify
                0x00000d3e                mcp2515_init
                0x00000e16                can_send_message
                0x00000f2e                mcp2515_read_rx_status
                0x00000f4c                can_get_message
 .text          0x00001046      0x350 Builds/Sensors.o
                0x00001046                adc_init
                0x00001092                sensors_init
                0x000010ea                sensors_resetCalibration
                0x000010ec                sensors_calibration
                0x0000115a                readFrame
                0x0000115e                readRow
                0x0000127a                log_blob_hook
                0x0000132a                init_pixel_stream_hook
                0x00001350                close_pixel_stream_hook
                0x00001356                next_row_hook
                0x00001390                next_frame_hook
 .text          0x00001396      0x2c6 Builds/main.o
                0x00001396                initDip
                0x0000139e                readCanID
                0x000013a6                computeGeometry
                0x000013c4                sendState
                0x00001412                checkErrors
                0x00001414                updateScreen
                0x0000149c                call
                0x0000155c                serviceCall
 .text          0x0000165c      0xb02 Builds/quickblob.o
                0x00001a70                extract_image
 .text          0x0000215e        0x0 /usr/local/CrossPack-AVR-20131216/lib/gcc/avr/4.8.1/../../../../avr/lib/avr6/libm.a(addsf3.o)
 .text          0x0000215e        0x0 /usr/local/CrossPack-AVR-20131216/lib/gcc/avr/4.8.1/../../../../avr/lib/avr6/libm.a(addsf3x.o)
 .text          0x0000215e        0x0 /usr/local/CrossPack-AVR-20131216/lib/gcc/avr/4.8.1/../../../../avr/lib/avr6/libm.a(divsf3.o)
 .text          0x0000215e        0x0 /usr/local/CrossPack-AVR-20131216/lib/gcc/avr/4.8.1/../../../../avr/lib/avr6/libm.a(divsf3x.o)
 .text          0x0000215e        0x0 /usr/local/CrossPack-AVR-20131216/lib/gcc/avr/4.8.1/../../../../avr/lib/avr6/libm.a(fixunssfsi.o)
 .text          0x0000215e        0x0 /usr/local/CrossPack-AVR-20131216/lib/gcc/avr/4.8.1/../../../../avr/lib/avr6/libm.a(floatsisf.o)
 .text          0x0000215e        0x0 /usr/local/CrossPack-AVR-20131216/lib/gcc/avr/4.8.1/../../../../avr/lib/avr6/libm.a(fp_inf.o)
 .text          0x0000215e        0x0 /usr/local/CrossPack-AVR-20131216/lib/gcc/avr/4.8.1/../../../../avr/lib/avr6/libm.a(fp_nan.o)
 .text          0x0000215e        0x0 /usr/local/CrossPack-AVR-20131216/lib/gcc/avr/4.8.1/../../../../avr/lib/avr6/libm.a(fp_pscA.o)
 .text          0x0000215e        0x0 /usr/local/CrossPack-AVR-20131216/lib/gcc/avr/4.8.1/../../../../avr/lib/avr6/libm.a(fp_pscB.o)
 .text          0x0000215e        0x0 /usr/local/CrossPack-AVR-20131216/lib/gcc/avr/4.8.1/../../../../avr/lib/avr6/libm.a(fp_round.o)
 .text          0x0000215e        0x0 /usr/local/CrossPack-AVR-20131216/lib/gcc/avr/4.8.1/../../../../avr/lib/avr6/libm.a(fp_split3.o)
 .text          0x0000215e        0x0 /usr/local/CrossPack-AVR-20131216/lib/gcc/avr/4.8.1/../../../../avr/lib/avr6/libm.a(fp_zero.o)
 .text          0x0000215e        0x0 /usr/local/CrossPack-AVR-20131216/lib/gcc/avr/4.8.1/../../../../avr/lib/avr6/libm.a(mulsf3.o)
 .text          0x0000215e        0x0 /usr/local/CrossPack-AVR-20131216/lib/gcc/avr/4.8.1/../../../../avr/lib/avr6/libm.a(mulsf3x.o)
 .text          0x0000215e        0x0 /usr/local/CrossPack-AVR-20131216/lib/gcc/avr/4.8.1/avr6/libgcc.a(_exit.o)
 .text          0x0000215e        0x0 /usr/local/CrossPack-AVR-20131216/lib/gcc/avr/4.8.1/avr6/libgcc.a(_copy_data.o)
 .text          0x0000215e        0x0 /usr/local/CrossPack-AVR-20131216/lib/gcc/avr/4.8.1/avr6/libgcc.a(_clear_bss.o)
 .text          0x0000215e        0x0 /usr/local/CrossPack-AVR-20131216/lib/gcc/avr/4.8.1/../../../../avr/lib/avr6/libc.a(malloc.o)
 .text          0x0000215e        0x0 /usr/local/CrossPack-AVR-20131216/lib/gcc/avr/4.8.1/../../../../avr/lib/avr6/libc.a(strcpy.o)
 .text          0x0000215e        0x0 /usr/local/CrossPack-AVR-20131216/lib/gcc/avr/4.8.1/../../../../avr/lib/avr6/libc.a(sprintf.o)
 .text          0x0000215e        0x0 /usr/local/CrossPack-AVR-20131216/lib/gcc/avr/4.8.1/../../../../avr/lib/avr6/libc.a(vfprintf_std.o)
 .text          0x0000215e        0x0 /usr/local/CrossPack-AVR-20131216/lib/gcc/avr/4.8.1/../../../../avr/lib/avr6/libc.a(strnlen_P.o)
 .text          0x0000215e        0x0 /usr/local/CrossPack-AVR-20131216/lib/gcc/avr/4.8.1/../../../../avr/lib/avr6/libc.a(strnlen.o)
 .text          0x0000215e        0x0 /usr/local/CrossPack-AVR-20131216/lib/gcc/avr/4.8.1/../../../../avr/lib/avr6/libc.a(fputc.o)
 .text          0x0000215e        0x0 /usr/local/CrossPack-AVR-20131216/lib/gcc/avr/4.8.1/../../../../avr/lib/avr6/libc.a(ultoa_invert.o)
                0x0000215e                . = ALIGN (0x2)
 *(.text.*)
 .text.startup  0x0000215e      0x1b0 Builds/main.o
                0x0000215e                main
 .text.avr-libc.fplib
                0x0000230e        0xa /usr/local/CrossPack-AVR-20131216/lib/gcc/avr/4.8.1/../../../../avr/lib/avr6/libm.a(addsf3.o)
                0x0000230e                __subsf3
                0x00002310                __addsf3
 .text.avr-libc.fplib
                0x00002318       0xc0 /usr/local/CrossPack-AVR-20131216/lib/gcc/avr/4.8.1/../../../../avr/lib/avr6/libm.a(addsf3x.o)
                0x00002332                __addsf3x
 .text.avr-libc.fplib
                0x000023d8        0x4 /usr/local/CrossPack-AVR-20131216/lib/gcc/avr/4.8.1/../../../../avr/lib/avr6/libm.a(divsf3.o)
                0x000023d8                __divsf3
 .text.avr-libc.fplib
                0x000023dc       0xcc /usr/local/CrossPack-AVR-20131216/lib/gcc/avr/4.8.1/../../../../avr/lib/avr6/libm.a(divsf3x.o)
                0x000023f2                __divsf3x
                0x000023f6                __divsf3_pse
 .text.avr-libc.fplib
                0x000024a8       0x58 /usr/local/CrossPack-AVR-20131216/lib/gcc/avr/4.8.1/../../../../avr/lib/avr6/libm.a(fixunssfsi.o)
                0x000024a8                __fixunssfsi
 .text.avr-libc.fplib
                0x00002500       0x7a /usr/local/CrossPack-AVR-20131216/lib/gcc/avr/4.8.1/../../../../avr/lib/avr6/libm.a(floatsisf.o)
                0x00002500                __floatunsisf
                0x00002504                __floatsisf
 .text.avr-libc.fplib
                0x0000257a        0xc /usr/local/CrossPack-AVR-20131216/lib/gcc/avr/4.8.1/../../../../avr/lib/avr6/libm.a(fp_inf.o)
                0x0000257a                __fp_inf
 .text.avr-libc.fplib
                0x00002586        0x6 /usr/local/CrossPack-AVR-20131216/lib/gcc/avr/4.8.1/../../../../avr/lib/avr6/libm.a(fp_nan.o)
                0x00002586                __fp_nan
 .text.avr-libc.fplib
                0x0000258c        0xe /usr/local/CrossPack-AVR-20131216/lib/gcc/avr/4.8.1/../../../../avr/lib/avr6/libm.a(fp_pscA.o)
                0x0000258c                __fp_pscA
 .text.avr-libc.fplib
                0x0000259a        0xe /usr/local/CrossPack-AVR-20131216/lib/gcc/avr/4.8.1/../../../../avr/lib/avr6/libm.a(fp_pscB.o)
                0x0000259a                __fp_pscB
 .text.avr-libc.fplib
                0x000025a8       0x22 /usr/local/CrossPack-AVR-20131216/lib/gcc/avr/4.8.1/../../../../avr/lib/avr6/libm.a(fp_round.o)
                0x000025a8                __fp_round
 .text.avr-libc.fplib
                0x000025ca       0x44 /usr/local/CrossPack-AVR-20131216/lib/gcc/avr/4.8.1/../../../../avr/lib/avr6/libm.a(fp_split3.o)
                0x000025ca                __fp_split3
                0x000025da                __fp_splitA
 .text.avr-libc.fplib
                0x0000260e        0xe /usr/local/CrossPack-AVR-20131216/lib/gcc/avr/4.8.1/../../../../avr/lib/avr6/libm.a(fp_zero.o)
                0x0000260e                __fp_zero
                0x00002610                __fp_szero
 .text.avr-libc.fplib
                0x0000261c        0x4 /usr/local/CrossPack-AVR-20131216/lib/gcc/avr/4.8.1/../../../../avr/lib/avr6/libm.a(mulsf3.o)
                0x0000261c                __mulsf3
 .text.avr-libc.fplib
                0x00002620       0xc2 /usr/local/CrossPack-AVR-20131216/lib/gcc/avr/4.8.1/../../../../avr/lib/avr6/libm.a(mulsf3x.o)
                0x00002634                __mulsf3x
                0x00002638                __mulsf3_pse
 .text.libgcc.mul
                0x000026e2        0x0 /usr/local/CrossPack-AVR-20131216/lib/gcc/avr/4.8.1/avr6/libgcc.a(_exit.o)
 .text.libgcc.div
                0x000026e2        0x0 /usr/local/CrossPack-AVR-20131216/lib/gcc/avr/4.8.1/avr6/libgcc.a(_exit.o)
 .text.libgcc   0x000026e2        0x0 /usr/local/CrossPack-AVR-20131216/lib/gcc/avr/4.8.1/avr6/libgcc.a(_exit.o)
 .text.libgcc.prologue
                0x000026e2        0x0 /usr/local/CrossPack-AVR-20131216/lib/gcc/avr/4.8.1/avr6/libgcc.a(_exit.o)
 .text.libgcc.builtins
                0x000026e2        0x0 /usr/local/CrossPack-AVR-20131216/lib/gcc/avr/4.8.1/avr6/libgcc.a(_exit.o)
 .text.libgcc.fmul
                0x000026e2        0x0 /usr/local/CrossPack-AVR-20131216/lib/gcc/avr/4.8.1/avr6/libgcc.a(_exit.o)
 .text.libgcc.fixed
                0x000026e2        0x0 /usr/local/CrossPack-AVR-20131216/lib/gcc/avr/4.8.1/avr6/libgcc.a(_exit.o)
 .text.libgcc.mul
                0x000026e2        0x0 /usr/local/CrossPack-AVR-20131216/lib/gcc/avr/4.8.1/avr6/libgcc.a(_copy_data.o)
 .text.libgcc.div
                0x000026e2        0x0 /usr/local/CrossPack-AVR-20131216/lib/gcc/avr/4.8.1/avr6/libgcc.a(_copy_data.o)
 .text.libgcc   0x000026e2        0x0 /usr/local/CrossPack-AVR-20131216/lib/gcc/avr/4.8.1/avr6/libgcc.a(_copy_data.o)
 .text.libgcc.prologue
                0x000026e2        0x0 /usr/local/CrossPack-AVR-20131216/lib/gcc/avr/4.8.1/avr6/libgcc.a(_copy_data.o)
 .text.libgcc.builtins
                0x000026e2        0x0 /usr/local/CrossPack-AVR-20131216/lib/gcc/avr/4.8.1/avr6/libgcc.a(_copy_data.o)
 .text.libgcc.fmul
                0x000026e2        0x0 /usr/local/CrossPack-AVR-20131216/lib/gcc/avr/4.8.1/avr6/libgcc.a(_copy_data.o)
 .text.libgcc.fixed
                0x000026e2        0x0 /usr/local/CrossPack-AVR-20131216/lib/gcc/avr/4.8.1/avr6/libgcc.a(_copy_data.o)
 .text.libgcc.mul
                0x000026e2        0x0 /usr/local/CrossPack-AVR-20131216/lib/gcc/avr/4.8.1/avr6/libgcc.a(_clear_bss.o)
 .text.libgcc.div
                0x000026e2        0x0 /usr/local/CrossPack-AVR-20131216/lib/gcc/avr/4.8.1/avr6/libgcc.a(_clear_bss.o)
 .text.libgcc   0x000026e2        0x0 /usr/local/CrossPack-AVR-20131216/lib/gcc/avr/4.8.1/avr6/libgcc.a(_clear_bss.o)
 .text.libgcc.prologue
                0x000026e2        0x0 /usr/local/CrossPack-AVR-20131216/lib/gcc/avr/4.8.1/avr6/libgcc.a(_clear_bss.o)
 .text.libgcc.builtins
                0x000026e2        0x0 /usr/local/CrossPack-AVR-20131216/lib/gcc/avr/4.8.1/avr6/libgcc.a(_clear_bss.o)
 .text.libgcc.fmul
                0x000026e2        0x0 /usr/local/CrossPack-AVR-20131216/lib/gcc/avr/4.8.1/avr6/libgcc.a(_clear_bss.o)
 .text.libgcc.fixed
                0x000026e2        0x0 /usr/local/CrossPack-AVR-20131216/lib/gcc/avr/4.8.1/avr6/libgcc.a(_clear_bss.o)
 .text.avr-libc
                0x000026e2      0x24e /usr/local/CrossPack-AVR-20131216/lib/gcc/avr/4.8.1/../../../../avr/lib/avr6/libc.a(malloc.o)
                0x000026e2                malloc
                0x00002812                free
 .text.avr-libc
                0x00002930        0xe /usr/local/CrossPack-AVR-20131216/lib/gcc/avr/4.8.1/../../../../avr/lib/avr6/libc.a(strcpy.o)
                0x00002930                strcpy
 .text.avr-libc
                0x0000293e       0x5e /usr/local/CrossPack-AVR-20131216/lib/gcc/avr/4.8.1/../../../../avr/lib/avr6/libc.a(sprintf.o)
                0x0000293e                sprintf
 .text.avr-libc
                0x0000299c      0x3f6 /usr/local/CrossPack-AVR-20131216/lib/gcc/avr/4.8.1/../../../../avr/lib/avr6/libc.a(vfprintf_std.o)
                0x0000299c                vfprintf
 .text.avr-libc
                0x00002d92       0x16 /usr/local/CrossPack-AVR-20131216/lib/gcc/avr/4.8.1/../../../../avr/lib/avr6/libc.a(strnlen_P.o)
                0x00002d92                strnlen_P
 .text.avr-libc
                0x00002da8       0x16 /usr/local/CrossPack-AVR-20131216/lib/gcc/avr/4.8.1/../../../../avr/lib/avr6/libc.a(strnlen.o)
                0x00002da8                strnlen
 .text.avr-libc
                0x00002dbe       0x64 /usr/local/CrossPack-AVR-20131216/lib/gcc/avr/4.8.1/../../../../avr/lib/avr6/libc.a(fputc.o)
                0x00002dbe                fputc
 .text.avr-libc
                0x00002e22       0xbc /usr/local/CrossPack-AVR-20131216/lib/gcc/avr/4.8.1/../../../../avr/lib/avr6/libc.a(ultoa_invert.o)
                0x00002e22                __ultoa_invert
                0x00002ede                . = ALIGN (0x2)
 *(.fini9)
 .fini9         0x00002ede        0x0 /usr/local/CrossPack-AVR-20131216/lib/gcc/avr/4.8.1/avr6/libgcc.a(_exit.o)
                0x00002ede                exit
                0x00002ede                _exit
 *(.fini9)
 *(.fini8)
 *(.fini8)
 *(.fini7)
 *(.fini7)
 *(.fini6)
 *(.fini6)
 *(.fini5)
 *(.fini5)
 *(.fini4)
 *(.fini4)
 *(.fini3)
 *(.fini3)
 *(.fini2)
 *(.fini2)
 *(.fini1)
 *(.fini1)
 *(.fini0)
 .fini0         0x00002ede        0x4 /usr/local/CrossPack-AVR-20131216/lib/gcc/avr/4.8.1/avr6/libgcc.a(_exit.o)
 *(.fini0)
                0x00002ee2                _etext = .

.data           0x00800200      0x242 load address 0x00002ee2
                0x00800200                PROVIDE (__data_start, .)
 *(.data)
 .data          0x00800200        0x0 /usr/local/CrossPack-AVR-20131216/lib/gcc/avr/4.8.1/../../../../avr/lib/avr6/crtm2560.o
 .data          0x00800200        0x6 Builds/Display.o
 .data          0x00800206        0x0 Builds/MCP2515.o
 .data          0x00800206        0x0 Builds/Sensors.o
 .data          0x00800206        0x0 Builds/main.o
 .data          0x00800206        0x0 Builds/quickblob.o
 .data          0x00800206        0x0 /usr/local/CrossPack-AVR-20131216/lib/gcc/avr/4.8.1/../../../../avr/lib/avr6/libm.a(addsf3.o)
 .data          0x00800206        0x0 /usr/local/CrossPack-AVR-20131216/lib/gcc/avr/4.8.1/../../../../avr/lib/avr6/libm.a(addsf3x.o)
 .data          0x00800206        0x0 /usr/local/CrossPack-AVR-20131216/lib/gcc/avr/4.8.1/../../../../avr/lib/avr6/libm.a(divsf3.o)
 .data          0x00800206        0x0 /usr/local/CrossPack-AVR-20131216/lib/gcc/avr/4.8.1/../../../../avr/lib/avr6/libm.a(divsf3x.o)
 .data          0x00800206        0x0 /usr/local/CrossPack-AVR-20131216/lib/gcc/avr/4.8.1/../../../../avr/lib/avr6/libm.a(fixunssfsi.o)
 .data          0x00800206        0x0 /usr/local/CrossPack-AVR-20131216/lib/gcc/avr/4.8.1/../../../../avr/lib/avr6/libm.a(floatsisf.o)
 .data          0x00800206        0x0 /usr/local/CrossPack-AVR-20131216/lib/gcc/avr/4.8.1/../../../../avr/lib/avr6/libm.a(fp_inf.o)
 .data          0x00800206        0x0 /usr/local/CrossPack-AVR-20131216/lib/gcc/avr/4.8.1/../../../../avr/lib/avr6/libm.a(fp_nan.o)
 .data          0x00800206        0x0 /usr/local/CrossPack-AVR-20131216/lib/gcc/avr/4.8.1/../../../../avr/lib/avr6/libm.a(fp_pscA.o)
 .data          0x00800206        0x0 /usr/local/CrossPack-AVR-20131216/lib/gcc/avr/4.8.1/../../../../avr/lib/avr6/libm.a(fp_pscB.o)
 .data          0x00800206        0x0 /usr/local/CrossPack-AVR-20131216/lib/gcc/avr/4.8.1/../../../../avr/lib/avr6/libm.a(fp_round.o)
 .data          0x00800206        0x0 /usr/local/CrossPack-AVR-20131216/lib/gcc/avr/4.8.1/../../../../avr/lib/avr6/libm.a(fp_split3.o)
 .data          0x00800206        0x0 /usr/local/CrossPack-AVR-20131216/lib/gcc/avr/4.8.1/../../../../avr/lib/avr6/libm.a(fp_zero.o)
 .data          0x00800206        0x0 /usr/local/CrossPack-AVR-20131216/lib/gcc/avr/4.8.1/../../../../avr/lib/avr6/libm.a(mulsf3.o)
 .data          0x00800206        0x0 /usr/local/CrossPack-AVR-20131216/lib/gcc/avr/4.8.1/../../../../avr/lib/avr6/libm.a(mulsf3x.o)
 .data          0x00800206        0x0 /usr/local/CrossPack-AVR-20131216/lib/gcc/avr/4.8.1/avr6/libgcc.a(_exit.o)
 .data          0x00800206        0x0 /usr/local/CrossPack-AVR-20131216/lib/gcc/avr/4.8.1/avr6/libgcc.a(_copy_data.o)
 .data          0x00800206        0x0 /usr/local/CrossPack-AVR-20131216/lib/gcc/avr/4.8.1/avr6/libgcc.a(_clear_bss.o)
 .data          0x00800206        0x6 /usr/local/CrossPack-AVR-20131216/lib/gcc/avr/4.8.1/../../../../avr/lib/avr6/libc.a(malloc.o)
                0x00800206                __malloc_heap_end
                0x00800208                __malloc_heap_start
                0x0080020a                __malloc_margin
 .data          0x0080020c        0x0 /usr/local/CrossPack-AVR-20131216/lib/gcc/avr/4.8.1/../../../../avr/lib/avr6/libc.a(strcpy.o)
 .data          0x0080020c        0x0 /usr/local/CrossPack-AVR-20131216/lib/gcc/avr/4.8.1/../../../../avr/lib/avr6/libc.a(sprintf.o)
 .data          0x0080020c        0x0 /usr/local/CrossPack-AVR-20131216/lib/gcc/avr/4.8.1/../../../../avr/lib/avr6/libc.a(vfprintf_std.o)
 .data          0x0080020c        0x0 /usr/local/CrossPack-AVR-20131216/lib/gcc/avr/4.8.1/../../../../avr/lib/avr6/libc.a(strnlen_P.o)
 .data          0x0080020c        0x0 /usr/local/CrossPack-AVR-20131216/lib/gcc/avr/4.8.1/../../../../avr/lib/avr6/libc.a(strnlen.o)
 .data          0x0080020c        0x0 /usr/local/CrossPack-AVR-20131216/lib/gcc/avr/4.8.1/../../../../avr/lib/avr6/libc.a(fputc.o)
 .data          0x0080020c        0x0 /usr/local/CrossPack-AVR-20131216/lib/gcc/avr/4.8.1/../../../../avr/lib/avr6/libc.a(ultoa_invert.o)
 *(.data*)
 *(.rodata)
 .rodata        0x0080020c      0x22d Builds/Display.o
                0x008002a2                c_NULL
                0x008002ad                c_Z
                0x008002b8                c_Y
                0x008002c3                c_X
                0x008002ce                c_W
                0x008002d9                c_V
                0x008002e4                c_U
                0x008002ef                c_T
                0x008002fa                c_S
                0x00800305                c_R
                0x00800310                c_Q
                0x0080031b                c_P
                0x00800326                c_O
                0x00800331                c_N
                0x0080033c                c_M
                0x00800347                c_L
                0x00800352                c_K
                0x0080035d                c_J
                0x00800368                c_I
                0x00800373                c_H
                0x0080037e                c_G
                0x00800389                c_F
                0x00800394                c_E
                0x0080039f                c_D
                0x008003aa                c_C
                0x008003b5                c_B
                0x008003c0                c_A
                0x008003cb                c_9
                0x008003d6                c_8
                0x008003e1                c_7
                0x008003ec                c_6
                0x008003f7                c_5
                0x00800402                c_4
                0x0080040d                c_3
                0x00800418                c_2
                0x00800423                c_1
                0x0080042e                c_0
 *(.rodata*)
 .rodata.str1.1
                0x00800439        0x8 Builds/main.o
                                  0x9 (size before relaxing)
 *(.gnu.linkonce.d*)
                0x00800442                . = ALIGN (0x2)
 *fill*         0x00800441        0x1 
                0x00800442                _edata = .
                0x00800442                PROVIDE (__data_end, .)

.bss            0x00800442      0x57d
                0x00800442                PROVIDE (__bss_start, .)
 *(.bss)
 .bss           0x00800442        0x0 /usr/local/CrossPack-AVR-20131216/lib/gcc/avr/4.8.1/../../../../avr/lib/avr6/crtm2560.o
 .bss           0x00800442        0x2 Builds/Display.o
 .bss           0x00800444        0x0 Builds/MCP2515.o
 .bss           0x00800444        0x0 Builds/Sensors.o
 .bss           0x00800444        0x9 Builds/main.o
                0x00800444                sep
                0x00800445                textY
                0x00800447                textX
                0x00800449                errorCode
                0x0080044a                offY
                0x0080044b                offX
                0x0080044c                canID
 .bss           0x0080044d        0x0 Builds/quickblob.o
 .bss           0x0080044d        0x0 /usr/local/CrossPack-AVR-20131216/lib/gcc/avr/4.8.1/../../../../avr/lib/avr6/libm.a(addsf3.o)
 .bss           0x0080044d        0x0 /usr/local/CrossPack-AVR-20131216/lib/gcc/avr/4.8.1/../../../../avr/lib/avr6/libm.a(addsf3x.o)
 .bss           0x0080044d        0x0 /usr/local/CrossPack-AVR-20131216/lib/gcc/avr/4.8.1/../../../../avr/lib/avr6/libm.a(divsf3.o)
 .bss           0x0080044d        0x0 /usr/local/CrossPack-AVR-20131216/lib/gcc/avr/4.8.1/../../../../avr/lib/avr6/libm.a(divsf3x.o)
 .bss           0x0080044d        0x0 /usr/local/CrossPack-AVR-20131216/lib/gcc/avr/4.8.1/../../../../avr/lib/avr6/libm.a(fixunssfsi.o)
 .bss           0x0080044d        0x0 /usr/local/CrossPack-AVR-20131216/lib/gcc/avr/4.8.1/../../../../avr/lib/avr6/libm.a(floatsisf.o)
 .bss           0x0080044d        0x0 /usr/local/CrossPack-AVR-20131216/lib/gcc/avr/4.8.1/../../../../avr/lib/avr6/libm.a(fp_inf.o)
 .bss           0x0080044d        0x0 /usr/local/CrossPack-AVR-20131216/lib/gcc/avr/4.8.1/../../../../avr/lib/avr6/libm.a(fp_nan.o)
 .bss           0x0080044d        0x0 /usr/local/CrossPack-AVR-20131216/lib/gcc/avr/4.8.1/../../../../avr/lib/avr6/libm.a(fp_pscA.o)
 .bss           0x0080044d        0x0 /usr/local/CrossPack-AVR-20131216/lib/gcc/avr/4.8.1/../../../../avr/lib/avr6/libm.a(fp_pscB.o)
 .bss           0x0080044d        0x0 /usr/local/CrossPack-AVR-20131216/lib/gcc/avr/4.8.1/../../../../avr/lib/avr6/libm.a(fp_round.o)
 .bss           0x0080044d        0x0 /usr/local/CrossPack-AVR-20131216/lib/gcc/avr/4.8.1/../../../../avr/lib/avr6/libm.a(fp_split3.o)
 .bss           0x0080044d        0x0 /usr/local/CrossPack-AVR-20131216/lib/gcc/avr/4.8.1/../../../../avr/lib/avr6/libm.a(fp_zero.o)
 .bss           0x0080044d        0x0 /usr/local/CrossPack-AVR-20131216/lib/gcc/avr/4.8.1/../../../../avr/lib/avr6/libm.a(mulsf3.o)
 .bss           0x0080044d        0x0 /usr/local/CrossPack-AVR-20131216/lib/gcc/avr/4.8.1/../../../../avr/lib/avr6/libm.a(mulsf3x.o)
 .bss           0x0080044d        0x0 /usr/local/CrossPack-AVR-20131216/lib/gcc/avr/4.8.1/avr6/libgcc.a(_exit.o)
 .bss           0x0080044d        0x0 /usr/local/CrossPack-AVR-20131216/lib/gcc/avr/4.8.1/avr6/libgcc.a(_copy_data.o)
 .bss           0x0080044d        0x0 /usr/local/CrossPack-AVR-20131216/lib/gcc/avr/4.8.1/avr6/libgcc.a(_clear_bss.o)
 .bss           0x0080044d        0x0 /usr/local/CrossPack-AVR-20131216/lib/gcc/avr/4.8.1/../../../../avr/lib/avr6/libc.a(malloc.o)
 .bss           0x0080044d        0x0 /usr/local/CrossPack-AVR-20131216/lib/gcc/avr/4.8.1/../../../../avr/lib/avr6/libc.a(strcpy.o)
 .bss           0x0080044d        0x0 /usr/local/CrossPack-AVR-20131216/lib/gcc/avr/4.8.1/../../../../avr/lib/avr6/libc.a(sprintf.o)
 .bss           0x0080044d        0x0 /usr/local/CrossPack-AVR-20131216/lib/gcc/avr/4.8.1/../../../../avr/lib/avr6/libc.a(vfprintf_std.o)
 .bss           0x0080044d        0x0 /usr/local/CrossPack-AVR-20131216/lib/gcc/avr/4.8.1/../../../../avr/lib/avr6/libc.a(strnlen_P.o)
 .bss           0x0080044d        0x0 /usr/local/CrossPack-AVR-20131216/lib/gcc/avr/4.8.1/../../../../avr/lib/avr6/libc.a(strnlen.o)
 .bss           0x0080044d        0x0 /usr/local/CrossPack-AVR-20131216/lib/gcc/avr/4.8.1/../../../../avr/lib/avr6/libc.a(fputc.o)
 .bss           0x0080044d        0x0 /usr/local/CrossPack-AVR-20131216/lib/gcc/avr/4.8.1/../../../../avr/lib/avr6/libc.a(ultoa_invert.o)
 *(.bss*)
 *(COMMON)
 COMMON         0x0080044d      0x56e Builds/main.o
                0x0080044d                text
                0x0080045d                _sensors
                0x00800506                _display
 COMMON         0x008009bb        0x4 /usr/local/CrossPack-AVR-20131216/lib/gcc/avr/4.8.1/../../../../avr/lib/avr6/libc.a(malloc.o)
                0x008009bb                __brkval
                0x008009bd                __flp
                0x008009bf                PROVIDE (__bss_end, .)
                0x00002ee2                __data_load_start = LOADADDR (.data)
                0x00003124                __data_load_end = (__data_load_start + SIZEOF (.data))

.noinit         0x008009bf        0x1
                0x008009bf                PROVIDE (__noinit_start, .)
 *(.noinit*)
 .noinit        0x008009bf        0x1 Builds/main.o
                0x008009bf                mcusr_mirror
                0x008009c0                PROVIDE (__noinit_end, .)
                0x008009c0                _end = .
                0x008009c0                PROVIDE (__heap_start, .)

.eeprom         0x00810000        0x0
 *(.eeprom*)
                0x00810000                __eeprom_end = .

.fuse
 *(.fuse)
 *(.lfuse)
 *(.hfuse)
 *(.efuse)

.lock
 *(.lock*)

.signature
 *(.signature*)

.user_signatures
 *(.user_signatures*)

.stab           0x00000000     0x50c4
 *(.stab)
 .stab          0x00000000     0x1b24 Builds/Display.o
 .stab          0x00001b24      0xf78 Builds/MCP2515.o
                               0x117c (size before relaxing)
 .stab          0x00002a9c      0xc00 Builds/Sensors.o
                                0xe58 (size before relaxing)
 .stab          0x0000369c      0xb94 Builds/main.o
                                0xed0 (size before relaxing)
 .stab          0x00004230      0xe94 Builds/quickblob.o
                               0x10ec (size before relaxing)

.stabstr        0x00000000     0x2614
 *(.stabstr)
 .stabstr       0x00000000     0x2614 Builds/Display.o

.stab.excl
 *(.stab.excl)

.stab.exclstr
 *(.stab.exclstr)

.stab.index
 *(.stab.index)

.stab.indexstr
 *(.stab.indexstr)

.comment        0x00000000       0x11
 *(.comment)
 .comment       0x00000000       0x11 Builds/Display.o
                                 0x12 (size before relaxing)
 .comment       0x00000000       0x12 Builds/MCP2515.o
 .comment       0x00000000       0x12 Builds/Sensors.o
 .comment       0x00000000       0x12 Builds/main.o
 .comment       0x00000000       0x12 Builds/quickblob.o
 .comment       0x00000000       0x12 /usr/local/CrossPack-AVR-20131216/lib/gcc/avr/4.8.1/../../../../avr/lib/avr6/libc.a(malloc.o)
 .comment       0x00000000       0x12 /usr/local/CrossPack-AVR-20131216/lib/gcc/avr/4.8.1/../../../../avr/lib/avr6/libc.a(sprintf.o)
 .comment       0x00000000       0x12 /usr/local/CrossPack-AVR-20131216/lib/gcc/avr/4.8.1/../../../../avr/lib/avr6/libc.a(vfprintf_std.o)
 .comment       0x00000000       0x12 /usr/local/CrossPack-AVR-20131216/lib/gcc/avr/4.8.1/../../../../avr/lib/avr6/libc.a(fputc.o)

.debug
 *(.debug)

.line
 *(.line)

.debug_srcinfo
 *(.debug_srcinfo)

.debug_sfnames
 *(.debug_sfnames)

.debug_aranges  0x00000000       0x60
 *(.debug_aranges)
 .debug_aranges
                0x00000000       0x20 /usr/local/CrossPack-AVR-20131216/lib/gcc/avr/4.8.1/avr6/libgcc.a(_exit.o)
 .debug_aranges
                0x00000020       0x20 /usr/local/CrossPack-AVR-20131216/lib/gcc/avr/4.8.1/avr6/libgcc.a(_copy_data.o)
 .debug_aranges
                0x00000040       0x20 /usr/local/CrossPack-AVR-20131216/lib/gcc/avr/4.8.1/avr6/libgcc.a(_clear_bss.o)

.debug_pubnames
 *(.debug_pubnames)

.debug_info     0x00000000      0x23a
 *(.debug_info)
 .debug_info    0x00000000       0xbe /usr/local/CrossPack-AVR-20131216/lib/gcc/avr/4.8.1/avr6/libgcc.a(_exit.o)
 .debug_info    0x000000be       0xbe /usr/local/CrossPack-AVR-20131216/lib/gcc/avr/4.8.1/avr6/libgcc.a(_copy_data.o)
 .debug_info    0x0000017c       0xbe /usr/local/CrossPack-AVR-20131216/lib/gcc/avr/4.8.1/avr6/libgcc.a(_clear_bss.o)
 *(.gnu.linkonce.wi.*)

.debug_abbrev   0x00000000       0x3c
 *(.debug_abbrev)
 .debug_abbrev  0x00000000       0x14 /usr/local/CrossPack-AVR-20131216/lib/gcc/avr/4.8.1/avr6/libgcc.a(_exit.o)
 .debug_abbrev  0x00000014       0x14 /usr/local/CrossPack-AVR-20131216/lib/gcc/avr/4.8.1/avr6/libgcc.a(_copy_data.o)
 .debug_abbrev  0x00000028       0x14 /usr/local/CrossPack-AVR-20131216/lib/gcc/avr/4.8.1/avr6/libgcc.a(_clear_bss.o)

.debug_line     0x00000000      0x119
 *(.debug_line)
 .debug_line    0x00000000       0x58 /usr/local/CrossPack-AVR-20131216/lib/gcc/avr/4.8.1/avr6/libgcc.a(_exit.o)
 .debug_line    0x00000058       0x63 /usr/local/CrossPack-AVR-20131216/lib/gcc/avr/4.8.1/avr6/libgcc.a(_copy_data.o)
 .debug_line    0x000000bb       0x5e /usr/local/CrossPack-AVR-20131216/lib/gcc/avr/4.8.1/avr6/libgcc.a(_clear_bss.o)

.debug_frame
 *(.debug_frame)

.debug_str
 *(.debug_str)

.debug_loc
 *(.debug_loc)

.debug_macinfo
 *(.debug_macinfo)

.debug_pubtypes
 *(.debug_pubtypes)

.debug_ranges
 *(.debug_ranges)

.debug_macro
 *(.debug_macro)
OUTPUT(Builds/main.elf elf32-avr)
LOAD linker stubs

Cross Reference Table

Symbol                                            File
TLC5940_Init                                      Builds/Display.o
__addsf3                                          /usr/local/CrossPack-AVR-20131216/lib/gcc/avr/4.8.1/../../../../avr/lib/avr6/libm.a(addsf3.o)
                                                  Builds/quickblob.o
__addsf3x                                         /usr/local/CrossPack-AVR-20131216/lib/gcc/avr/4.8.1/../../../../avr/lib/avr6/libm.a(addsf3x.o)
                                                  /usr/local/CrossPack-AVR-20131216/lib/gcc/avr/4.8.1/../../../../avr/lib/avr6/libm.a(addsf3.o)
__bad_interrupt                                   /usr/local/CrossPack-AVR-20131216/lib/gcc/avr/4.8.1/../../../../avr/lib/avr6/crtm2560.o
__brkval                                          /usr/local/CrossPack-AVR-20131216/lib/gcc/avr/4.8.1/../../../../avr/lib/avr6/libc.a(malloc.o)
__bss_end                                         /usr/local/CrossPack-AVR-20131216/lib/gcc/avr/4.8.1/avr6/libgcc.a(_clear_bss.o)
__bss_start                                       /usr/local/CrossPack-AVR-20131216/lib/gcc/avr/4.8.1/avr6/libgcc.a(_clear_bss.o)
__data_end                                        /usr/local/CrossPack-AVR-20131216/lib/gcc/avr/4.8.1/avr6/libgcc.a(_copy_data.o)
__data_load_start                                 /usr/local/CrossPack-AVR-20131216/lib/gcc/avr/4.8.1/avr6/libgcc.a(_copy_data.o)
__data_start                                      /usr/local/CrossPack-AVR-20131216/lib/gcc/avr/4.8.1/avr6/libgcc.a(_copy_data.o)
__divsf3                                          /usr/local/CrossPack-AVR-20131216/lib/gcc/avr/4.8.1/../../../../avr/lib/avr6/libm.a(divsf3.o)
                                                  Builds/quickblob.o
__divsf3_pse                                      /usr/local/CrossPack-AVR-20131216/lib/gcc/avr/4.8.1/../../../../avr/lib/avr6/libm.a(divsf3x.o)
__divsf3x                                         /usr/local/CrossPack-AVR-20131216/lib/gcc/avr/4.8.1/../../../../avr/lib/avr6/libm.a(divsf3x.o)
                                                  /usr/local/CrossPack-AVR-20131216/lib/gcc/avr/4.8.1/../../../../avr/lib/avr6/libm.a(divsf3.o)
__do_clear_bss                                    /usr/local/CrossPack-AVR-20131216/lib/gcc/avr/4.8.1/avr6/libgcc.a(_clear_bss.o)
                                                  /usr/local/CrossPack-AVR-20131216/lib/gcc/avr/4.8.1/../../../../avr/lib/avr6/libc.a(malloc.o)
                                                  Builds/main.o
                                                  Builds/Display.o
__do_copy_data                                    /usr/local/CrossPack-AVR-20131216/lib/gcc/avr/4.8.1/avr6/libgcc.a(_copy_data.o)
                                                  /usr/local/CrossPack-AVR-20131216/lib/gcc/avr/4.8.1/../../../../avr/lib/avr6/libc.a(malloc.o)
                                                  Builds/main.o
                                                  Builds/Display.o
__fixunssfsi                                      /usr/local/CrossPack-AVR-20131216/lib/gcc/avr/4.8.1/../../../../avr/lib/avr6/libm.a(fixunssfsi.o)
                                                  Builds/Sensors.o
__floatsisf                                       /usr/local/CrossPack-AVR-20131216/lib/gcc/avr/4.8.1/../../../../avr/lib/avr6/libm.a(floatsisf.o)
                                                  Builds/quickblob.o
__floatunsisf                                     /usr/local/CrossPack-AVR-20131216/lib/gcc/avr/4.8.1/../../../../avr/lib/avr6/libm.a(floatsisf.o)
__flp                                             /usr/local/CrossPack-AVR-20131216/lib/gcc/avr/4.8.1/../../../../avr/lib/avr6/libc.a(malloc.o)
__fp_inf                                          /usr/local/CrossPack-AVR-20131216/lib/gcc/avr/4.8.1/../../../../avr/lib/avr6/libm.a(fp_inf.o)
                                                  /usr/local/CrossPack-AVR-20131216/lib/gcc/avr/4.8.1/../../../../avr/lib/avr6/libm.a(mulsf3x.o)
                                                  /usr/local/CrossPack-AVR-20131216/lib/gcc/avr/4.8.1/../../../../avr/lib/avr6/libm.a(divsf3x.o)
                                                  /usr/local/CrossPack-AVR-20131216/lib/gcc/avr/4.8.1/../../../../avr/lib/avr6/libm.a(addsf3x.o)
__fp_nan                                          /usr/local/CrossPack-AVR-20131216/lib/gcc/avr/4.8.1/../../../../avr/lib/avr6/libm.a(fp_nan.o)
                                                  /usr/local/CrossPack-AVR-20131216/lib/gcc/avr/4.8.1/../../../../avr/lib/avr6/libm.a(mulsf3x.o)
                                                  /usr/local/CrossPack-AVR-20131216/lib/gcc/avr/4.8.1/../../../../avr/lib/avr6/libm.a(divsf3x.o)
                                                  /usr/local/CrossPack-AVR-20131216/lib/gcc/avr/4.8.1/../../../../avr/lib/avr6/libm.a(addsf3x.o)
__fp_pscA                                         /usr/local/CrossPack-AVR-20131216/lib/gcc/avr/4.8.1/../../../../avr/lib/avr6/libm.a(fp_pscA.o)
                                                  /usr/local/CrossPack-AVR-20131216/lib/gcc/avr/4.8.1/../../../../avr/lib/avr6/libm.a(mulsf3x.o)
                                                  /usr/local/CrossPack-AVR-20131216/lib/gcc/avr/4.8.1/../../../../avr/lib/avr6/libm.a(divsf3x.o)
                                                  /usr/local/CrossPack-AVR-20131216/lib/gcc/avr/4.8.1/../../../../avr/lib/avr6/libm.a(addsf3x.o)
__fp_pscB                                         /usr/local/CrossPack-AVR-20131216/lib/gcc/avr/4.8.1/../../../../avr/lib/avr6/libm.a(fp_pscB.o)
                                                  /usr/local/CrossPack-AVR-20131216/lib/gcc/avr/4.8.1/../../../../avr/lib/avr6/libm.a(mulsf3x.o)
                                                  /usr/local/CrossPack-AVR-20131216/lib/gcc/avr/4.8.1/../../../../avr/lib/avr6/libm.a(divsf3x.o)
                                                  /usr/local/CrossPack-AVR-20131216/lib/gcc/avr/4.8.1/../../../../avr/lib/avr6/libm.a(addsf3x.o)
__fp_round                                        /usr/local/CrossPack-AVR-20131216/lib/gcc/avr/4.8.1/../../../../avr/lib/avr6/libm.a(fp_round.o)
                                                  /usr/local/CrossPack-AVR-20131216/lib/gcc/avr/4.8.1/../../../../avr/lib/avr6/libm.a(mulsf3.o)
                                                  /usr/local/CrossPack-AVR-20131216/lib/gcc/avr/4.8.1/../../../../avr/lib/avr6/libm.a(divsf3.o)
                                                  /usr/local/CrossPack-AVR-20131216/lib/gcc/avr/4.8.1/../../../../avr/lib/avr6/libm.a(addsf3.o)
__fp_split3                                       /usr/local/CrossPack-AVR-20131216/lib/gcc/avr/4.8.1/../../../../avr/lib/avr6/libm.a(fp_split3.o)
                                                  /usr/local/CrossPack-AVR-20131216/lib/gcc/avr/4.8.1/../../../../avr/lib/avr6/libm.a(mulsf3x.o)
                                                  /usr/local/CrossPack-AVR-20131216/lib/gcc/avr/4.8.1/../../../../avr/lib/avr6/libm.a(divsf3x.o)
                                                  /usr/local/CrossPack-AVR-20131216/lib/gcc/avr/4.8.1/../../../../avr/lib/avr6/libm.a(addsf3x.o)
__fp_splitA                                       /usr/local/CrossPack-AVR-20131216/lib/gcc/avr/4.8.1/../../../../avr/lib/avr6/libm.a(fp_split3.o)
                                                  /usr/local/CrossPack-AVR-20131216/lib/gcc/avr/4.8.1/../../../../avr/lib/avr6/libm.a(fixunssfsi.o)
__fp_szero                                        /usr/local/CrossPack-AVR-20131216/lib/gcc/avr/4.8.1/../../../../avr/lib/avr6/libm.a(fp_zero.o)
                                                  /usr/local/CrossPack-AVR-20131216/lib/gcc/avr/4.8.1/../../../../avr/lib/avr6/libm.a(mulsf3x.o)
                                                  /usr/local/CrossPack-AVR-20131216/lib/gcc/avr/4.8.1/../../../../avr/lib/avr6/libm.a(divsf3x.o)
__fp_zero                                         /usr/local/CrossPack-AVR-20131216/lib/gcc/avr/4.8.1/../../../../avr/lib/avr6/libm.a(fp_zero.o)
                                                  /usr/local/CrossPack-AVR-20131216/lib/gcc/avr/4.8.1/../../../../avr/lib/avr6/libm.a(fixunssfsi.o)
                                                  /usr/local/CrossPack-AVR-20131216/lib/gcc/avr/4.8.1/../../../../avr/lib/avr6/libm.a(addsf3x.o)
__heap_end                                        /usr/local/CrossPack-AVR-20131216/lib/gcc/avr/4.8.1/../../../../avr/lib/avr6/crtm2560.o
                                                  /usr/local/CrossPack-AVR-20131216/lib/gcc/avr/4.8.1/../../../../avr/lib/avr6/libc.a(malloc.o)
__heap_start                                      /usr/local/CrossPack-AVR-20131216/lib/gcc/avr/4.8.1/../../../../avr/lib/avr6/libc.a(malloc.o)
__init                                            /usr/local/CrossPack-AVR-20131216/lib/gcc/avr/4.8.1/../../../../avr/lib/avr6/crtm2560.o
__malloc_heap_end                                 /usr/local/CrossPack-AVR-20131216/lib/gcc/avr/4.8.1/../../../../avr/lib/avr6/libc.a(malloc.o)
__malloc_heap_start                               /usr/local/CrossPack-AVR-20131216/lib/gcc/avr/4.8.1/../../../../avr/lib/avr6/libc.a(malloc.o)
__malloc_margin                                   /usr/local/CrossPack-AVR-20131216/lib/gcc/avr/4.8.1/../../../../avr/lib/avr6/libc.a(malloc.o)
__mulsf3                                          /usr/local/CrossPack-AVR-20131216/lib/gcc/avr/4.8.1/../../../../avr/lib/avr6/libm.a(mulsf3.o)
                                                  Builds/quickblob.o
__mulsf3_pse                                      /usr/local/CrossPack-AVR-20131216/lib/gcc/avr/4.8.1/../../../../avr/lib/avr6/libm.a(mulsf3x.o)
__mulsf3x                                         /usr/local/CrossPack-AVR-20131216/lib/gcc/avr/4.8.1/../../../../avr/lib/avr6/libm.a(mulsf3x.o)
                                                  /usr/local/CrossPack-AVR-20131216/lib/gcc/avr/4.8.1/../../../../avr/lib/avr6/libm.a(mulsf3.o)
__stack                                           /usr/local/CrossPack-AVR-20131216/lib/gcc/avr/4.8.1/../../../../avr/lib/avr6/crtm2560.o
__subsf3                                          /usr/local/CrossPack-AVR-20131216/lib/gcc/avr/4.8.1/../../../../avr/lib/avr6/libm.a(addsf3.o)
__ultoa_invert                                    /usr/local/CrossPack-AVR-20131216/lib/gcc/avr/4.8.1/../../../../avr/lib/avr6/libc.a(ultoa_invert.o)
                                                  /usr/local/CrossPack-AVR-20131216/lib/gcc/avr/4.8.1/../../../../avr/lib/avr6/libc.a(vfprintf_std.o)
__vector_1                                        /usr/local/CrossPack-AVR-20131216/lib/gcc/avr/4.8.1/../../../../avr/lib/avr6/crtm2560.o
__vector_10                                       /usr/local/CrossPack-AVR-20131216/lib/gcc/avr/4.8.1/../../../../avr/lib/avr6/crtm2560.o
__vector_11                                       /usr/local/CrossPack-AVR-20131216/lib/gcc/avr/4.8.1/../../../../avr/lib/avr6/crtm2560.o
__vector_12                                       /usr/local/CrossPack-AVR-20131216/lib/gcc/avr/4.8.1/../../../../avr/lib/avr6/crtm2560.o
__vector_13                                       /usr/local/CrossPack-AVR-20131216/lib/gcc/avr/4.8.1/../../../../avr/lib/avr6/crtm2560.o
__vector_14                                       /usr/local/CrossPack-AVR-20131216/lib/gcc/avr/4.8.1/../../../../avr/lib/avr6/crtm2560.o
__vector_15                                       /usr/local/CrossPack-AVR-20131216/lib/gcc/avr/4.8.1/../../../../avr/lib/avr6/crtm2560.o
__vector_16                                       /usr/local/CrossPack-AVR-20131216/lib/gcc/avr/4.8.1/../../../../avr/lib/avr6/crtm2560.o
__vector_17                                       /usr/local/CrossPack-AVR-20131216/lib/gcc/avr/4.8.1/../../../../avr/lib/avr6/crtm2560.o
__vector_18                                       /usr/local/CrossPack-AVR-20131216/lib/gcc/avr/4.8.1/../../../../avr/lib/avr6/crtm2560.o
__vector_19                                       /usr/local/CrossPack-AVR-20131216/lib/gcc/avr/4.8.1/../../../../avr/lib/avr6/crtm2560.o
__vector_2                                        /usr/local/CrossPack-AVR-20131216/lib/gcc/avr/4.8.1/../../../../avr/lib/avr6/crtm2560.o
__vector_20                                       /usr/local/CrossPack-AVR-20131216/lib/gcc/avr/4.8.1/../../../../avr/lib/avr6/crtm2560.o
__vector_21                                       Builds/Display.o
                                                  /usr/local/CrossPack-AVR-20131216/lib/gcc/avr/4.8.1/../../../../avr/lib/avr6/crtm2560.o
__vector_22                                       /usr/local/CrossPack-AVR-20131216/lib/gcc/avr/4.8.1/../../../../avr/lib/avr6/crtm2560.o
__vector_23                                       /usr/local/CrossPack-AVR-20131216/lib/gcc/avr/4.8.1/../../../../avr/lib/avr6/crtm2560.o
__vector_24                                       /usr/local/CrossPack-AVR-20131216/lib/gcc/avr/4.8.1/../../../../avr/lib/avr6/crtm2560.o
__vector_25                                       /usr/local/CrossPack-AVR-20131216/lib/gcc/avr/4.8.1/../../../../avr/lib/avr6/crtm2560.o
__vector_26                                       /usr/local/CrossPack-AVR-20131216/lib/gcc/avr/4.8.1/../../../../avr/lib/avr6/crtm2560.o
__vector_27                                       /usr/local/CrossPack-AVR-20131216/lib/gcc/avr/4.8.1/../../../../avr/lib/avr6/crtm2560.o
__vector_28                                       /usr/local/CrossPack-AVR-20131216/lib/gcc/avr/4.8.1/../../../../avr/lib/avr6/crtm2560.o
__vector_29                                       /usr/local/CrossPack-AVR-20131216/lib/gcc/avr/4.8.1/../../../../avr/lib/avr6/crtm2560.o
__vector_3                                        /usr/local/CrossPack-AVR-20131216/lib/gcc/avr/4.8.1/../../../../avr/lib/avr6/crtm2560.o
__vector_30                                       /usr/local/CrossPack-AVR-20131216/lib/gcc/avr/4.8.1/../../../../avr/lib/avr6/crtm2560.o
__vector_31                                       /usr/local/CrossPack-AVR-20131216/lib/gcc/avr/4.8.1/../../../../avr/lib/avr6/crtm2560.o
__vector_32                                       /usr/local/CrossPack-AVR-20131216/lib/gcc/avr/4.8.1/../../../../avr/lib/avr6/crtm2560.o
__vector_33                                       /usr/local/CrossPack-AVR-20131216/lib/gcc/avr/4.8.1/../../../../avr/lib/avr6/crtm2560.o
__vector_34                                       /usr/local/CrossPack-AVR-20131216/lib/gcc/avr/4.8.1/../../../../avr/lib/avr6/crtm2560.o
__vector_35                                       /usr/local/CrossPack-AVR-20131216/lib/gcc/avr/4.8.1/../../../../avr/lib/avr6/crtm2560.o
__vector_36                                       /usr/local/CrossPack-AVR-20131216/lib/gcc/avr/4.8.1/../../../../avr/lib/avr6/crtm2560.o
__vector_37                                       /usr/local/CrossPack-AVR-20131216/lib/gcc/avr/4.8.1/../../../../avr/lib/avr6/crtm2560.o
__vector_38                                       /usr/local/CrossPack-AVR-20131216/lib/gcc/avr/4.8.1/../../../../avr/lib/avr6/crtm2560.o
__vector_39                                       /usr/local/CrossPack-AVR-20131216/lib/gcc/avr/4.8.1/../../../../avr/lib/avr6/crtm2560.o
__vector_4                                        /usr/local/CrossPack-AVR-20131216/lib/gcc/avr/4.8.1/../../../../avr/lib/avr6/crtm2560.o
__vector_40                                       /usr/local/CrossPack-AVR-20131216/lib/gcc/avr/4.8.1/../../../../avr/lib/avr6/crtm2560.o
__vector_41                                       /usr/local/CrossPack-AVR-20131216/lib/gcc/avr/4.8.1/../../../../avr/lib/avr6/crtm2560.o
__vector_42                                       /usr/local/CrossPack-AVR-20131216/lib/gcc/avr/4.8.1/../../../../avr/lib/avr6/crtm2560.o
__vector_43                                       /usr/local/CrossPack-AVR-20131216/lib/gcc/avr/4.8.1/../../../../avr/lib/avr6/crtm2560.o
__vector_44                                       /usr/local/CrossPack-AVR-20131216/lib/gcc/avr/4.8.1/../../../../avr/lib/avr6/crtm2560.o
__vector_45                                       /usr/local/CrossPack-AVR-20131216/lib/gcc/avr/4.8.1/../../../../avr/lib/avr6/crtm2560.o
__vector_46                                       /usr/local/CrossPack-AVR-20131216/lib/gcc/avr/4.8.1/../../../../avr/lib/avr6/crtm2560.o
__vector_47                                       /usr/local/CrossPack-AVR-20131216/lib/gcc/avr/4.8.1/../../../../avr/lib/avr6/crtm2560.o
__vector_48                                       /usr/local/CrossPack-AVR-20131216/lib/gcc/avr/4.8.1/../../../../avr/lib/avr6/crtm2560.o
__vector_49                                       /usr/local/CrossPack-AVR-20131216/lib/gcc/avr/4.8.1/../../../../avr/lib/avr6/crtm2560.o
__vector_5                                        /usr/local/CrossPack-AVR-20131216/lib/gcc/avr/4.8.1/../../../../avr/lib/avr6/crtm2560.o
__vector_50                                       /usr/local/CrossPack-AVR-20131216/lib/gcc/avr/4.8.1/../../../../avr/lib/avr6/crtm2560.o
__vector_51                                       /usr/local/CrossPack-AVR-20131216/lib/gcc/avr/4.8.1/../../../../avr/lib/avr6/crtm2560.o
__vector_52                                       /usr/local/CrossPack-AVR-20131216/lib/gcc/avr/4.8.1/../../../../avr/lib/avr6/crtm2560.o
__vector_53                                       /usr/local/CrossPack-AVR-20131216/lib/gcc/avr/4.8.1/../../../../avr/lib/avr6/crtm2560.o
__vector_54                                       /usr/local/CrossPack-AVR-20131216/lib/gcc/avr/4.8.1/../../../../avr/lib/avr6/crtm2560.o
__vector_55                                       /usr/local/CrossPack-AVR-20131216/lib/gcc/avr/4.8.1/../../../../avr/lib/avr6/crtm2560.o
__vector_56                                       /usr/local/CrossPack-AVR-20131216/lib/gcc/avr/4.8.1/../../../../avr/lib/avr6/crtm2560.o
__vector_6                                        /usr/local/CrossPack-AVR-20131216/lib/gcc/avr/4.8.1/../../../../avr/lib/avr6/crtm2560.o
__vector_7                                        /usr/local/CrossPack-AVR-20131216/lib/gcc/avr/4.8.1/../../../../avr/lib/avr6/crtm2560.o
__vector_8                                        /usr/local/CrossPack-AVR-20131216/lib/gcc/avr/4.8.1/../../../../avr/lib/avr6/crtm2560.o
__vector_9                                        /usr/local/CrossPack-AVR-20131216/lib/gcc/avr/4.8.1/../../../../avr/lib/avr6/crtm2560.o
__vector_default                                  /usr/local/CrossPack-AVR-20131216/lib/gcc/avr/4.8.1/../../../../avr/lib/avr6/crtm2560.o
__vectors                                         /usr/local/CrossPack-AVR-20131216/lib/gcc/avr/4.8.1/../../../../avr/lib/avr6/crtm2560.o
_display                                          Builds/main.o
                                                  Builds/Display.o
_exit                                             /usr/local/CrossPack-AVR-20131216/lib/gcc/avr/4.8.1/avr6/libgcc.a(_exit.o)
_sensors                                          Builds/main.o
adc_init                                          Builds/Sensors.o
c_0                                               Builds/Display.o
c_1                                               Builds/Display.o
c_2                                               Builds/Display.o
c_3                                               Builds/Display.o
c_4                                               Builds/Display.o
c_5                                               Builds/Display.o
c_6                                               Builds/Display.o
c_7                                               Builds/Display.o
c_8                                               Builds/Display.o
c_9                                               Builds/Display.o
c_A                                               Builds/Display.o
c_B                                               Builds/Display.o
c_C                                               Builds/Display.o
c_D                                               Builds/Display.o
c_E                                               Builds/Display.o
c_F                                               Builds/Display.o
c_G                                               Builds/Display.o
c_H                                               Builds/Display.o
c_I                                               Builds/Display.o
c_J                                               Builds/Display.o
c_K                                               Builds/Display.o
c_L                                               Builds/Display.o
c_M                                               Builds/Display.o
c_N                                               Builds/Display.o
c_NULL                                            Builds/Display.o
c_O                                               Builds/Display.o
c_P                                               Builds/Display.o
c_Q                                               Builds/Display.o
c_R                                               Builds/Display.o
c_S                                               Builds/Display.o
c_T                                               Builds/Display.o
c_U                                               Builds/Display.o
c_V                                               Builds/Display.o
c_W                                               Builds/Display.o
c_X                                               Builds/Display.o
c_Y                                               Builds/Display.o
c_Z                                               Builds/Display.o
call                                              Builds/main.o
                                                  Builds/Sensors.o
canID                                             Builds/main.o
can_get_message                                   Builds/MCP2515.o
                                                  Builds/main.o
can_send_message                                  Builds/MCP2515.o
                                                  Builds/main.o
checkErrors                                       Builds/main.o
close_pixel_stream_hook                           Builds/Sensors.o
                                                  Builds/quickblob.o
computeGeometry                                   Builds/main.o
display_addPixel                                  Builds/Display.o
display_clearZoneDraw                             Builds/Display.o
                                                  Builds/main.o
display_clearZoneText                             Builds/Display.o
                                                  Builds/main.o
display_drawCircle                                Builds/Display.o
display_drawLine                                  Builds/Display.o
display_fillZone                                  Builds/Display.o
                                                  Builds/main.o
                                                  Builds/Sensors.o
display_init                                      Builds/Display.o
                                                  Builds/main.o
display_setFillColor                              Builds/Display.o
                                                  Builds/main.o
                                                  Builds/Sensors.o
display_setFontColor                              Builds/Display.o
display_setPixel                                  Builds/Display.o
display_translate                                 Builds/Display.o
display_write                                     Builds/Display.o
                                                  Builds/main.o
display_writeImage                                Builds/Display.o
errorCode                                         Builds/main.o
exit                                              /usr/local/CrossPack-AVR-20131216/lib/gcc/avr/4.8.1/avr6/libgcc.a(_exit.o)
                                                  /usr/local/CrossPack-AVR-20131216/lib/gcc/avr/4.8.1/../../../../avr/lib/avr6/crtm2560.o
extract_image                                     Builds/quickblob.o
                                                  Builds/Sensors.o
fputc                                             /usr/local/CrossPack-AVR-20131216/lib/gcc/avr/4.8.1/../../../../avr/lib/avr6/libc.a(fputc.o)
                                                  /usr/local/CrossPack-AVR-20131216/lib/gcc/avr/4.8.1/../../../../avr/lib/avr6/libc.a(vfprintf_std.o)
free                                              /usr/local/CrossPack-AVR-20131216/lib/gcc/avr/4.8.1/../../../../avr/lib/avr6/libc.a(malloc.o)
                                                  Builds/quickblob.o
getCharHeight                                     Builds/Display.o
getCharWidth                                      Builds/Display.o
get_mcusr                                         Builds/main.o
initDip                                           Builds/main.o
init_pixel_stream_hook                            Builds/Sensors.o
                                                  Builds/quickblob.o
log_blob_hook                                     Builds/Sensors.o
                                                  Builds/quickblob.o
main                                              Builds/main.o
                                                  /usr/local/CrossPack-AVR-20131216/lib/gcc/avr/4.8.1/../../../../avr/lib/avr6/crtm2560.o
malloc                                            /usr/local/CrossPack-AVR-20131216/lib/gcc/avr/4.8.1/../../../../avr/lib/avr6/libc.a(malloc.o)
                                                  Builds/quickblob.o
mcp2515_bit_modify                                Builds/MCP2515.o
mcp2515_init                                      Builds/MCP2515.o
                                                  Builds/main.o
mcp2515_read_register                             Builds/MCP2515.o
mcp2515_read_rx_status                            Builds/MCP2515.o
mcp2515_write_register                            Builds/MCP2515.o
mcusr_mirror                                      Builds/main.o
next_frame_hook                                   Builds/Sensors.o
                                                  Builds/quickblob.o
next_row_hook                                     Builds/Sensors.o
                                                  Builds/quickblob.o
offX                                              Builds/main.o
offY                                              Builds/main.o
readCanID                                         Builds/main.o
readFrame                                         Builds/Sensors.o
readRow                                           Builds/Sensors.o
                                                  Builds/main.o
sendState                                         Builds/main.o
sensors_calibration                               Builds/Sensors.o
sensors_init                                      Builds/Sensors.o
                                                  Builds/main.o
sensors_resetCalibration                          Builds/Sensors.o
sep                                               Builds/main.o
serviceCall                                       Builds/main.o
                                                  Builds/Sensors.o
sprintf                                           /usr/local/CrossPack-AVR-20131216/lib/gcc/avr/4.8.1/../../../../avr/lib/avr6/libc.a(sprintf.o)
                                                  Builds/main.o
strcpy                                            /usr/local/CrossPack-AVR-20131216/lib/gcc/avr/4.8.1/../../../../avr/lib/avr6/libc.a(strcpy.o)
                                                  Builds/main.o
strnlen                                           /usr/local/CrossPack-AVR-20131216/lib/gcc/avr/4.8.1/../../../../avr/lib/avr6/libc.a(strnlen.o)
                                                  /usr/local/CrossPack-AVR-20131216/lib/gcc/avr/4.8.1/../../../../avr/lib/avr6/libc.a(vfprintf_std.o)
strnlen_P                                         /usr/local/CrossPack-AVR-20131216/lib/gcc/avr/4.8.1/../../../../avr/lib/avr6/libc.a(strnlen_P.o)
                                                  /usr/local/CrossPack-AVR-20131216/lib/gcc/avr/4.8.1/../../../../avr/lib/avr6/libc.a(vfprintf_std.o)
text                                              Builds/main.o
textX                                             Builds/main.o
textY                                             Builds/main.o
update                                            Builds/Display.o
updateScreen                                      Builds/main.o
vfprintf                                          /usr/local/CrossPack-AVR-20131216/lib/gcc/avr/4.8.1/../../../../avr/lib/avr6/libc.a(vfprintf_std.o)
                                                  /usr/local/CrossPack-AVR-20131216/lib/gcc/avr/4.8.1/../../../../avr/lib/avr6/libc.a(sprintf.o)
