   1               		.file	"main.c"
   2               	__SP_H__ = 0x3e
   3               	__SP_L__ = 0x3d
   4               	__SREG__ = 0x3f
   5               	__RAMPZ__ = 0x3b
   6               	__tmp_reg__ = 0
   7               	__zero_reg__ = 1
   9               		.text
  10               	.Ltext0:
 138               	.global	AnimCircle
 140               	AnimCircle:
   1:/Users/manueldeneu/Documents/projets/dev/Monu100/MicroController/MicMonu100/MicMonu100/main.c **** 
   2:/Users/manueldeneu/Documents/projets/dev/Monu100/MicroController/MicMonu100/MicMonu100/main.c **** #include <stdlib.h> 
   3:/Users/manueldeneu/Documents/projets/dev/Monu100/MicroController/MicMonu100/MicMonu100/main.c **** #include <stdio.h>
   4:/Users/manueldeneu/Documents/projets/dev/Monu100/MicroController/MicMonu100/MicMonu100/main.c **** 
   5:/Users/manueldeneu/Documents/projets/dev/Monu100/MicroController/MicMonu100/MicMonu100/main.c **** #include <avr/io.h>
   6:/Users/manueldeneu/Documents/projets/dev/Monu100/MicroController/MicMonu100/MicMonu100/main.c **** 
   7:/Users/manueldeneu/Documents/projets/dev/Monu100/MicroController/MicMonu100/MicMonu100/main.c **** #define __PROG_TYPES_COMPAT__
   8:/Users/manueldeneu/Documents/projets/dev/Monu100/MicroController/MicMonu100/MicMonu100/main.c **** #include <avr/pgmspace.h>
   9:/Users/manueldeneu/Documents/projets/dev/Monu100/MicroController/MicMonu100/MicMonu100/main.c **** #include <avr/interrupt.h>
  10:/Users/manueldeneu/Documents/projets/dev/Monu100/MicroController/MicMonu100/MicMonu100/main.c **** #include <util/delay.h>
  11:/Users/manueldeneu/Documents/projets/dev/Monu100/MicroController/MicMonu100/MicMonu100/main.c **** #include <math.h>
  12:/Users/manueldeneu/Documents/projets/dev/Monu100/MicroController/MicMonu100/MicMonu100/main.c **** 
  13:/Users/manueldeneu/Documents/projets/dev/Monu100/MicroController/MicMonu100/MicMonu100/main.c **** #include "PinsConfig.h"
  14:/Users/manueldeneu/Documents/projets/dev/Monu100/MicroController/MicMonu100/MicMonu100/main.c **** 
  15:/Users/manueldeneu/Documents/projets/dev/Monu100/MicroController/MicMonu100/MicMonu100/main.c **** #include "Sensors.h"
  16:/Users/manueldeneu/Documents/projets/dev/Monu100/MicroController/MicMonu100/MicMonu100/main.c **** 
  17:/Users/manueldeneu/Documents/projets/dev/Monu100/MicroController/MicMonu100/MicMonu100/main.c **** #include "Display.h"
  18:/Users/manueldeneu/Documents/projets/dev/Monu100/MicroController/MicMonu100/MicMonu100/main.c **** //#include "Chars.h"
  19:/Users/manueldeneu/Documents/projets/dev/Monu100/MicroController/MicMonu100/MicMonu100/main.c **** #include "Coms.h"
  20:/Users/manueldeneu/Documents/projets/dev/Monu100/MicroController/MicMonu100/MicMonu100/main.c **** 
  21:/Users/manueldeneu/Documents/projets/dev/Monu100/MicroController/MicMonu100/MicMonu100/main.c **** 
  22:/Users/manueldeneu/Documents/projets/dev/Monu100/MicroController/MicMonu100/MicMonu100/main.c **** Display _display;
  23:/Users/manueldeneu/Documents/projets/dev/Monu100/MicroController/MicMonu100/MicMonu100/main.c **** Sensors _sensors;
  24:/Users/manueldeneu/Documents/projets/dev/Monu100/MicroController/MicMonu100/MicMonu100/main.c **** 
  25:/Users/manueldeneu/Documents/projets/dev/Monu100/MicroController/MicMonu100/MicMonu100/main.c **** /* **** **** **** **** **** **** **** **** **** **** **** **** **** **** */
  26:/Users/manueldeneu/Documents/projets/dev/Monu100/MicroController/MicMonu100/MicMonu100/main.c **** /*
  27:/Users/manueldeneu/Documents/projets/dev/Monu100/MicroController/MicMonu100/MicMonu100/main.c ****  
  28:/Users/manueldeneu/Documents/projets/dev/Monu100/MicroController/MicMonu100/MicMonu100/main.c ****  TODO : 
  29:/Users/manueldeneu/Documents/projets/dev/Monu100/MicroController/MicMonu100/MicMonu100/main.c ****   - defilement vertical
  30:/Users/manueldeneu/Documents/projets/dev/Monu100/MicroController/MicMonu100/MicMonu100/main.c ****   - 2 tailles  : 1/2 plaque + plaque entiere
  31:/Users/manueldeneu/Documents/projets/dev/Monu100/MicroController/MicMonu100/MicMonu100/main.c ****   - trace avec LUMIERE qui se décalle dans le même sens que la typo + temps de vie avec fade out
  32:/Users/manueldeneu/Documents/projets/dev/Monu100/MicroController/MicMonu100/MicMonu100/main.c ****   - colision avec les OMBRES
  33:/Users/manueldeneu/Documents/projets/dev/Monu100/MicroController/MicMonu100/MicMonu100/main.c **** 
  34:/Users/manueldeneu/Documents/projets/dev/Monu100/MicroController/MicMonu100/MicMonu100/main.c ****  */
  35:/Users/manueldeneu/Documents/projets/dev/Monu100/MicroController/MicMonu100/MicMonu100/main.c **** /* **** **** **** **** **** **** **** **** **** **** **** **** **** **** */
  36:/Users/manueldeneu/Documents/projets/dev/Monu100/MicroController/MicMonu100/MicMonu100/main.c **** 
  37:/Users/manueldeneu/Documents/projets/dev/Monu100/MicroController/MicMonu100/MicMonu100/main.c **** void AnimCircle(void)
  38:/Users/manueldeneu/Documents/projets/dev/Monu100/MicroController/MicMonu100/MicMonu100/main.c **** {
 142               	.LM0:
 143               	.LFBB1:
 144               	/* prologue: function */
 145               	/* frame size = 0 */
 146               	/* stack size = 0 */
 147               	.L__stack_usage = 0
  39:/Users/manueldeneu/Documents/projets/dev/Monu100/MicroController/MicMonu100/MicMonu100/main.c ****     uint8_t r = 0;
  40:/Users/manueldeneu/Documents/projets/dev/Monu100/MicroController/MicMonu100/MicMonu100/main.c ****     int dir = 1;
 149               	.LM1:
 150 0000 C1E0      		ldi r28,lo8(1)
 151 0002 D0E0      		ldi r29,0
  39:/Users/manueldeneu/Documents/projets/dev/Monu100/MicroController/MicMonu100/MicMonu100/main.c ****     uint8_t r = 0;
 153               	.LM2:
 154 0004 10E0      		ldi r17,0
 155               	.L2:
  41:/Users/manueldeneu/Documents/projets/dev/Monu100/MicroController/MicMonu100/MicMonu100/main.c ****     while (1)
  42:/Users/manueldeneu/Documents/projets/dev/Monu100/MicroController/MicMonu100/MicMonu100/main.c ****     {
  43:/Users/manueldeneu/Documents/projets/dev/Monu100/MicroController/MicMonu100/MicMonu100/main.c ****         display_drawCircle( &_display, 15, 15, r);
 157               	.LM3:
 158 0006 212F      		mov r18,r17
 159 0008 4FE0      		ldi r20,lo8(15)
 160 000a 6FE0      		ldi r22,lo8(15)
 161 000c 80E0      		ldi r24,lo8(_display)
 162 000e 90E0      		ldi r25,hi8(_display)
 163 0010 0E94 0000 		call display_drawCircle
 164               	.LBB8:
 165               	.LBB9:
 167               	.Ltext1:
   1:/usr/local/CrossPack-AVR-20131216/avr/include/util/delay.h **** /* Copyright (c) 2002, Marek Michalkiewicz
   2:/usr/local/CrossPack-AVR-20131216/avr/include/util/delay.h ****    Copyright (c) 2004,2005,2007 Joerg Wunsch
   3:/usr/local/CrossPack-AVR-20131216/avr/include/util/delay.h ****    Copyright (c) 2007  Florin-Viorel Petrov
   4:/usr/local/CrossPack-AVR-20131216/avr/include/util/delay.h ****    All rights reserved.
   5:/usr/local/CrossPack-AVR-20131216/avr/include/util/delay.h **** 
   6:/usr/local/CrossPack-AVR-20131216/avr/include/util/delay.h ****    Redistribution and use in source and binary forms, with or without
   7:/usr/local/CrossPack-AVR-20131216/avr/include/util/delay.h ****    modification, are permitted provided that the following conditions are met:
   8:/usr/local/CrossPack-AVR-20131216/avr/include/util/delay.h **** 
   9:/usr/local/CrossPack-AVR-20131216/avr/include/util/delay.h ****    * Redistributions of source code must retain the above copyright
  10:/usr/local/CrossPack-AVR-20131216/avr/include/util/delay.h ****      notice, this list of conditions and the following disclaimer.
  11:/usr/local/CrossPack-AVR-20131216/avr/include/util/delay.h **** 
  12:/usr/local/CrossPack-AVR-20131216/avr/include/util/delay.h ****    * Redistributions in binary form must reproduce the above copyright
  13:/usr/local/CrossPack-AVR-20131216/avr/include/util/delay.h ****      notice, this list of conditions and the following disclaimer in
  14:/usr/local/CrossPack-AVR-20131216/avr/include/util/delay.h ****      the documentation and/or other materials provided with the
  15:/usr/local/CrossPack-AVR-20131216/avr/include/util/delay.h ****      distribution.
  16:/usr/local/CrossPack-AVR-20131216/avr/include/util/delay.h **** 
  17:/usr/local/CrossPack-AVR-20131216/avr/include/util/delay.h ****    * Neither the name of the copyright holders nor the names of
  18:/usr/local/CrossPack-AVR-20131216/avr/include/util/delay.h ****      contributors may be used to endorse or promote products derived
  19:/usr/local/CrossPack-AVR-20131216/avr/include/util/delay.h ****      from this software without specific prior written permission.
  20:/usr/local/CrossPack-AVR-20131216/avr/include/util/delay.h **** 
  21:/usr/local/CrossPack-AVR-20131216/avr/include/util/delay.h ****   THIS SOFTWARE IS PROVIDED BY THE COPYRIGHT HOLDERS AND CONTRIBUTORS "AS IS"
  22:/usr/local/CrossPack-AVR-20131216/avr/include/util/delay.h ****   AND ANY EXPRESS OR IMPLIED WARRANTIES, INCLUDING, BUT NOT LIMITED TO, THE
  23:/usr/local/CrossPack-AVR-20131216/avr/include/util/delay.h ****   IMPLIED WARRANTIES OF MERCHANTABILITY AND FITNESS FOR A PARTICULAR PURPOSE
  24:/usr/local/CrossPack-AVR-20131216/avr/include/util/delay.h ****   ARE DISCLAIMED. IN NO EVENT SHALL THE COPYRIGHT OWNER OR CONTRIBUTORS BE
  25:/usr/local/CrossPack-AVR-20131216/avr/include/util/delay.h ****   LIABLE FOR ANY DIRECT, INDIRECT, INCIDENTAL, SPECIAL, EXEMPLARY, OR
  26:/usr/local/CrossPack-AVR-20131216/avr/include/util/delay.h ****   CONSEQUENTIAL DAMAGES (INCLUDING, BUT NOT LIMITED TO, PROCUREMENT OF
  27:/usr/local/CrossPack-AVR-20131216/avr/include/util/delay.h ****   SUBSTITUTE GOODS OR SERVICES; LOSS OF USE, DATA, OR PROFITS; OR BUSINESS
  28:/usr/local/CrossPack-AVR-20131216/avr/include/util/delay.h ****   INTERRUPTION) HOWEVER CAUSED AND ON ANY THEORY OF LIABILITY, WHETHER IN
  29:/usr/local/CrossPack-AVR-20131216/avr/include/util/delay.h ****   CONTRACT, STRICT LIABILITY, OR TORT (INCLUDING NEGLIGENCE OR OTHERWISE)
  30:/usr/local/CrossPack-AVR-20131216/avr/include/util/delay.h ****   ARISING IN ANY WAY OUT OF THE USE OF THIS SOFTWARE, EVEN IF ADVISED OF THE
  31:/usr/local/CrossPack-AVR-20131216/avr/include/util/delay.h ****   POSSIBILITY OF SUCH DAMAGE. */
  32:/usr/local/CrossPack-AVR-20131216/avr/include/util/delay.h **** 
  33:/usr/local/CrossPack-AVR-20131216/avr/include/util/delay.h **** /* $Id$ */
  34:/usr/local/CrossPack-AVR-20131216/avr/include/util/delay.h **** 
  35:/usr/local/CrossPack-AVR-20131216/avr/include/util/delay.h **** #ifndef _UTIL_DELAY_H_
  36:/usr/local/CrossPack-AVR-20131216/avr/include/util/delay.h **** #define _UTIL_DELAY_H_ 1
  37:/usr/local/CrossPack-AVR-20131216/avr/include/util/delay.h **** 
  38:/usr/local/CrossPack-AVR-20131216/avr/include/util/delay.h **** #ifndef __HAS_DELAY_CYCLES
  39:/usr/local/CrossPack-AVR-20131216/avr/include/util/delay.h **** #define __HAS_DELAY_CYCLES 1
  40:/usr/local/CrossPack-AVR-20131216/avr/include/util/delay.h **** #endif
  41:/usr/local/CrossPack-AVR-20131216/avr/include/util/delay.h **** 
  42:/usr/local/CrossPack-AVR-20131216/avr/include/util/delay.h **** #include <inttypes.h>
  43:/usr/local/CrossPack-AVR-20131216/avr/include/util/delay.h **** #include <util/delay_basic.h>
  44:/usr/local/CrossPack-AVR-20131216/avr/include/util/delay.h **** #include <math.h>
  45:/usr/local/CrossPack-AVR-20131216/avr/include/util/delay.h **** 
  46:/usr/local/CrossPack-AVR-20131216/avr/include/util/delay.h **** /** \file */
  47:/usr/local/CrossPack-AVR-20131216/avr/include/util/delay.h **** /** \defgroup util_delay <util/delay.h>: Convenience functions for busy-wait delay loops
  48:/usr/local/CrossPack-AVR-20131216/avr/include/util/delay.h ****     \code
  49:/usr/local/CrossPack-AVR-20131216/avr/include/util/delay.h ****     #define F_CPU 1000000UL  // 1 MHz
  50:/usr/local/CrossPack-AVR-20131216/avr/include/util/delay.h ****     //#define F_CPU 14.7456E6
  51:/usr/local/CrossPack-AVR-20131216/avr/include/util/delay.h ****     #include <util/delay.h>
  52:/usr/local/CrossPack-AVR-20131216/avr/include/util/delay.h ****     \endcode
  53:/usr/local/CrossPack-AVR-20131216/avr/include/util/delay.h **** 
  54:/usr/local/CrossPack-AVR-20131216/avr/include/util/delay.h ****     \note As an alternative method, it is possible to pass the
  55:/usr/local/CrossPack-AVR-20131216/avr/include/util/delay.h ****     F_CPU macro down to the compiler from the Makefile.
  56:/usr/local/CrossPack-AVR-20131216/avr/include/util/delay.h ****     Obviously, in that case, no \c \#define statement should be
  57:/usr/local/CrossPack-AVR-20131216/avr/include/util/delay.h ****     used.
  58:/usr/local/CrossPack-AVR-20131216/avr/include/util/delay.h **** 
  59:/usr/local/CrossPack-AVR-20131216/avr/include/util/delay.h ****     The functions in this header file are wrappers around the basic
  60:/usr/local/CrossPack-AVR-20131216/avr/include/util/delay.h ****     busy-wait functions from <util/delay_basic.h>.  They are meant as
  61:/usr/local/CrossPack-AVR-20131216/avr/include/util/delay.h ****     convenience functions where actual time values can be specified
  62:/usr/local/CrossPack-AVR-20131216/avr/include/util/delay.h ****     rather than a number of cycles to wait for.  The idea behind is
  63:/usr/local/CrossPack-AVR-20131216/avr/include/util/delay.h ****     that compile-time constant expressions will be eliminated by
  64:/usr/local/CrossPack-AVR-20131216/avr/include/util/delay.h ****     compiler optimization so floating-point expressions can be used
  65:/usr/local/CrossPack-AVR-20131216/avr/include/util/delay.h ****     to calculate the number of delay cycles needed based on the CPU
  66:/usr/local/CrossPack-AVR-20131216/avr/include/util/delay.h ****     frequency passed by the macro F_CPU.
  67:/usr/local/CrossPack-AVR-20131216/avr/include/util/delay.h **** 
  68:/usr/local/CrossPack-AVR-20131216/avr/include/util/delay.h ****     \note In order for these functions to work as intended, compiler
  69:/usr/local/CrossPack-AVR-20131216/avr/include/util/delay.h ****     optimizations <em>must</em> be enabled, and the delay time
  70:/usr/local/CrossPack-AVR-20131216/avr/include/util/delay.h ****     <em>must</em> be an expression that is a known constant at
  71:/usr/local/CrossPack-AVR-20131216/avr/include/util/delay.h ****     compile-time.  If these requirements are not met, the resulting
  72:/usr/local/CrossPack-AVR-20131216/avr/include/util/delay.h ****     delay will be much longer (and basically unpredictable), and
  73:/usr/local/CrossPack-AVR-20131216/avr/include/util/delay.h ****     applications that otherwise do not use floating-point calculations
  74:/usr/local/CrossPack-AVR-20131216/avr/include/util/delay.h ****     will experience severe code bloat by the floating-point library
  75:/usr/local/CrossPack-AVR-20131216/avr/include/util/delay.h ****     routines linked into the application.
  76:/usr/local/CrossPack-AVR-20131216/avr/include/util/delay.h **** 
  77:/usr/local/CrossPack-AVR-20131216/avr/include/util/delay.h ****     The functions available allow the specification of microsecond, and
  78:/usr/local/CrossPack-AVR-20131216/avr/include/util/delay.h ****     millisecond delays directly, using the application-supplied macro
  79:/usr/local/CrossPack-AVR-20131216/avr/include/util/delay.h ****     F_CPU as the CPU clock frequency (in Hertz).
  80:/usr/local/CrossPack-AVR-20131216/avr/include/util/delay.h **** 
  81:/usr/local/CrossPack-AVR-20131216/avr/include/util/delay.h **** */
  82:/usr/local/CrossPack-AVR-20131216/avr/include/util/delay.h **** 
  83:/usr/local/CrossPack-AVR-20131216/avr/include/util/delay.h **** #if !defined(__DOXYGEN__)
  84:/usr/local/CrossPack-AVR-20131216/avr/include/util/delay.h **** static inline void _delay_us(double __us) __attribute__((always_inline));
  85:/usr/local/CrossPack-AVR-20131216/avr/include/util/delay.h **** static inline void _delay_ms(double __ms) __attribute__((always_inline));
  86:/usr/local/CrossPack-AVR-20131216/avr/include/util/delay.h **** #endif
  87:/usr/local/CrossPack-AVR-20131216/avr/include/util/delay.h **** 
  88:/usr/local/CrossPack-AVR-20131216/avr/include/util/delay.h **** #ifndef F_CPU
  89:/usr/local/CrossPack-AVR-20131216/avr/include/util/delay.h **** /* prevent compiler error by supplying a default */
  90:/usr/local/CrossPack-AVR-20131216/avr/include/util/delay.h **** # warning "F_CPU not defined for <util/delay.h>"
  91:/usr/local/CrossPack-AVR-20131216/avr/include/util/delay.h **** # define F_CPU 1000000UL
  92:/usr/local/CrossPack-AVR-20131216/avr/include/util/delay.h **** #endif
  93:/usr/local/CrossPack-AVR-20131216/avr/include/util/delay.h **** 
  94:/usr/local/CrossPack-AVR-20131216/avr/include/util/delay.h **** #ifndef __OPTIMIZE__
  95:/usr/local/CrossPack-AVR-20131216/avr/include/util/delay.h **** # warning "Compiler optimizations disabled; functions from <util/delay.h> won't work as designed"
  96:/usr/local/CrossPack-AVR-20131216/avr/include/util/delay.h **** #endif
  97:/usr/local/CrossPack-AVR-20131216/avr/include/util/delay.h **** 
  98:/usr/local/CrossPack-AVR-20131216/avr/include/util/delay.h **** #if __HAS_DELAY_CYCLES && defined(__OPTIMIZE__) && \
  99:/usr/local/CrossPack-AVR-20131216/avr/include/util/delay.h ****   !defined(__DELAY_BACKWARD_COMPATIBLE__) &&	   \
 100:/usr/local/CrossPack-AVR-20131216/avr/include/util/delay.h ****   __STDC_HOSTED__
 101:/usr/local/CrossPack-AVR-20131216/avr/include/util/delay.h **** #  include <math.h>
 102:/usr/local/CrossPack-AVR-20131216/avr/include/util/delay.h **** #endif
 103:/usr/local/CrossPack-AVR-20131216/avr/include/util/delay.h **** 
 104:/usr/local/CrossPack-AVR-20131216/avr/include/util/delay.h **** /**
 105:/usr/local/CrossPack-AVR-20131216/avr/include/util/delay.h ****    \ingroup util_delay
 106:/usr/local/CrossPack-AVR-20131216/avr/include/util/delay.h **** 
 107:/usr/local/CrossPack-AVR-20131216/avr/include/util/delay.h ****    Perform a delay of \c __ms milliseconds, using _delay_loop_2().
 108:/usr/local/CrossPack-AVR-20131216/avr/include/util/delay.h **** 
 109:/usr/local/CrossPack-AVR-20131216/avr/include/util/delay.h ****    The macro F_CPU is supposed to be defined to a
 110:/usr/local/CrossPack-AVR-20131216/avr/include/util/delay.h ****    constant defining the CPU clock frequency (in Hertz).
 111:/usr/local/CrossPack-AVR-20131216/avr/include/util/delay.h **** 
 112:/usr/local/CrossPack-AVR-20131216/avr/include/util/delay.h ****    The maximal possible delay is 262.14 ms / F_CPU in MHz.
 113:/usr/local/CrossPack-AVR-20131216/avr/include/util/delay.h **** 
 114:/usr/local/CrossPack-AVR-20131216/avr/include/util/delay.h ****    When the user request delay which exceed the maximum possible one,
 115:/usr/local/CrossPack-AVR-20131216/avr/include/util/delay.h ****    _delay_ms() provides a decreased resolution functionality. In this
 116:/usr/local/CrossPack-AVR-20131216/avr/include/util/delay.h ****    mode _delay_ms() will work with a resolution of 1/10 ms, providing
 117:/usr/local/CrossPack-AVR-20131216/avr/include/util/delay.h ****    delays up to 6.5535 seconds (independent from CPU frequency).  The
 118:/usr/local/CrossPack-AVR-20131216/avr/include/util/delay.h ****    user will not be informed about decreased resolution.
 119:/usr/local/CrossPack-AVR-20131216/avr/include/util/delay.h **** 
 120:/usr/local/CrossPack-AVR-20131216/avr/include/util/delay.h ****    If the avr-gcc toolchain has __builtin_avr_delay_cycles(unsigned long)
 121:/usr/local/CrossPack-AVR-20131216/avr/include/util/delay.h ****    support, maximal possible delay is 4294967.295 ms/ F_CPU in MHz. For
 122:/usr/local/CrossPack-AVR-20131216/avr/include/util/delay.h ****    values greater than the maximal possible delay, overflows results in
 123:/usr/local/CrossPack-AVR-20131216/avr/include/util/delay.h ****    no delay i.e., 0ms.
 124:/usr/local/CrossPack-AVR-20131216/avr/include/util/delay.h **** 
 125:/usr/local/CrossPack-AVR-20131216/avr/include/util/delay.h ****    Conversion of __us into clock cycles may not always result in integer.
 126:/usr/local/CrossPack-AVR-20131216/avr/include/util/delay.h ****    By default, the clock cycles rounded up to next integer. This ensures that
 127:/usr/local/CrossPack-AVR-20131216/avr/include/util/delay.h ****    the user gets atleast __us microseconds of delay.
 128:/usr/local/CrossPack-AVR-20131216/avr/include/util/delay.h **** 
 129:/usr/local/CrossPack-AVR-20131216/avr/include/util/delay.h ****    Alternatively, user can define __DELAY_ROUND_DOWN__ and __DELAY_ROUND_CLOSEST__
 130:/usr/local/CrossPack-AVR-20131216/avr/include/util/delay.h ****    to round down and round to closest integer.
 131:/usr/local/CrossPack-AVR-20131216/avr/include/util/delay.h **** 
 132:/usr/local/CrossPack-AVR-20131216/avr/include/util/delay.h ****    Note: The new implementation of _delay_ms(double __ms) with 
 133:/usr/local/CrossPack-AVR-20131216/avr/include/util/delay.h ****     __builtin_avr_delay_cycles(unsigned long) support is not backward compatible. 
 134:/usr/local/CrossPack-AVR-20131216/avr/include/util/delay.h ****    User can define __DELAY_BACKWARD_COMPATIBLE__ to get a backward compatible delay.
 135:/usr/local/CrossPack-AVR-20131216/avr/include/util/delay.h ****    Also, the backward compatible
 136:/usr/local/CrossPack-AVR-20131216/avr/include/util/delay.h ****    algorithm will be chosen if the code is compiled in a <em>freestanding
 137:/usr/local/CrossPack-AVR-20131216/avr/include/util/delay.h ****    environment</em> (GCC option \c -ffreestanding), as the math functions
 138:/usr/local/CrossPack-AVR-20131216/avr/include/util/delay.h ****    required for rounding are not available to the compiler then.
 139:/usr/local/CrossPack-AVR-20131216/avr/include/util/delay.h **** 
 140:/usr/local/CrossPack-AVR-20131216/avr/include/util/delay.h ****  */
 141:/usr/local/CrossPack-AVR-20131216/avr/include/util/delay.h **** void
 142:/usr/local/CrossPack-AVR-20131216/avr/include/util/delay.h **** _delay_ms(double __ms)
 143:/usr/local/CrossPack-AVR-20131216/avr/include/util/delay.h **** {
 144:/usr/local/CrossPack-AVR-20131216/avr/include/util/delay.h **** 	double __tmp ; 
 145:/usr/local/CrossPack-AVR-20131216/avr/include/util/delay.h **** #if __HAS_DELAY_CYCLES && defined(__OPTIMIZE__) && \
 146:/usr/local/CrossPack-AVR-20131216/avr/include/util/delay.h ****   !defined(__DELAY_BACKWARD_COMPATIBLE__) &&	   \
 147:/usr/local/CrossPack-AVR-20131216/avr/include/util/delay.h ****   __STDC_HOSTED__
 148:/usr/local/CrossPack-AVR-20131216/avr/include/util/delay.h **** 	uint32_t __ticks_dc;
 149:/usr/local/CrossPack-AVR-20131216/avr/include/util/delay.h **** 	extern void __builtin_avr_delay_cycles(unsigned long);
 150:/usr/local/CrossPack-AVR-20131216/avr/include/util/delay.h **** 	__tmp = ((F_CPU) / 1e3) * __ms;
 151:/usr/local/CrossPack-AVR-20131216/avr/include/util/delay.h **** 
 152:/usr/local/CrossPack-AVR-20131216/avr/include/util/delay.h **** 	#if defined(__DELAY_ROUND_DOWN__)
 153:/usr/local/CrossPack-AVR-20131216/avr/include/util/delay.h **** 		__ticks_dc = (uint32_t)fabs(__tmp);
 154:/usr/local/CrossPack-AVR-20131216/avr/include/util/delay.h **** 
 155:/usr/local/CrossPack-AVR-20131216/avr/include/util/delay.h **** 	#elif defined(__DELAY_ROUND_CLOSEST__)
 156:/usr/local/CrossPack-AVR-20131216/avr/include/util/delay.h **** 		__ticks_dc = (uint32_t)(fabs(__tmp)+0.5);
 157:/usr/local/CrossPack-AVR-20131216/avr/include/util/delay.h **** 
 158:/usr/local/CrossPack-AVR-20131216/avr/include/util/delay.h **** 	#else
 159:/usr/local/CrossPack-AVR-20131216/avr/include/util/delay.h **** 		//round up by default
 160:/usr/local/CrossPack-AVR-20131216/avr/include/util/delay.h **** 		__ticks_dc = (uint32_t)(ceil(fabs(__tmp)));
 161:/usr/local/CrossPack-AVR-20131216/avr/include/util/delay.h **** 	#endif
 162:/usr/local/CrossPack-AVR-20131216/avr/include/util/delay.h **** 
 163:/usr/local/CrossPack-AVR-20131216/avr/include/util/delay.h **** 	__builtin_avr_delay_cycles(__ticks_dc);
 169               	.LM4:
 170 0014 8FE1      		ldi r24,lo8(19999)
 171 0016 9EE4      		ldi r25,hi8(19999)
 172 0018 0197      		1: sbiw r24,1
 173 001a 01F4      		brne 1b
 174 001c 00C0      		rjmp .
 175 001e 0000      		nop
 176               	.LBE9:
 177               	.LBE8:
 179               	.Ltext2:
  44:/Users/manueldeneu/Documents/projets/dev/Monu100/MicroController/MicMonu100/MicMonu100/main.c ****         
  45:/Users/manueldeneu/Documents/projets/dev/Monu100/MicroController/MicMonu100/MicMonu100/main.c ****         _delay_ms(5);
  46:/Users/manueldeneu/Documents/projets/dev/Monu100/MicroController/MicMonu100/MicMonu100/main.c ****         
  47:/Users/manueldeneu/Documents/projets/dev/Monu100/MicroController/MicMonu100/MicMonu100/main.c ****         r+=dir;
 181               	.LM5:
 182 0020 1C0F      		add r17,r28
  48:/Users/manueldeneu/Documents/projets/dev/Monu100/MicroController/MicMonu100/MicMonu100/main.c ****         
  49:/Users/manueldeneu/Documents/projets/dev/Monu100/MicroController/MicMonu100/MicMonu100/main.c ****         if (r>15)
 184               	.LM6:
 185 0022 1031      		cpi r17,lo8(16)
 186 0024 00F0      		brlo .L3
  50:/Users/manueldeneu/Documents/projets/dev/Monu100/MicroController/MicMonu100/MicMonu100/main.c ****         {
  51:/Users/manueldeneu/Documents/projets/dev/Monu100/MicroController/MicMonu100/MicMonu100/main.c ****             dir*=-1;
 188               	.LM7:
 189 0026 D195      		neg r29
 190 0028 C195      		neg r28
 191 002a D109      		sbc r29,__zero_reg__
  52:/Users/manueldeneu/Documents/projets/dev/Monu100/MicroController/MicMonu100/MicMonu100/main.c ****             display_setFillColor( &_display, 0);
 193               	.LM8:
 194 002c 60E0      		ldi r22,0
 195 002e 00C0      		rjmp .L5
 196               	.L3:
  53:/Users/manueldeneu/Documents/projets/dev/Monu100/MicroController/MicMonu100/MicMonu100/main.c ****         }
  54:/Users/manueldeneu/Documents/projets/dev/Monu100/MicroController/MicMonu100/MicMonu100/main.c ****         if ( r<=0)
 198               	.LM9:
 199 0030 1111      		cpse r17,__zero_reg__
 200 0032 00C0      		rjmp .L2
  55:/Users/manueldeneu/Documents/projets/dev/Monu100/MicroController/MicMonu100/MicMonu100/main.c ****         {
  56:/Users/manueldeneu/Documents/projets/dev/Monu100/MicroController/MicMonu100/MicMonu100/main.c ****             dir*=-1;
 202               	.LM10:
 203 0034 D195      		neg r29
 204 0036 C195      		neg r28
 205 0038 D109      		sbc r29,__zero_reg__
  57:/Users/manueldeneu/Documents/projets/dev/Monu100/MicroController/MicMonu100/MicMonu100/main.c ****             display_setFillColor( &_display, 255);
 207               	.LM11:
 208 003a 6FEF      		ldi r22,lo8(-1)
 209               	.L5:
 210 003c 80E0      		ldi r24,lo8(_display)
 211 003e 90E0      		ldi r25,hi8(_display)
 212 0040 0E94 0000 		call display_setFillColor
 213 0044 00C0      		rjmp .L2
 219               	.Lscope1:
 221               	.global	testLines
 223               	testLines:
  58:/Users/manueldeneu/Documents/projets/dev/Monu100/MicroController/MicMonu100/MicMonu100/main.c ****         }
  59:/Users/manueldeneu/Documents/projets/dev/Monu100/MicroController/MicMonu100/MicMonu100/main.c ****         
  60:/Users/manueldeneu/Documents/projets/dev/Monu100/MicroController/MicMonu100/MicMonu100/main.c ****         
  61:/Users/manueldeneu/Documents/projets/dev/Monu100/MicroController/MicMonu100/MicMonu100/main.c ****     }
  62:/Users/manueldeneu/Documents/projets/dev/Monu100/MicroController/MicMonu100/MicMonu100/main.c **** 
  63:/Users/manueldeneu/Documents/projets/dev/Monu100/MicroController/MicMonu100/MicMonu100/main.c **** }
  64:/Users/manueldeneu/Documents/projets/dev/Monu100/MicroController/MicMonu100/MicMonu100/main.c **** 
  65:/Users/manueldeneu/Documents/projets/dev/Monu100/MicroController/MicMonu100/MicMonu100/main.c **** 
  66:/Users/manueldeneu/Documents/projets/dev/Monu100/MicroController/MicMonu100/MicMonu100/main.c **** void testLines(void)
  67:/Users/manueldeneu/Documents/projets/dev/Monu100/MicroController/MicMonu100/MicMonu100/main.c **** {
 225               	.LM12:
 226               	.LFBB2:
 227               	/* prologue: function */
 228               	/* frame size = 0 */
 229               	/* stack size = 0 */
 230               	.L__stack_usage = 0
  68:/Users/manueldeneu/Documents/projets/dev/Monu100/MicroController/MicMonu100/MicMonu100/main.c ****     display_setFillColor( &_display, 255);
 232               	.LM13:
 233 0046 6FEF      		ldi r22,lo8(-1)
 234 0048 80E0      		ldi r24,lo8(_display)
 235 004a 90E0      		ldi r25,hi8(_display)
 236 004c 0E94 0000 		call display_setFillColor
  69:/Users/manueldeneu/Documents/projets/dev/Monu100/MicroController/MicMonu100/MicMonu100/main.c ****     display_drawLine(&_display,  4, 0 , 25 ,29);
 238               	.LM14:
 239 0050 0DE1      		ldi r16,lo8(29)
 240 0052 29E1      		ldi r18,lo8(25)
 241 0054 40E0      		ldi r20,0
 242 0056 64E0      		ldi r22,lo8(4)
 243 0058 80E0      		ldi r24,lo8(_display)
 244 005a 90E0      		ldi r25,hi8(_display)
 245 005c 0E94 0000 		call display_drawLine
 246               	.L8:
 247 0060 00C0      		rjmp .L8
 249               	.Lscope2:
 251               	.global	userCall
 253               	userCall:
  70:/Users/manueldeneu/Documents/projets/dev/Monu100/MicroController/MicMonu100/MicMonu100/main.c ****     while (1)
  71:/Users/manueldeneu/Documents/projets/dev/Monu100/MicroController/MicMonu100/MicMonu100/main.c ****     {
  72:/Users/manueldeneu/Documents/projets/dev/Monu100/MicroController/MicMonu100/MicMonu100/main.c ****     }
  73:/Users/manueldeneu/Documents/projets/dev/Monu100/MicroController/MicMonu100/MicMonu100/main.c **** }
  74:/Users/manueldeneu/Documents/projets/dev/Monu100/MicroController/MicMonu100/MicMonu100/main.c **** 
  75:/Users/manueldeneu/Documents/projets/dev/Monu100/MicroController/MicMonu100/MicMonu100/main.c **** 
  76:/Users/manueldeneu/Documents/projets/dev/Monu100/MicroController/MicMonu100/MicMonu100/main.c **** 
  77:/Users/manueldeneu/Documents/projets/dev/Monu100/MicroController/MicMonu100/MicMonu100/main.c **** void userCall()
  78:/Users/manueldeneu/Documents/projets/dev/Monu100/MicroController/MicMonu100/MicMonu100/main.c **** {
 255               	.LM15:
 256               	.LFBB3:
 257               	/* prologue: function */
 258               	/* frame size = 0 */
 259               	/* stack size = 0 */
 260               	.L__stack_usage = 0
  79:/Users/manueldeneu/Documents/projets/dev/Monu100/MicroController/MicMonu100/MicMonu100/main.c ****     toggle(LED_PORT, LED_PIN);
 262               	.LM16:
 263 0062 E2E0      		ldi r30,lo8(2)
 264 0064 F1E0      		ldi r31,lo8(1)
 265 0066 8081      		ld r24,Z
 266 0068 98E0      		ldi r25,lo8(8)
 267 006a 8927      		eor r24,r25
 268 006c 8083      		st Z,r24
 269 006e 0895      		ret
 271               	.Lscope3:
 272               		.section	.text.startup,"ax",@progbits
 274               	.global	main
 276               	main:
  80:/Users/manueldeneu/Documents/projets/dev/Monu100/MicroController/MicMonu100/MicMonu100/main.c **** //    _delay_ms( 10 );
  81:/Users/manueldeneu/Documents/projets/dev/Monu100/MicroController/MicMonu100/MicMonu100/main.c **** }
  82:/Users/manueldeneu/Documents/projets/dev/Monu100/MicroController/MicMonu100/MicMonu100/main.c **** int main( void )
  83:/Users/manueldeneu/Documents/projets/dev/Monu100/MicroController/MicMonu100/MicMonu100/main.c **** {
 278               	.LM17:
 279               	.LFBB4:
 280               	/* prologue: function */
 281               	/* frame size = 0 */
 282               	/* stack size = 0 */
 283               	.L__stack_usage = 0
 284               	.LBB10:
 285               	.LBB11:
 287               	.Ltext3:
   1:/Users/manueldeneu/Documents/projets/dev/Monu100/MicroController/MicMonu100/MicMonu100/Coms.h **** //
   2:/Users/manueldeneu/Documents/projets/dev/Monu100/MicroController/MicMonu100/MicMonu100/Coms.h **** //  Coms.h
   3:/Users/manueldeneu/Documents/projets/dev/Monu100/MicroController/MicMonu100/MicMonu100/Coms.h **** //  MicMonu100
   4:/Users/manueldeneu/Documents/projets/dev/Monu100/MicroController/MicMonu100/MicMonu100/Coms.h **** //
   5:/Users/manueldeneu/Documents/projets/dev/Monu100/MicroController/MicMonu100/MicMonu100/Coms.h **** //  Created by Manuel Deneu on 08/05/15.
   6:/Users/manueldeneu/Documents/projets/dev/Monu100/MicroController/MicMonu100/MicMonu100/Coms.h **** //  Copyright (c) 2015 Manuel Deneu. All rights reserved.
   7:/Users/manueldeneu/Documents/projets/dev/Monu100/MicroController/MicMonu100/MicMonu100/Coms.h **** //
   8:/Users/manueldeneu/Documents/projets/dev/Monu100/MicroController/MicMonu100/MicMonu100/Coms.h **** 
   9:/Users/manueldeneu/Documents/projets/dev/Monu100/MicroController/MicMonu100/MicMonu100/Coms.h **** #ifndef MicMonu100_Coms_h
  10:/Users/manueldeneu/Documents/projets/dev/Monu100/MicroController/MicMonu100/MicMonu100/Coms.h **** #define MicMonu100_Coms_h
  11:/Users/manueldeneu/Documents/projets/dev/Monu100/MicroController/MicMonu100/MicMonu100/Coms.h **** 
  12:/Users/manueldeneu/Documents/projets/dev/Monu100/MicroController/MicMonu100/MicMonu100/Coms.h **** #define USART_BAUDRATE  19200
  13:/Users/manueldeneu/Documents/projets/dev/Monu100/MicroController/MicMonu100/MicMonu100/Coms.h **** #define UBRR_VALUE ((( 8000000 / (USART_BAUDRATE * 16UL))) - 1)
  14:/Users/manueldeneu/Documents/projets/dev/Monu100/MicroController/MicMonu100/MicMonu100/Coms.h **** 
  15:/Users/manueldeneu/Documents/projets/dev/Monu100/MicroController/MicMonu100/MicMonu100/Coms.h **** inline void serial_init(void)
  16:/Users/manueldeneu/Documents/projets/dev/Monu100/MicroController/MicMonu100/MicMonu100/Coms.h **** {
  17:/Users/manueldeneu/Documents/projets/dev/Monu100/MicroController/MicMonu100/MicMonu100/Coms.h ****     // Set baud rate
  18:/Users/manueldeneu/Documents/projets/dev/Monu100/MicroController/MicMonu100/MicMonu100/Coms.h ****     UBRR0H = (uint8_t)(UBRR_VALUE>>8);
 289               	.LM18:
 290 0000 1092 C500 		sts 197,__zero_reg__
  19:/Users/manueldeneu/Documents/projets/dev/Monu100/MicroController/MicMonu100/MicMonu100/Coms.h ****     UBRR0L = (uint8_t)UBRR_VALUE;
 292               	.LM19:
 293 0004 89E1      		ldi r24,lo8(25)
 294 0006 8093 C400 		sts 196,r24
  20:/Users/manueldeneu/Documents/projets/dev/Monu100/MicroController/MicMonu100/MicMonu100/Coms.h ****     // Set frame format to 8 data bits, no parity, 1 stop bit
  21:/Users/manueldeneu/Documents/projets/dev/Monu100/MicroController/MicMonu100/MicMonu100/Coms.h ****     UCSR0C |= (1<<UCSZ01)|(1<<UCSZ00); //|(1<<UMSEL00);
 296               	.LM20:
 297 000a 8091 C200 		lds r24,194
 298 000e 8660      		ori r24,lo8(6)
 299 0010 8093 C200 		sts 194,r24
  22:/Users/manueldeneu/Documents/projets/dev/Monu100/MicroController/MicMonu100/MicMonu100/Coms.h ****     //enable transmission and reception
  23:/Users/manueldeneu/Documents/projets/dev/Monu100/MicroController/MicMonu100/MicMonu100/Coms.h ****     UCSR0B |= (1<<RXEN0)|(1<<TXEN0);
 301               	.LM21:
 302 0014 8091 C100 		lds r24,193
 303 0018 8861      		ori r24,lo8(24)
 304 001a 8093 C100 		sts 193,r24
 305               	.LBE11:
 306               	.LBE10:
 308               	.Ltext4:
  84:/Users/manueldeneu/Documents/projets/dev/Monu100/MicroController/MicMonu100/MicMonu100/main.c **** 
  85:/Users/manueldeneu/Documents/projets/dev/Monu100/MicroController/MicMonu100/MicMonu100/main.c ****     /* *** *** *** *** *** *** *** *** *** */
  86:/Users/manueldeneu/Documents/projets/dev/Monu100/MicroController/MicMonu100/MicMonu100/main.c ****     
  87:/Users/manueldeneu/Documents/projets/dev/Monu100/MicroController/MicMonu100/MicMonu100/main.c ****     serial_init();
  88:/Users/manueldeneu/Documents/projets/dev/Monu100/MicroController/MicMonu100/MicMonu100/main.c **** 
  89:/Users/manueldeneu/Documents/projets/dev/Monu100/MicroController/MicMonu100/MicMonu100/main.c **** 
  90:/Users/manueldeneu/Documents/projets/dev/Monu100/MicroController/MicMonu100/MicMonu100/main.c **** 
  91:/Users/manueldeneu/Documents/projets/dev/Monu100/MicroController/MicMonu100/MicMonu100/main.c ****     
  92:/Users/manueldeneu/Documents/projets/dev/Monu100/MicroController/MicMonu100/MicMonu100/main.c ****     display_init( &_display);
 310               	.LM22:
 311 001e 80E0      		ldi r24,lo8(_display)
 312 0020 90E0      		ldi r25,hi8(_display)
 313 0022 0E94 0000 		call display_init
  93:/Users/manueldeneu/Documents/projets/dev/Monu100/MicroController/MicMonu100/MicMonu100/main.c ****     
  94:/Users/manueldeneu/Documents/projets/dev/Monu100/MicroController/MicMonu100/MicMonu100/main.c ****     sensors_init( &_sensors);
 315               	.LM23:
 316 0026 80E0      		ldi r24,lo8(_sensors)
 317 0028 90E0      		ldi r25,hi8(_sensors)
 318 002a 0E94 0000 		call sensors_init
  95:/Users/manueldeneu/Documents/projets/dev/Monu100/MicroController/MicMonu100/MicMonu100/main.c ****     
  96:/Users/manueldeneu/Documents/projets/dev/Monu100/MicroController/MicMonu100/MicMonu100/main.c ****     _sensors.display = &_display;
 320               	.LM24:
 321 002e 80E0      		ldi r24,lo8(_display)
 322 0030 90E0      		ldi r25,hi8(_display)
 323 0032 9093 0000 		sts _sensors+462+1,r25
 324 0036 8093 0000 		sts _sensors+462,r24
  97:/Users/manueldeneu/Documents/projets/dev/Monu100/MicroController/MicMonu100/MicMonu100/main.c **** //    serial_init();
  98:/Users/manueldeneu/Documents/projets/dev/Monu100/MicroController/MicMonu100/MicMonu100/main.c **** 
  99:/Users/manueldeneu/Documents/projets/dev/Monu100/MicroController/MicMonu100/MicMonu100/main.c ****     
 100:/Users/manueldeneu/Documents/projets/dev/Monu100/MicroController/MicMonu100/MicMonu100/main.c ****     sei();
 326               	.LM25:
 327               	/* #APP */
 328               	 ;  100 "/Users/manueldeneu/Documents/projets/dev/Monu100/MicroController/MicMonu100/MicMonu100/mai
 329 003a 7894      		sei
 330               	 ;  0 "" 2
 101:/Users/manueldeneu/Documents/projets/dev/Monu100/MicroController/MicMonu100/MicMonu100/main.c **** 
 102:/Users/manueldeneu/Documents/projets/dev/Monu100/MicroController/MicMonu100/MicMonu100/main.c ****     display_clear( &_display );
 332               	.LM26:
 333               	/* #NOAPP */
 334 003c 0E94 0000 		call display_clear
 103:/Users/manueldeneu/Documents/projets/dev/Monu100/MicroController/MicMonu100/MicMonu100/main.c ****     
 104:/Users/manueldeneu/Documents/projets/dev/Monu100/MicroController/MicMonu100/MicMonu100/main.c ****     
 105:/Users/manueldeneu/Documents/projets/dev/Monu100/MicroController/MicMonu100/MicMonu100/main.c ****     
 106:/Users/manueldeneu/Documents/projets/dev/Monu100/MicroController/MicMonu100/MicMonu100/main.c ****     display_setFillColor( &_display, 255);
 336               	.LM27:
 337 0040 6FEF      		ldi r22,lo8(-1)
 338 0042 80E0      		ldi r24,lo8(_display)
 339 0044 90E0      		ldi r25,hi8(_display)
 340 0046 0E94 0000 		call display_setFillColor
 107:/Users/manueldeneu/Documents/projets/dev/Monu100/MicroController/MicMonu100/MicMonu100/main.c ****     display_fillZone( &_display, 0, 0, 4, 4);
 342               	.LM28:
 343 004a 04E0      		ldi r16,lo8(4)
 344 004c 24E0      		ldi r18,lo8(4)
 345 004e 40E0      		ldi r20,0
 346 0050 60E0      		ldi r22,0
 347 0052 80E0      		ldi r24,lo8(_display)
 348 0054 90E0      		ldi r25,hi8(_display)
 349 0056 0E94 0000 		call display_fillZone
 108:/Users/manueldeneu/Documents/projets/dev/Monu100/MicroController/MicMonu100/MicMonu100/main.c ****     
 109:/Users/manueldeneu/Documents/projets/dev/Monu100/MicroController/MicMonu100/MicMonu100/main.c **** //    sensors_calibration( &_sensors , 10 );
 110:/Users/manueldeneu/Documents/projets/dev/Monu100/MicroController/MicMonu100/MicMonu100/main.c **** 
 111:/Users/manueldeneu/Documents/projets/dev/Monu100/MicroController/MicMonu100/MicMonu100/main.c ****     display_clearZone( &_display, 0, 0, 4, 4);
 351               	.LM29:
 352 005a 24E0      		ldi r18,lo8(4)
 353 005c 40E0      		ldi r20,0
 354 005e 60E0      		ldi r22,0
 355 0060 80E0      		ldi r24,lo8(_display)
 356 0062 90E0      		ldi r25,hi8(_display)
 357 0064 0E94 0000 		call display_clearZone
 112:/Users/manueldeneu/Documents/projets/dev/Monu100/MicroController/MicMonu100/MicMonu100/main.c ****     
 113:/Users/manueldeneu/Documents/projets/dev/Monu100/MicroController/MicMonu100/MicMonu100/main.c **** 
 114:/Users/manueldeneu/Documents/projets/dev/Monu100/MicroController/MicMonu100/MicMonu100/main.c ****     const char name2[] = "hello world";
 115:/Users/manueldeneu/Documents/projets/dev/Monu100/MicroController/MicMonu100/MicMonu100/main.c ****     const int name2Len = strlen( name2)* getCharHeight();
 359               	.LM30:
 360 0068 0E94 0000 		call getCharHeight
 116:/Users/manueldeneu/Documents/projets/dev/Monu100/MicroController/MicMonu100/MicMonu100/main.c ****     
 117:/Users/manueldeneu/Documents/projets/dev/Monu100/MicroController/MicMonu100/MicMonu100/main.c ****     
 118:/Users/manueldeneu/Documents/projets/dev/Monu100/MicroController/MicMonu100/MicMonu100/main.c ****     
 119:/Users/manueldeneu/Documents/projets/dev/Monu100/MicroController/MicMonu100/MicMonu100/main.c ****     int yPos = 30;
 120:/Users/manueldeneu/Documents/projets/dev/Monu100/MicroController/MicMonu100/MicMonu100/main.c **** 
 121:/Users/manueldeneu/Documents/projets/dev/Monu100/MicroController/MicMonu100/MicMonu100/main.c ****     display_setFontColor( &_display, 255);
 362               	.LM31:
 363 006c 6FEF      		ldi r22,lo8(-1)
 364 006e 80E0      		ldi r24,lo8(_display)
 365 0070 90E0      		ldi r25,hi8(_display)
 366 0072 0E94 0000 		call display_setFontColor
 122:/Users/manueldeneu/Documents/projets/dev/Monu100/MicroController/MicMonu100/MicMonu100/main.c ****     
 123:/Users/manueldeneu/Documents/projets/dev/Monu100/MicroController/MicMonu100/MicMonu100/main.c **** 
 124:/Users/manueldeneu/Documents/projets/dev/Monu100/MicroController/MicMonu100/MicMonu100/main.c ****     _sensors.thresholdHigh = 400; //200
 368               	.LM32:
 369 0076 80E9      		ldi r24,lo8(-112)
 370 0078 91E0      		ldi r25,lo8(1)
 371 007a 9093 0000 		sts _sensors+450+1,r25
 372 007e 8093 0000 		sts _sensors+450,r24
 125:/Users/manueldeneu/Documents/projets/dev/Monu100/MicroController/MicMonu100/MicMonu100/main.c ****     _sensors.thresholdLow =  5;
 374               	.LM33:
 375 0082 85E0      		ldi r24,lo8(5)
 376 0084 90E0      		ldi r25,0
 377 0086 9093 0000 		sts _sensors+452+1,r25
 378 008a 8093 0000 		sts _sensors+452,r24
 126:/Users/manueldeneu/Documents/projets/dev/Monu100/MicroController/MicMonu100/MicMonu100/main.c ****     
 127:/Users/manueldeneu/Documents/projets/dev/Monu100/MicroController/MicMonu100/MicMonu100/main.c ****     display_setFillColor( &_display, 255);
 380               	.LM34:
 381 008e 6FEF      		ldi r22,lo8(-1)
 382 0090 80E0      		ldi r24,lo8(_display)
 383 0092 90E0      		ldi r25,hi8(_display)
 384 0094 0E94 0000 		call display_setFillColor
 385               	.L11:
 386               	.LBB12:
 387               	.LBB13:
 389               	.Ltext5:
 391               	.LM35:
 392 0098 2FEF      		ldi r18,lo8(63999)
 393 009a 89EF      		ldi r24,hi8(63999)
 394 009c 90E0      		ldi r25,hlo8(63999)
 395 009e 2150      		1: subi r18,1
 396 00a0 8040      		sbci r24,0
 397 00a2 9040      		sbci r25,0
 398 00a4 01F4      		brne 1b
 399 00a6 00C0      		rjmp .
 400 00a8 0000      		nop
 401               	.LBE13:
 402               	.LBE12:
 404               	.Ltext6:
 128:/Users/manueldeneu/Documents/projets/dev/Monu100/MicroController/MicMonu100/MicMonu100/main.c **** 
 129:/Users/manueldeneu/Documents/projets/dev/Monu100/MicroController/MicMonu100/MicMonu100/main.c ****     
 130:/Users/manueldeneu/Documents/projets/dev/Monu100/MicroController/MicMonu100/MicMonu100/main.c ****     int count = 0;
 131:/Users/manueldeneu/Documents/projets/dev/Monu100/MicroController/MicMonu100/MicMonu100/main.c ****     const int countMax = 10;
 132:/Users/manueldeneu/Documents/projets/dev/Monu100/MicroController/MicMonu100/MicMonu100/main.c ****     
 133:/Users/manueldeneu/Documents/projets/dev/Monu100/MicroController/MicMonu100/MicMonu100/main.c ****     uint8_t animStarted = 0;
 134:/Users/manueldeneu/Documents/projets/dev/Monu100/MicroController/MicMonu100/MicMonu100/main.c ****     for (;;)
 135:/Users/manueldeneu/Documents/projets/dev/Monu100/MicroController/MicMonu100/MicMonu100/main.c ****     {
 136:/Users/manueldeneu/Documents/projets/dev/Monu100/MicroController/MicMonu100/MicMonu100/main.c ****         _delay_ms( 20 );
 137:/Users/manueldeneu/Documents/projets/dev/Monu100/MicroController/MicMonu100/MicMonu100/main.c **** 
 138:/Users/manueldeneu/Documents/projets/dev/Monu100/MicroController/MicMonu100/MicMonu100/main.c ****         readAll( &_sensors);
 406               	.LM36:
 407 00aa 80E0      		ldi r24,lo8(_sensors)
 408 00ac 90E0      		ldi r25,hi8(_sensors)
 409 00ae 0E94 0000 		call readAll
 410 00b2 00C0      		rjmp .L11
 412               	.Lscope4:
 413               		.comm	_sensors,690,1
 414               		.comm	_display,1805,1
 417               		.text
 419               	.Letext0:
 420               		.ident	"GCC: (GNU) 4.8.1"
 421               	.global __do_clear_bss
DEFINED SYMBOLS
                            *ABS*:00000000 main.c
/var/folders/yp/wn04j3ms5mn9jhx6j8jq8l4c0000gn/T//cctdu9uh.s:2      *ABS*:0000003e __SP_H__
/var/folders/yp/wn04j3ms5mn9jhx6j8jq8l4c0000gn/T//cctdu9uh.s:3      *ABS*:0000003d __SP_L__
/var/folders/yp/wn04j3ms5mn9jhx6j8jq8l4c0000gn/T//cctdu9uh.s:4      *ABS*:0000003f __SREG__
/var/folders/yp/wn04j3ms5mn9jhx6j8jq8l4c0000gn/T//cctdu9uh.s:5      *ABS*:0000003b __RAMPZ__
/var/folders/yp/wn04j3ms5mn9jhx6j8jq8l4c0000gn/T//cctdu9uh.s:6      *ABS*:00000000 __tmp_reg__
/var/folders/yp/wn04j3ms5mn9jhx6j8jq8l4c0000gn/T//cctdu9uh.s:7      *ABS*:00000001 __zero_reg__
/var/folders/yp/wn04j3ms5mn9jhx6j8jq8l4c0000gn/T//cctdu9uh.s:140    .text:00000000 AnimCircle
                            *COM*:0000070d _display
/var/folders/yp/wn04j3ms5mn9jhx6j8jq8l4c0000gn/T//cctdu9uh.s:223    .text:00000046 testLines
/var/folders/yp/wn04j3ms5mn9jhx6j8jq8l4c0000gn/T//cctdu9uh.s:253    .text:00000062 userCall
/var/folders/yp/wn04j3ms5mn9jhx6j8jq8l4c0000gn/T//cctdu9uh.s:276    .text.startup:00000000 main
                            *COM*:000002b2 _sensors

UNDEFINED SYMBOLS
display_drawCircle
display_setFillColor
display_drawLine
display_init
sensors_init
display_clear
display_fillZone
display_clearZone
getCharHeight
display_setFontColor
readAll
__do_clear_bss
