   1               		.file	"Sensors.c"
   2               	__SP_H__ = 0x3e
   3               	__SP_L__ = 0x3d
   4               	__SREG__ = 0x3f
   5               	__RAMPZ__ = 0x3b
   6               	__tmp_reg__ = 0
   7               	__zero_reg__ = 1
   9               		.text
  10               	.Ltext0:
 131               	.global	adc_init
 133               	adc_init:
   1:/Users/manueldeneu/Documents/projets/dev/Monu100/MicroController/MicMonu100/MicMonu100/Sensors.c **** //
   2:/Users/manueldeneu/Documents/projets/dev/Monu100/MicroController/MicMonu100/MicMonu100/Sensors.c **** //  Sensors.c
   3:/Users/manueldeneu/Documents/projets/dev/Monu100/MicroController/MicMonu100/MicMonu100/Sensors.c **** //  MicMonu100
   4:/Users/manueldeneu/Documents/projets/dev/Monu100/MicroController/MicMonu100/MicMonu100/Sensors.c **** //
   5:/Users/manueldeneu/Documents/projets/dev/Monu100/MicroController/MicMonu100/MicMonu100/Sensors.c **** //  Created by Manuel Deneu on 01/03/15.
   6:/Users/manueldeneu/Documents/projets/dev/Monu100/MicroController/MicMonu100/MicMonu100/Sensors.c **** //  Copyright (c) 2015 Manuel Deneu. All rights reserved.
   7:/Users/manueldeneu/Documents/projets/dev/Monu100/MicroController/MicMonu100/MicMonu100/Sensors.c **** //
   8:/Users/manueldeneu/Documents/projets/dev/Monu100/MicroController/MicMonu100/MicMonu100/Sensors.c **** 
   9:/Users/manueldeneu/Documents/projets/dev/Monu100/MicroController/MicMonu100/MicMonu100/Sensors.c **** #include <stdio.h>
  10:/Users/manueldeneu/Documents/projets/dev/Monu100/MicroController/MicMonu100/MicMonu100/Sensors.c **** #include <avr/io.h>
  11:/Users/manueldeneu/Documents/projets/dev/Monu100/MicroController/MicMonu100/MicMonu100/Sensors.c **** #include <util/delay.h>
  12:/Users/manueldeneu/Documents/projets/dev/Monu100/MicroController/MicMonu100/MicMonu100/Sensors.c **** 
  13:/Users/manueldeneu/Documents/projets/dev/Monu100/MicroController/MicMonu100/MicMonu100/Sensors.c **** #include "Sensors.h"
  14:/Users/manueldeneu/Documents/projets/dev/Monu100/MicroController/MicMonu100/MicMonu100/Sensors.c **** 
  15:/Users/manueldeneu/Documents/projets/dev/Monu100/MicroController/MicMonu100/MicMonu100/Sensors.c **** #include "PinsConfig.h"
  16:/Users/manueldeneu/Documents/projets/dev/Monu100/MicroController/MicMonu100/MicMonu100/Sensors.c **** #include "quickblob.h"
  17:/Users/manueldeneu/Documents/projets/dev/Monu100/MicroController/MicMonu100/MicMonu100/Sensors.c **** 
  18:/Users/manueldeneu/Documents/projets/dev/Monu100/MicroController/MicMonu100/MicMonu100/Sensors.c **** #include "Coms.h"
  19:/Users/manueldeneu/Documents/projets/dev/Monu100/MicroController/MicMonu100/MicMonu100/Sensors.c **** 
  20:/Users/manueldeneu/Documents/projets/dev/Monu100/MicroController/MicMonu100/MicMonu100/Sensors.c **** 
  21:/Users/manueldeneu/Documents/projets/dev/Monu100/MicroController/MicMonu100/MicMonu100/Sensors.c **** /* **** **** **** **** **** **** **** **** **** **** **** **** **** **** **** **** **** */
  22:/Users/manueldeneu/Documents/projets/dev/Monu100/MicroController/MicMonu100/MicMonu100/Sensors.c **** 
  23:/Users/manueldeneu/Documents/projets/dev/Monu100/MicroController/MicMonu100/MicMonu100/Sensors.c **** void adc_init(void)
  24:/Users/manueldeneu/Documents/projets/dev/Monu100/MicroController/MicMonu100/MicMonu100/Sensors.c **** {
 135               	.LM0:
 136               	.LFBB1:
 137               	/* prologue: function */
 138               	/* frame size = 0 */
 139               	/* stack size = 0 */
 140               	.L__stack_usage = 0
  25:/Users/manueldeneu/Documents/projets/dev/Monu100/MicroController/MicMonu100/MicMonu100/Sensors.c ****     // MICs LDR
  26:/Users/manueldeneu/Documents/projets/dev/Monu100/MicroController/MicMonu100/MicMonu100/Sensors.c ****     
  27:/Users/manueldeneu/Documents/projets/dev/Monu100/MicroController/MicMonu100/MicMonu100/Sensors.c ****     setOutput( LDR_DATA_DDR       , LDR_DATA_PIN ); // data
 142               	.LM1:
 143 0000 579A      		sbi 0xa,7
  28:/Users/manueldeneu/Documents/projets/dev/Monu100/MicroController/MicMonu100/MicMonu100/Sensors.c ****     setOutput( LDR_STROBE_DDR     , LDR_STROBE_PIN ); // strobe
 145               	.LM2:
 146 0002 6C9A      		sbi 0xd,4
  29:/Users/manueldeneu/Documents/projets/dev/Monu100/MicroController/MicMonu100/MicMonu100/Sensors.c ****     setOutput( LDR_OUT_ENABLE_DDR , LDR_OUT_ENABLE_PIN ); // out enable
 148               	.LM3:
 149 0004 6B9A      		sbi 0xd,3
  30:/Users/manueldeneu/Documents/projets/dev/Monu100/MicroController/MicMonu100/MicMonu100/Sensors.c ****     setOutput( LDR_CLOCK_DDR      , LDR_CLOCK_PIN ); // clock
 151               	.LM4:
 152 0006 539A      		sbi 0xa,3
  31:/Users/manueldeneu/Documents/projets/dev/Monu100/MicroController/MicMonu100/MicMonu100/Sensors.c **** 
  32:/Users/manueldeneu/Documents/projets/dev/Monu100/MicroController/MicMonu100/MicMonu100/Sensors.c ****     
  33:/Users/manueldeneu/Documents/projets/dev/Monu100/MicroController/MicMonu100/MicMonu100/Sensors.c ****     /* *** */
  34:/Users/manueldeneu/Documents/projets/dev/Monu100/MicroController/MicMonu100/MicMonu100/Sensors.c ****     
  35:/Users/manueldeneu/Documents/projets/dev/Monu100/MicroController/MicMonu100/MicMonu100/Sensors.c ****     
  36:/Users/manueldeneu/Documents/projets/dev/Monu100/MicroController/MicMonu100/MicMonu100/Sensors.c ****     setLow(LDR_STROBE_PORT , LDR_STROBE_PIN ); // strobe mic LDR
 154               	.LM5:
 155 0008 7498      		cbi 0xe,4
  37:/Users/manueldeneu/Documents/projets/dev/Monu100/MicroController/MicMonu100/MicMonu100/Sensors.c ****     
  38:/Users/manueldeneu/Documents/projets/dev/Monu100/MicroController/MicMonu100/MicMonu100/Sensors.c ****     setLow( LDR_CLOCK_PORT , LDR_CLOCK_PIN);
 157               	.LM6:
 158 000a 5B98      		cbi 0xb,3
  39:/Users/manueldeneu/Documents/projets/dev/Monu100/MicroController/MicMonu100/MicMonu100/Sensors.c ****     
  40:/Users/manueldeneu/Documents/projets/dev/Monu100/MicroController/MicMonu100/MicMonu100/Sensors.c ****     setLow( LDR_OUT_ENABLE_PORT , LDR_OUT_ENABLE_PIN );
 160               	.LM7:
 161 000c 7398      		cbi 0xe,3
  41:/Users/manueldeneu/Documents/projets/dev/Monu100/MicroController/MicMonu100/MicMonu100/Sensors.c ****     
  42:/Users/manueldeneu/Documents/projets/dev/Monu100/MicroController/MicMonu100/MicMonu100/Sensors.c ****     //
  43:/Users/manueldeneu/Documents/projets/dev/Monu100/MicroController/MicMonu100/MicMonu100/Sensors.c ****     
  44:/Users/manueldeneu/Documents/projets/dev/Monu100/MicroController/MicMonu100/MicMonu100/Sensors.c ****     setLow( LDR_DATA_PORT , LDR_DATA_PIN );
 163               	.LM8:
 164 000e 5F98      		cbi 0xb,7
 165 0010 80E1      		ldi r24,lo8(16)
 166 0012 90E0      		ldi r25,0
 167               	.L3:
 168               	.LBB11:
  45:/Users/manueldeneu/Documents/projets/dev/Monu100/MicroController/MicMonu100/MicMonu100/Sensors.c ****     
  46:/Users/manueldeneu/Documents/projets/dev/Monu100/MicroController/MicMonu100/MicMonu100/Sensors.c ****     for (int i=0; i<16; i++)
  47:/Users/manueldeneu/Documents/projets/dev/Monu100/MicroController/MicMonu100/MicMonu100/Sensors.c ****         pulse( LDR_CLOCK_PORT , LDR_CLOCK_PIN);
 170               	.LM9:
 171 0014 5B9A      		sbi 0xb,3
 172 0016 5B98      		cbi 0xb,3
 173 0018 0197      		sbiw r24,1
  46:/Users/manueldeneu/Documents/projets/dev/Monu100/MicroController/MicMonu100/MicMonu100/Sensors.c ****     for (int i=0; i<16; i++)
 175               	.LM10:
 176 001a 0097      		sbiw r24,0
 177 001c 01F4      		brne .L3
 178               	.LBE11:
  48:/Users/manueldeneu/Documents/projets/dev/Monu100/MicroController/MicMonu100/MicMonu100/Sensors.c ****     
  49:/Users/manueldeneu/Documents/projets/dev/Monu100/MicroController/MicMonu100/MicMonu100/Sensors.c ****     
  50:/Users/manueldeneu/Documents/projets/dev/Monu100/MicroController/MicMonu100/MicMonu100/Sensors.c ****     /*
  51:/Users/manueldeneu/Documents/projets/dev/Monu100/MicroController/MicMonu100/MicMonu100/Sensors.c ****      setHigh( LDR_DATA_PORT , LDR_DATA_PIN );
  52:/Users/manueldeneu/Documents/projets/dev/Monu100/MicroController/MicMonu100/MicMonu100/Sensors.c ****      
  53:/Users/manueldeneu/Documents/projets/dev/Monu100/MicroController/MicMonu100/MicMonu100/Sensors.c ****      pulse( LDR_CLOCK_PORT , LDR_CLOCK_PIN);
  54:/Users/manueldeneu/Documents/projets/dev/Monu100/MicroController/MicMonu100/MicMonu100/Sensors.c ****      */
  55:/Users/manueldeneu/Documents/projets/dev/Monu100/MicroController/MicMonu100/MicMonu100/Sensors.c ****     
  56:/Users/manueldeneu/Documents/projets/dev/Monu100/MicroController/MicMonu100/MicMonu100/Sensors.c ****     
  57:/Users/manueldeneu/Documents/projets/dev/Monu100/MicroController/MicMonu100/MicMonu100/Sensors.c ****     pulse(LDR_STROBE_PORT, LDR_STROBE_PIN);
 180               	.LM11:
 181 001e 749A      		sbi 0xe,4
 182 0020 7498      		cbi 0xe,4
  58:/Users/manueldeneu/Documents/projets/dev/Monu100/MicroController/MicMonu100/MicMonu100/Sensors.c **** 
  59:/Users/manueldeneu/Documents/projets/dev/Monu100/MicroController/MicMonu100/MicMonu100/Sensors.c ****     
  60:/Users/manueldeneu/Documents/projets/dev/Monu100/MicroController/MicMonu100/MicMonu100/Sensors.c ****     /* *** */
  61:/Users/manueldeneu/Documents/projets/dev/Monu100/MicroController/MicMonu100/MicMonu100/Sensors.c ****     
  62:/Users/manueldeneu/Documents/projets/dev/Monu100/MicroController/MicMonu100/MicMonu100/Sensors.c ****     ADCSRA |= ((1<<ADPS2)|(1<<ADPS1)|(1<<ADPS0));
 184               	.LM12:
 185 0022 8091 7A00 		lds r24,122
 186 0026 8760      		ori r24,lo8(7)
 187 0028 8093 7A00 		sts 122,r24
  63:/Users/manueldeneu/Documents/projets/dev/Monu100/MicroController/MicMonu100/MicMonu100/Sensors.c ****     
  64:/Users/manueldeneu/Documents/projets/dev/Monu100/MicroController/MicMonu100/MicMonu100/Sensors.c ****     ADMUX |= (1<<REFS0);       //Set Voltage reference to Avcc (5v)
 189               	.LM13:
 190 002c 8091 7C00 		lds r24,124
 191 0030 8064      		ori r24,lo8(64)
 192 0032 8093 7C00 		sts 124,r24
  65:/Users/manueldeneu/Documents/projets/dev/Monu100/MicroController/MicMonu100/MicMonu100/Sensors.c ****     
  66:/Users/manueldeneu/Documents/projets/dev/Monu100/MicroController/MicMonu100/MicMonu100/Sensors.c ****     ADCSRA |= (1<<ADEN);       //Turn on ADC
 194               	.LM14:
 195 0036 8091 7A00 		lds r24,122
 196 003a 8068      		ori r24,lo8(-128)
 197 003c 8093 7A00 		sts 122,r24
  67:/Users/manueldeneu/Documents/projets/dev/Monu100/MicroController/MicMonu100/MicMonu100/Sensors.c ****     
  68:/Users/manueldeneu/Documents/projets/dev/Monu100/MicroController/MicMonu100/MicMonu100/Sensors.c ****     ADCSRA |= (1<<ADSC);
 199               	.LM15:
 200 0040 8091 7A00 		lds r24,122
 201 0044 8064      		ori r24,lo8(64)
 202 0046 8093 7A00 		sts 122,r24
 203 004a 0895      		ret
 205               	.Lscope1:
 208               	.global	sensors_resetCalibration
 210               	sensors_resetCalibration:
  69:/Users/manueldeneu/Documents/projets/dev/Monu100/MicroController/MicMonu100/MicMonu100/Sensors.c **** }
  70:/Users/manueldeneu/Documents/projets/dev/Monu100/MicroController/MicMonu100/MicMonu100/Sensors.c **** 
  71:/Users/manueldeneu/Documents/projets/dev/Monu100/MicroController/MicMonu100/MicMonu100/Sensors.c **** /* **** **** **** **** **** **** **** **** **** **** **** **** **** **** **** **** **** */
  72:/Users/manueldeneu/Documents/projets/dev/Monu100/MicroController/MicMonu100/MicMonu100/Sensors.c **** 
  73:/Users/manueldeneu/Documents/projets/dev/Monu100/MicroController/MicMonu100/MicMonu100/Sensors.c **** inline uint16_t adc_read(uint8_t channel)
  74:/Users/manueldeneu/Documents/projets/dev/Monu100/MicroController/MicMonu100/MicMonu100/Sensors.c **** {
  75:/Users/manueldeneu/Documents/projets/dev/Monu100/MicroController/MicMonu100/MicMonu100/Sensors.c ****     
  76:/Users/manueldeneu/Documents/projets/dev/Monu100/MicroController/MicMonu100/MicMonu100/Sensors.c ****     ADMUX &= 0xE0;           //Clear bits MUX0-4
  77:/Users/manueldeneu/Documents/projets/dev/Monu100/MicroController/MicMonu100/MicMonu100/Sensors.c ****     ADMUX |= channel&0x07;   //Defines the new ADC channel to be read by setting bits MUX0-2
  78:/Users/manueldeneu/Documents/projets/dev/Monu100/MicroController/MicMonu100/MicMonu100/Sensors.c ****     ADCSRB = channel&(1<<3); //Set MUX5
  79:/Users/manueldeneu/Documents/projets/dev/Monu100/MicroController/MicMonu100/MicMonu100/Sensors.c ****     ADCSRA |= (1<<ADSC);      //Starts a new conversion
  80:/Users/manueldeneu/Documents/projets/dev/Monu100/MicroController/MicMonu100/MicMonu100/Sensors.c ****     
  81:/Users/manueldeneu/Documents/projets/dev/Monu100/MicroController/MicMonu100/MicMonu100/Sensors.c ****     while( ADCSRA & (1<<ADSC) );  //Wait until the conversion is done
  82:/Users/manueldeneu/Documents/projets/dev/Monu100/MicroController/MicMonu100/MicMonu100/Sensors.c ****     
  83:/Users/manueldeneu/Documents/projets/dev/Monu100/MicroController/MicMonu100/MicMonu100/Sensors.c ****     return ADCW;
  84:/Users/manueldeneu/Documents/projets/dev/Monu100/MicroController/MicMonu100/MicMonu100/Sensors.c **** }
  85:/Users/manueldeneu/Documents/projets/dev/Monu100/MicroController/MicMonu100/MicMonu100/Sensors.c **** 
  86:/Users/manueldeneu/Documents/projets/dev/Monu100/MicroController/MicMonu100/MicMonu100/Sensors.c **** /* **** **** **** **** **** **** **** **** **** **** **** **** **** **** **** **** **** */
  87:/Users/manueldeneu/Documents/projets/dev/Monu100/MicroController/MicMonu100/MicMonu100/Sensors.c **** /* **** **** **** **** **** **** **** **** **** **** **** **** **** **** **** **** **** */
  88:/Users/manueldeneu/Documents/projets/dev/Monu100/MicroController/MicMonu100/MicMonu100/Sensors.c **** 
  89:/Users/manueldeneu/Documents/projets/dev/Monu100/MicroController/MicMonu100/MicMonu100/Sensors.c **** void sensors_init( Sensors *sensors)
  90:/Users/manueldeneu/Documents/projets/dev/Monu100/MicroController/MicMonu100/MicMonu100/Sensors.c **** {
  91:/Users/manueldeneu/Documents/projets/dev/Monu100/MicroController/MicMonu100/MicMonu100/Sensors.c ****     adc_init();    
  92:/Users/manueldeneu/Documents/projets/dev/Monu100/MicroController/MicMonu100/MicMonu100/Sensors.c ****     sensors_resetCalibration( sensors );
  93:/Users/manueldeneu/Documents/projets/dev/Monu100/MicroController/MicMonu100/MicMonu100/Sensors.c ****     
  94:/Users/manueldeneu/Documents/projets/dev/Monu100/MicroController/MicMonu100/MicMonu100/Sensors.c ****     sensors->thresholdHigh = 0;
  95:/Users/manueldeneu/Documents/projets/dev/Monu100/MicroController/MicMonu100/MicMonu100/Sensors.c ****     
  96:/Users/manueldeneu/Documents/projets/dev/Monu100/MicroController/MicMonu100/MicMonu100/Sensors.c ****     sensors->thresholdLow  = 0;
  97:/Users/manueldeneu/Documents/projets/dev/Monu100/MicroController/MicMonu100/MicMonu100/Sensors.c ****     
  98:/Users/manueldeneu/Documents/projets/dev/Monu100/MicroController/MicMonu100/MicMonu100/Sensors.c ****     for (int j = 0; j<MIC_SENSOR_COUNT ; j++) // mics
  99:/Users/manueldeneu/Documents/projets/dev/Monu100/MicroController/MicMonu100/MicMonu100/Sensors.c ****     {
 100:/Users/manueldeneu/Documents/projets/dev/Monu100/MicroController/MicMonu100/MicMonu100/Sensors.c ****         
 101:/Users/manueldeneu/Documents/projets/dev/Monu100/MicroController/MicMonu100/MicMonu100/Sensors.c ****         for (int i = 0; i < MIC_SENSOR_COUNT ; i++)
 102:/Users/manueldeneu/Documents/projets/dev/Monu100/MicroController/MicMonu100/MicMonu100/Sensors.c ****         {
 103:/Users/manueldeneu/Documents/projets/dev/Monu100/MicroController/MicMonu100/MicMonu100/Sensors.c ****             sensors->values[i][j] = 0;
 104:/Users/manueldeneu/Documents/projets/dev/Monu100/MicroController/MicMonu100/MicMonu100/Sensors.c ****         }
 105:/Users/manueldeneu/Documents/projets/dev/Monu100/MicroController/MicMonu100/MicMonu100/Sensors.c ****     }
 106:/Users/manueldeneu/Documents/projets/dev/Monu100/MicroController/MicMonu100/MicMonu100/Sensors.c ****     
 107:/Users/manueldeneu/Documents/projets/dev/Monu100/MicroController/MicMonu100/MicMonu100/Sensors.c **** }
 108:/Users/manueldeneu/Documents/projets/dev/Monu100/MicroController/MicMonu100/MicMonu100/Sensors.c **** 
 109:/Users/manueldeneu/Documents/projets/dev/Monu100/MicroController/MicMonu100/MicMonu100/Sensors.c **** /* **** **** **** **** **** **** **** **** **** **** **** **** **** **** **** **** **** */
 110:/Users/manueldeneu/Documents/projets/dev/Monu100/MicroController/MicMonu100/MicMonu100/Sensors.c **** 
 111:/Users/manueldeneu/Documents/projets/dev/Monu100/MicroController/MicMonu100/MicMonu100/Sensors.c **** void sensors_resetCalibration( Sensors *sensors )
 112:/Users/manueldeneu/Documents/projets/dev/Monu100/MicroController/MicMonu100/MicMonu100/Sensors.c **** {
 212               	.LM16:
 213               	.LFBB2:
 214               	/* prologue: function */
 215               	/* frame size = 0 */
 216               	/* stack size = 0 */
 217               	.L__stack_usage = 0
 219               	.LM17:
 220 004c 20E0      		ldi r18,0
 221 004e 30E0      		ldi r19,0
 222               	.L6:
 224               	.LM18:
 225 0050 40E0      		ldi r20,0
 226 0052 50E0      		ldi r21,0
 227 0054 BC01      		movw r22,r24
 228 0056 620F      		add r22,r18
 229 0058 731F      		adc r23,r19
 230               	.L9:
 231 005a FB01      		movw r30,r22
 232 005c E40F      		add r30,r20
 233 005e F51F      		adc r31,r21
 234               	.LBB12:
 235               	.LBB13:
 113:/Users/manueldeneu/Documents/projets/dev/Monu100/MicroController/MicMonu100/MicMonu100/Sensors.c ****     for (int j = 0; j<MIC_SENSOR_COUNT ; j++) // mics
 114:/Users/manueldeneu/Documents/projets/dev/Monu100/MicroController/MicMonu100/MicMonu100/Sensors.c ****     {
 115:/Users/manueldeneu/Documents/projets/dev/Monu100/MicroController/MicMonu100/MicMonu100/Sensors.c ****         
 116:/Users/manueldeneu/Documents/projets/dev/Monu100/MicroController/MicMonu100/MicMonu100/Sensors.c ****         for (int i = 0; i < MIC_SENSOR_COUNT ; i++)
 117:/Users/manueldeneu/Documents/projets/dev/Monu100/MicroController/MicMonu100/MicMonu100/Sensors.c ****         {
 118:/Users/manueldeneu/Documents/projets/dev/Monu100/MicroController/MicMonu100/MicMonu100/Sensors.c ****             sensors->calibValues[i][j] = 0;
 237               	.LM19:
 238 0060 1182      		std Z+1,__zero_reg__
 239 0062 1082      		st Z,__zero_reg__
 240 0064 425E      		subi r20,-30
 241 0066 5F4F      		sbci r21,-1
 116:/Users/manueldeneu/Documents/projets/dev/Monu100/MicroController/MicMonu100/MicMonu100/Sensors.c ****         for (int i = 0; i < MIC_SENSOR_COUNT ; i++)
 243               	.LM20:
 244 0068 423C      		cpi r20,-62
 245 006a E1E0      		ldi r30,1
 246 006c 5E07      		cpc r21,r30
 247 006e 01F4      		brne .L9
 248 0070 2E5F      		subi r18,-2
 249 0072 3F4F      		sbci r19,-1
 250               	.LBE13:
 113:/Users/manueldeneu/Documents/projets/dev/Monu100/MicroController/MicMonu100/MicMonu100/Sensors.c ****     for (int j = 0; j<MIC_SENSOR_COUNT ; j++) // mics
 252               	.LM21:
 253 0074 2E31      		cpi r18,30
 254 0076 3105      		cpc r19,__zero_reg__
 255 0078 01F4      		brne .L6
 256 007a 0895      		ret
 257               	.LBE12:
 259               	.Lscope2:
 262               	.global	sensors_init
 264               	sensors_init:
  90:/Users/manueldeneu/Documents/projets/dev/Monu100/MicroController/MicMonu100/MicMonu100/Sensors.c **** {
 266               	.LM22:
 267               	.LFBB3:
 268 007c CF93      		push r28
 269 007e DF93      		push r29
 270               	/* prologue: function */
 271               	/* frame size = 0 */
 272               	/* stack size = 2 */
 273               	.L__stack_usage = 2
 274 0080 EC01      		movw r28,r24
  91:/Users/manueldeneu/Documents/projets/dev/Monu100/MicroController/MicMonu100/MicMonu100/Sensors.c ****     adc_init();    
 276               	.LM23:
 277 0082 0E94 0000 		call adc_init
  92:/Users/manueldeneu/Documents/projets/dev/Monu100/MicroController/MicMonu100/MicMonu100/Sensors.c ****     sensors_resetCalibration( sensors );
 279               	.LM24:
 280 0086 CE01      		movw r24,r28
 281 0088 0E94 0000 		call sensors_resetCalibration
  94:/Users/manueldeneu/Documents/projets/dev/Monu100/MicroController/MicMonu100/MicMonu100/Sensors.c ****     sensors->thresholdHigh = 0;
 283               	.LM25:
 284 008c FE01      		movw r30,r28
 285 008e EE53      		subi r30,62
 286 0090 FE4F      		sbci r31,-2
 287 0092 1182      		std Z+1,__zero_reg__
 288 0094 1082      		st Z,__zero_reg__
  96:/Users/manueldeneu/Documents/projets/dev/Monu100/MicroController/MicMonu100/MicMonu100/Sensors.c ****     sensors->thresholdLow  = 0;
 290               	.LM26:
 291 0096 3296      		adiw r30,2
 292 0098 1182      		std Z+1,__zero_reg__
 293 009a 1082      		st Z,__zero_reg__
 294               	.LBB14:
  98:/Users/manueldeneu/Documents/projets/dev/Monu100/MicroController/MicMonu100/MicMonu100/Sensors.c ****     for (int j = 0; j<MIC_SENSOR_COUNT ; j++) // mics
 296               	.LM27:
 297 009c 80E0      		ldi r24,0
 298 009e 90E0      		ldi r25,0
 299               	.L11:
 300               	.LBE14:
  90:/Users/manueldeneu/Documents/projets/dev/Monu100/MicroController/MicMonu100/MicMonu100/Sensors.c **** {
 302               	.LM28:
 303 00a0 20E0      		ldi r18,0
 304 00a2 30E0      		ldi r19,0
 305 00a4 AE01      		movw r20,r28
 306 00a6 480F      		add r20,r24
 307 00a8 591F      		adc r21,r25
 308               	.L14:
 309 00aa FA01      		movw r30,r20
 310 00ac E20F      		add r30,r18
 311 00ae F31F      		adc r31,r19
 312 00b0 E753      		subi r30,55
 313 00b2 FE4F      		sbci r31,-2
 314               	.LBB16:
 315               	.LBB15:
 103:/Users/manueldeneu/Documents/projets/dev/Monu100/MicroController/MicMonu100/MicMonu100/Sensors.c ****             sensors->values[i][j] = 0;
 317               	.LM29:
 318 00b4 1082      		st Z,__zero_reg__
 319 00b6 215F      		subi r18,-15
 320 00b8 3F4F      		sbci r19,-1
 101:/Users/manueldeneu/Documents/projets/dev/Monu100/MicroController/MicMonu100/MicMonu100/Sensors.c ****         for (int i = 0; i < MIC_SENSOR_COUNT ; i++)
 322               	.LM30:
 323 00ba 213E      		cpi r18,-31
 324 00bc 3105      		cpc r19,__zero_reg__
 325 00be 01F4      		brne .L14
 326               	.LBE15:
  98:/Users/manueldeneu/Documents/projets/dev/Monu100/MicroController/MicMonu100/MicMonu100/Sensors.c ****     for (int j = 0; j<MIC_SENSOR_COUNT ; j++) // mics
 328               	.LM31:
 329 00c0 0196      		adiw r24,1
 330 00c2 8F30      		cpi r24,15
 331 00c4 9105      		cpc r25,__zero_reg__
 332 00c6 01F4      		brne .L11
 333               	/* epilogue start */
 334               	.LBE16:
 107:/Users/manueldeneu/Documents/projets/dev/Monu100/MicroController/MicMonu100/MicMonu100/Sensors.c **** }
 336               	.LM32:
 337 00c8 DF91      		pop r29
 338 00ca CF91      		pop r28
 339 00cc 0895      		ret
 347               	.Lscope3:
 348               	.global	__floatunsisf
 349               	.global	__addsf3
 350               	.global	__floatsisf
 351               	.global	__divsf3
 352               	.global	__fixunssfsi
 355               	.global	sensors_calibration
 357               	sensors_calibration:
 119:/Users/manueldeneu/Documents/projets/dev/Monu100/MicroController/MicMonu100/MicMonu100/Sensors.c ****         }
 120:/Users/manueldeneu/Documents/projets/dev/Monu100/MicroController/MicMonu100/MicMonu100/Sensors.c ****     }
 121:/Users/manueldeneu/Documents/projets/dev/Monu100/MicroController/MicMonu100/MicMonu100/Sensors.c ****     
 122:/Users/manueldeneu/Documents/projets/dev/Monu100/MicroController/MicMonu100/MicMonu100/Sensors.c **** }
 123:/Users/manueldeneu/Documents/projets/dev/Monu100/MicroController/MicMonu100/MicMonu100/Sensors.c **** 
 124:/Users/manueldeneu/Documents/projets/dev/Monu100/MicroController/MicMonu100/MicMonu100/Sensors.c **** /* **** **** **** **** **** **** **** **** **** **** **** **** **** **** **** **** **** */
 125:/Users/manueldeneu/Documents/projets/dev/Monu100/MicroController/MicMonu100/MicMonu100/Sensors.c **** 
 126:/Users/manueldeneu/Documents/projets/dev/Monu100/MicroController/MicMonu100/MicMonu100/Sensors.c **** void sensors_calibration( Sensors *sensors , uint8_t count)
 127:/Users/manueldeneu/Documents/projets/dev/Monu100/MicroController/MicMonu100/MicMonu100/Sensors.c **** {
 359               	.LM33:
 360               	.LFBB4:
 361 00ce 2F92      		push r2
 362 00d0 3F92      		push r3
 363 00d2 4F92      		push r4
 364 00d4 5F92      		push r5
 365 00d6 6F92      		push r6
 366 00d8 7F92      		push r7
 367 00da 8F92      		push r8
 368 00dc 9F92      		push r9
 369 00de AF92      		push r10
 370 00e0 BF92      		push r11
 371 00e2 CF92      		push r12
 372 00e4 DF92      		push r13
 373 00e6 EF92      		push r14
 374 00e8 FF92      		push r15
 375 00ea 0F93      		push r16
 376 00ec 1F93      		push r17
 377 00ee CF93      		push r28
 378 00f0 DF93      		push r29
 379 00f2 CDB7      		in r28,__SP_L__
 380 00f4 DEB7      		in r29,__SP_H__
 381 00f6 C159      		subi r28,-111
 382 00f8 D340      		sbci r29,3
 383 00fa 0FB6      		in __tmp_reg__,__SREG__
 384 00fc F894      		cli
 385 00fe DEBF      		out __SP_H__,r29
 386 0100 0FBE      		out __SREG__,__tmp_reg__
 387 0102 CDBF      		out __SP_L__,r28
 388               	/* prologue: function */
 389               	/* frame size = 913 */
 390               	/* stack size = 931 */
 391               	.L__stack_usage = 931
 392 0104 C857      		subi r28,lo8(-904)
 393 0106 DC4F      		sbci r29,hi8(-904)
 394 0108 8883      		st Y,r24
 395 010a C858      		subi r28,lo8(904)
 396 010c D340      		sbci r29,hi8(904)
 397 010e C757      		subi r28,lo8(-905)
 398 0110 DC4F      		sbci r29,hi8(-905)
 399 0112 9883      		st Y,r25
 400 0114 C958      		subi r28,lo8(905)
 401 0116 D340      		sbci r29,hi8(905)
 402 0118 C957      		subi r28,lo8(-903)
 403 011a DC4F      		sbci r29,hi8(-903)
 404 011c 6883      		st Y,r22
 405 011e C758      		subi r28,lo8(903)
 406 0120 D340      		sbci r29,hi8(903)
 128:/Users/manueldeneu/Documents/projets/dev/Monu100/MicroController/MicMonu100/MicMonu100/Sensors.c ****     sensors_resetCalibration( sensors );
 408               	.LM34:
 409 0122 0E94 0000 		call sensors_resetCalibration
 410               	.LBB17:
 129:/Users/manueldeneu/Documents/projets/dev/Monu100/MicroController/MicMonu100/MicMonu100/Sensors.c ****     
 130:/Users/manueldeneu/Documents/projets/dev/Monu100/MicroController/MicMonu100/MicMonu100/Sensors.c ****     float temp[ SENSOR_COUNT ][ MIC_SENSOR_COUNT ];
 131:/Users/manueldeneu/Documents/projets/dev/Monu100/MicroController/MicMonu100/MicMonu100/Sensors.c ****     
 132:/Users/manueldeneu/Documents/projets/dev/Monu100/MicroController/MicMonu100/MicMonu100/Sensors.c ****     
 133:/Users/manueldeneu/Documents/projets/dev/Monu100/MicroController/MicMonu100/MicMonu100/Sensors.c ****     for ( uint8_t iter = 0; iter < count ; iter++)
 412               	.LM35:
 413 0126 712C      		mov r7,__zero_reg__
 414               	.LBB18:
 415               	.LBB19:
 134:/Users/manueldeneu/Documents/projets/dev/Monu100/MicroController/MicMonu100/MicMonu100/Sensors.c ****     {
 135:/Users/manueldeneu/Documents/projets/dev/Monu100/MicroController/MicMonu100/MicMonu100/Sensors.c ****         for (int j = 0; j<MIC_SENSOR_COUNT ; j++) // mics
 136:/Users/manueldeneu/Documents/projets/dev/Monu100/MicroController/MicMonu100/MicMonu100/Sensors.c ****         {
 137:/Users/manueldeneu/Documents/projets/dev/Monu100/MicroController/MicMonu100/MicMonu100/Sensors.c ****             
 138:/Users/manueldeneu/Documents/projets/dev/Monu100/MicroController/MicMonu100/MicMonu100/Sensors.c ****             for (int i = 0; i < MIC_SENSOR_COUNT ; i++)
 139:/Users/manueldeneu/Documents/projets/dev/Monu100/MicroController/MicMonu100/MicMonu100/Sensors.c ****             {
 140:/Users/manueldeneu/Documents/projets/dev/Monu100/MicroController/MicMonu100/MicMonu100/Sensors.c **** 
 141:/Users/manueldeneu/Documents/projets/dev/Monu100/MicroController/MicMonu100/MicMonu100/Sensors.c ****                 
 142:/Users/manueldeneu/Documents/projets/dev/Monu100/MicroController/MicMonu100/MicMonu100/Sensors.c ****                 if (iter == 0)
 143:/Users/manueldeneu/Documents/projets/dev/Monu100/MicroController/MicMonu100/MicMonu100/Sensors.c ****                     temp[i][j] = 0;
 144:/Users/manueldeneu/Documents/projets/dev/Monu100/MicroController/MicMonu100/MicMonu100/Sensors.c ****                 
 145:/Users/manueldeneu/Documents/projets/dev/Monu100/MicroController/MicMonu100/MicMonu100/Sensors.c ****                 temp[i][j] += adc_read( i );// >> ADC_SHIFT_MULT;
 146:/Users/manueldeneu/Documents/projets/dev/Monu100/MicroController/MicMonu100/MicMonu100/Sensors.c ****                 
 147:/Users/manueldeneu/Documents/projets/dev/Monu100/MicroController/MicMonu100/MicMonu100/Sensors.c ****                 if( iter == count-1)
 417               	.LM36:
 418 0128 C957      		subi r28,lo8(-903)
 419 012a DC4F      		sbci r29,hi8(-903)
 420 012c 2881      		ld r18,Y
 421 012e C758      		subi r28,lo8(903)
 422 0130 D340      		sbci r29,hi8(903)
 423 0132 822F      		mov r24,r18
 424 0134 90E0      		ldi r25,0
 425 0136 AC01      		movw r20,r24
 426 0138 4150      		subi r20,1
 427 013a 5109      		sbc r21,__zero_reg__
 428 013c C457      		subi r28,lo8(-908)
 429 013e DC4F      		sbci r29,hi8(-908)
 430 0140 5983      		std Y+1,r21
 431 0142 4883      		st Y,r20
 432 0144 CC58      		subi r28,lo8(908)
 433 0146 D340      		sbci r29,hi8(908)
 148:/Users/manueldeneu/Documents/projets/dev/Monu100/MicroController/MicMonu100/MicMonu100/Sensors.c ****                 {
 149:/Users/manueldeneu/Documents/projets/dev/Monu100/MicroController/MicMonu100/MicMonu100/Sensors.c ****                     temp[i][j] /= count;
 435               	.LM37:
 436 0148 9C01      		movw r18,r24
 437 014a 4427      		clr r20
 438 014c 37FD      		sbrc r19,7
 439 014e 4095      		com r20
 440 0150 542F      		mov r21,r20
 441 0152 C257      		subi r28,lo8(-910)
 442 0154 DC4F      		sbci r29,hi8(-910)
 443 0156 2883      		st Y,r18
 444 0158 3983      		std Y+1,r19
 445 015a 4A83      		std Y+2,r20
 446 015c 5B83      		std Y+3,r21
 447 015e CE58      		subi r28,lo8(910)
 448 0160 D340      		sbci r29,hi8(910)
 449               	.L16:
 450               	.LBE19:
 451               	.LBE18:
 133:/Users/manueldeneu/Documents/projets/dev/Monu100/MicroController/MicMonu100/MicMonu100/Sensors.c ****     for ( uint8_t iter = 0; iter < count ; iter++)
 453               	.LM38:
 454 0162 C957      		subi r28,lo8(-903)
 455 0164 DC4F      		sbci r29,hi8(-903)
 456 0166 8881      		ld r24,Y
 457 0168 C758      		subi r28,lo8(903)
 458 016a D340      		sbci r29,hi8(903)
 459 016c 7816      		cp r7,r24
 460 016e 01F4      		brne .+2
 461 0170 00C0      		rjmp .L15
 462 0172 FE01      		movw r30,r28
 463 0174 3196      		adiw r30,1
 464 0176 2F01      		movw r4,r30
 465 0178 C857      		subi r28,lo8(-904)
 466 017a DC4F      		sbci r29,hi8(-904)
 467 017c 2880      		ld r2,Y
 468 017e C858      		subi r28,lo8(904)
 469 0180 D340      		sbci r29,hi8(904)
 470 0182 C757      		subi r28,lo8(-905)
 471 0184 DC4F      		sbci r29,hi8(-905)
 472 0186 3880      		ld r3,Y
 473 0188 C958      		subi r28,lo8(905)
 474 018a D340      		sbci r29,hi8(905)
 133:/Users/manueldeneu/Documents/projets/dev/Monu100/MicroController/MicMonu100/MicMonu100/Sensors.c ****     for ( uint8_t iter = 0; iter < count ; iter++)
 476               	.LM39:
 477 018c 00E0      		ldi r16,0
 478 018e 10E0      		ldi r17,0
 479               	.LBB24:
 480               	.LBB22:
 147:/Users/manueldeneu/Documents/projets/dev/Monu100/MicroController/MicMonu100/MicMonu100/Sensors.c ****                 if( iter == count-1)
 482               	.LM40:
 483 0190 272D      		mov r18,r7
 484 0192 30E0      		ldi r19,0
 485 0194 C657      		subi r28,lo8(-906)
 486 0196 DC4F      		sbci r29,hi8(-906)
 487 0198 3983      		std Y+1,r19
 488 019a 2883      		st Y,r18
 489 019c CA58      		subi r28,lo8(906)
 490 019e D340      		sbci r29,hi8(906)
 491               	.L28:
 492               	.LBE22:
 493               	.LBE24:
 494               	.LBE17:
 127:/Users/manueldeneu/Documents/projets/dev/Monu100/MicroController/MicMonu100/MicMonu100/Sensors.c **** {
 496               	.LM41:
 497 01a0 612C      		mov r6,__zero_reg__
 498 01a2 812C      		mov r8,__zero_reg__
 499 01a4 912C      		mov r9,__zero_reg__
 500 01a6 A12C      		mov r10,__zero_reg__
 501 01a8 B12C      		mov r11,__zero_reg__
 502               	.L26:
 503 01aa A201      		movw r20,r4
 504 01ac 4A0D      		add r20,r10
 505 01ae 5B1D      		adc r21,r11
 506 01b0 CB57      		subi r28,lo8(-901)
 507 01b2 DC4F      		sbci r29,hi8(-901)
 508 01b4 5983      		std Y+1,r21
 509 01b6 4883      		st Y,r20
 510 01b8 C558      		subi r28,lo8(901)
 511 01ba D340      		sbci r29,hi8(901)
 512               	.LBB26:
 513               	.LBB25:
 514               	.LBB23:
 142:/Users/manueldeneu/Documents/projets/dev/Monu100/MicroController/MicMonu100/MicMonu100/Sensors.c ****                 if (iter == 0)
 516               	.LM42:
 517 01bc 7110      		cpse r7,__zero_reg__
 518 01be 00C0      		rjmp .L17
 143:/Users/manueldeneu/Documents/projets/dev/Monu100/MicroController/MicMonu100/MicMonu100/Sensors.c ****                     temp[i][j] = 0;
 520               	.LM43:
 521 01c0 FA01      		movw r30,r20
 522 01c2 1082      		st Z,__zero_reg__
 523 01c4 1182      		std Z+1,__zero_reg__
 524 01c6 1282      		std Z+2,__zero_reg__
 525 01c8 1382      		std Z+3,__zero_reg__
 526               	.L17:
 145:/Users/manueldeneu/Documents/projets/dev/Monu100/MicroController/MicMonu100/MicMonu100/Sensors.c ****                 temp[i][j] += adc_read( i );// >> ADC_SHIFT_MULT;
 528               	.LM44:
 529 01ca CB57      		subi r28,lo8(-901)
 530 01cc DC4F      		sbci r29,hi8(-901)
 531 01ce E881      		ld r30,Y
 532 01d0 F981      		ldd r31,Y+1
 533 01d2 C558      		subi r28,lo8(901)
 534 01d4 D340      		sbci r29,hi8(901)
 535 01d6 C080      		ld r12,Z
 536 01d8 D180      		ldd r13,Z+1
 537 01da E280      		ldd r14,Z+2
 538 01dc F380      		ldd r15,Z+3
 539               	.LBB20:
 540               	.LBB21:
  76:/Users/manueldeneu/Documents/projets/dev/Monu100/MicroController/MicMonu100/MicMonu100/Sensors.c ****     ADMUX &= 0xE0;           //Clear bits MUX0-4
 542               	.LM45:
 543 01de 8091 7C00 		lds r24,124
 544 01e2 807E      		andi r24,lo8(-32)
 545 01e4 8093 7C00 		sts 124,r24
  77:/Users/manueldeneu/Documents/projets/dev/Monu100/MicroController/MicMonu100/MicMonu100/Sensors.c ****     ADMUX |= channel&0x07;   //Defines the new ADC channel to be read by setting bits MUX0-2
 547               	.LM46:
 548 01e8 9091 7C00 		lds r25,124
 549 01ec 862D      		mov r24,r6
 550 01ee 8770      		andi r24,lo8(7)
 551 01f0 892B      		or r24,r25
 552 01f2 8093 7C00 		sts 124,r24
  78:/Users/manueldeneu/Documents/projets/dev/Monu100/MicroController/MicMonu100/MicMonu100/Sensors.c ****     ADCSRB = channel&(1<<3); //Set MUX5
 554               	.LM47:
 555 01f6 862D      		mov r24,r6
 556 01f8 8870      		andi r24,lo8(8)
 557 01fa 8093 7B00 		sts 123,r24
  79:/Users/manueldeneu/Documents/projets/dev/Monu100/MicroController/MicMonu100/MicMonu100/Sensors.c ****     ADCSRA |= (1<<ADSC);      //Starts a new conversion
 559               	.LM48:
 560 01fe 8091 7A00 		lds r24,122
 561 0202 8064      		ori r24,lo8(64)
 562 0204 8093 7A00 		sts 122,r24
 563               	.L19:
  81:/Users/manueldeneu/Documents/projets/dev/Monu100/MicroController/MicMonu100/MicMonu100/Sensors.c ****     while( ADCSRA & (1<<ADSC) );  //Wait until the conversion is done
 565               	.LM49:
 566 0208 8091 7A00 		lds r24,122
 567 020c 86FD      		sbrc r24,6
 568 020e 00C0      		rjmp .L19
  83:/Users/manueldeneu/Documents/projets/dev/Monu100/MicroController/MicMonu100/MicMonu100/Sensors.c ****     return ADCW;
 570               	.LM50:
 571 0210 6091 7800 		lds r22,120
 572 0214 7091 7900 		lds r23,120+1
 573               	.LBE21:
 574               	.LBE20:
 145:/Users/manueldeneu/Documents/projets/dev/Monu100/MicroController/MicMonu100/MicMonu100/Sensors.c ****                 temp[i][j] += adc_read( i );// >> ADC_SHIFT_MULT;
 576               	.LM51:
 577 0218 80E0      		ldi r24,0
 578 021a 90E0      		ldi r25,0
 579 021c 0E94 0000 		call __floatunsisf
 580 0220 9B01      		movw r18,r22
 581 0222 AC01      		movw r20,r24
 582 0224 C701      		movw r24,r14
 583 0226 B601      		movw r22,r12
 584 0228 0E94 0000 		call __addsf3
 585 022c 6B01      		movw r12,r22
 586 022e 7C01      		movw r14,r24
 147:/Users/manueldeneu/Documents/projets/dev/Monu100/MicroController/MicMonu100/MicMonu100/Sensors.c ****                 if( iter == count-1)
 588               	.LM52:
 589 0230 C657      		subi r28,lo8(-906)
 590 0232 DC4F      		sbci r29,hi8(-906)
 591 0234 2881      		ld r18,Y
 592 0236 3981      		ldd r19,Y+1
 593 0238 CA58      		subi r28,lo8(906)
 594 023a D340      		sbci r29,hi8(906)
 595 023c C457      		subi r28,lo8(-908)
 596 023e DC4F      		sbci r29,hi8(-908)
 597 0240 4881      		ld r20,Y
 598 0242 5981      		ldd r21,Y+1
 599 0244 CC58      		subi r28,lo8(908)
 600 0246 D340      		sbci r29,hi8(908)
 601 0248 2417      		cp r18,r20
 602 024a 3507      		cpc r19,r21
 603 024c 01F0      		breq .L20
 145:/Users/manueldeneu/Documents/projets/dev/Monu100/MicroController/MicMonu100/MicMonu100/Sensors.c ****                 temp[i][j] += adc_read( i );// >> ADC_SHIFT_MULT;
 605               	.LM53:
 606 024e CB57      		subi r28,lo8(-901)
 607 0250 DC4F      		sbci r29,hi8(-901)
 608 0252 E881      		ld r30,Y
 609 0254 F981      		ldd r31,Y+1
 610 0256 C558      		subi r28,lo8(901)
 611 0258 D340      		sbci r29,hi8(901)
 612 025a 6083      		st Z,r22
 613 025c 7183      		std Z+1,r23
 614 025e 8283      		std Z+2,r24
 615 0260 9383      		std Z+3,r25
 616 0262 00C0      		rjmp .L21
 617               	.L20:
 619               	.LM54:
 620 0264 C257      		subi r28,lo8(-910)
 621 0266 DC4F      		sbci r29,hi8(-910)
 622 0268 6881      		ld r22,Y
 623 026a 7981      		ldd r23,Y+1
 624 026c 8A81      		ldd r24,Y+2
 625 026e 9B81      		ldd r25,Y+3
 626 0270 CE58      		subi r28,lo8(910)
 627 0272 D340      		sbci r29,hi8(910)
 628 0274 0E94 0000 		call __floatsisf
 629 0278 9B01      		movw r18,r22
 630 027a AC01      		movw r20,r24
 631 027c C701      		movw r24,r14
 632 027e B601      		movw r22,r12
 633 0280 0E94 0000 		call __divsf3
 634 0284 CB57      		subi r28,lo8(-901)
 635 0286 DC4F      		sbci r29,hi8(-901)
 636 0288 E881      		ld r30,Y
 637 028a F981      		ldd r31,Y+1
 638 028c C558      		subi r28,lo8(901)
 639 028e D340      		sbci r29,hi8(901)
 640 0290 6083      		st Z,r22
 641 0292 7183      		std Z+1,r23
 642 0294 8283      		std Z+2,r24
 643 0296 9383      		std Z+3,r25
 150:/Users/manueldeneu/Documents/projets/dev/Monu100/MicroController/MicMonu100/MicMonu100/Sensors.c ****                     sensors->calibValues[i][j] =  (uint16_t)temp[i][j];
 645               	.LM55:
 646 0298 0E94 0000 		call __fixunssfsi
 647 029c F101      		movw r30,r2
 648 029e E80D      		add r30,r8
 649 02a0 F91D      		adc r31,r9
 650 02a2 7183      		std Z+1,r23
 651 02a4 6083      		st Z,r22
 652               	.L21:
 653 02a6 FCE3      		ldi r31,60
 654 02a8 AF0E      		add r10,r31
 655 02aa B11C      		adc r11,__zero_reg__
 656 02ac 2EE1      		ldi r18,30
 657 02ae 820E      		add r8,r18
 658 02b0 911C      		adc r9,__zero_reg__
 659 02b2 6394      		inc r6
 138:/Users/manueldeneu/Documents/projets/dev/Monu100/MicroController/MicMonu100/MicMonu100/Sensors.c ****             for (int i = 0; i < MIC_SENSOR_COUNT ; i++)
 661               	.LM56:
 662 02b4 3FE0      		ldi r19,lo8(15)
 663 02b6 6312      		cpse r6,r19
 664 02b8 00C0      		rjmp .L26
 665               	.LBE23:
 151:/Users/manueldeneu/Documents/projets/dev/Monu100/MicroController/MicMonu100/MicMonu100/Sensors.c ****                 }
 152:/Users/manueldeneu/Documents/projets/dev/Monu100/MicroController/MicMonu100/MicMonu100/Sensors.c ****             }
 153:/Users/manueldeneu/Documents/projets/dev/Monu100/MicroController/MicMonu100/MicMonu100/Sensors.c ****             
 154:/Users/manueldeneu/Documents/projets/dev/Monu100/MicroController/MicMonu100/MicMonu100/Sensors.c ****             
 155:/Users/manueldeneu/Documents/projets/dev/Monu100/MicroController/MicMonu100/MicMonu100/Sensors.c ****             if (j== (MIC_SENSOR_COUNT-1) )
 667               	.LM57:
 668 02ba 0E30      		cpi r16,14
 669 02bc 1105      		cpc r17,__zero_reg__
 670 02be 01F4      		brne .L23
 156:/Users/manueldeneu/Documents/projets/dev/Monu100/MicroController/MicMonu100/MicMonu100/Sensors.c ****             {
 157:/Users/manueldeneu/Documents/projets/dev/Monu100/MicroController/MicMonu100/MicMonu100/Sensors.c ****                 setHigh( LDR_DATA_PORT , LDR_DATA_PIN );
 672               	.LM58:
 673 02c0 5F9A      		sbi 0xb,7
 674 02c2 00C0      		rjmp .L24
 675               	.L23:
 158:/Users/manueldeneu/Documents/projets/dev/Monu100/MicroController/MicMonu100/MicMonu100/Sensors.c ****             }
 159:/Users/manueldeneu/Documents/projets/dev/Monu100/MicroController/MicMonu100/MicMonu100/Sensors.c ****             else
 160:/Users/manueldeneu/Documents/projets/dev/Monu100/MicroController/MicMonu100/MicMonu100/Sensors.c ****             {
 161:/Users/manueldeneu/Documents/projets/dev/Monu100/MicroController/MicMonu100/MicMonu100/Sensors.c ****                 setLow( LDR_DATA_PORT , LDR_DATA_PIN );
 677               	.LM59:
 678 02c4 5F98      		cbi 0xb,7
 679               	.L24:
 162:/Users/manueldeneu/Documents/projets/dev/Monu100/MicroController/MicMonu100/MicMonu100/Sensors.c ****             }
 163:/Users/manueldeneu/Documents/projets/dev/Monu100/MicroController/MicMonu100/MicMonu100/Sensors.c ****             
 164:/Users/manueldeneu/Documents/projets/dev/Monu100/MicroController/MicMonu100/MicMonu100/Sensors.c ****             pulse( LDR_CLOCK_PORT , LDR_CLOCK_PIN);
 681               	.LM60:
 682 02c6 5B9A      		sbi 0xb,3
 683 02c8 5B98      		cbi 0xb,3
 165:/Users/manueldeneu/Documents/projets/dev/Monu100/MicroController/MicMonu100/MicMonu100/Sensors.c ****             
 166:/Users/manueldeneu/Documents/projets/dev/Monu100/MicroController/MicMonu100/MicMonu100/Sensors.c ****             pulse( LDR_STROBE_PORT, LDR_STROBE_PIN);
 685               	.LM61:
 686 02ca 749A      		sbi 0xe,4
 687 02cc 7498      		cbi 0xe,4
 135:/Users/manueldeneu/Documents/projets/dev/Monu100/MicroController/MicMonu100/MicMonu100/Sensors.c ****         for (int j = 0; j<MIC_SENSOR_COUNT ; j++) // mics
 689               	.LM62:
 690 02ce 0F5F      		subi r16,-1
 691 02d0 1F4F      		sbci r17,-1
 692 02d2 44E0      		ldi r20,4
 693 02d4 440E      		add r4,r20
 694 02d6 511C      		adc r5,__zero_reg__
 695 02d8 52E0      		ldi r21,2
 696 02da 250E      		add r2,r21
 697 02dc 311C      		adc r3,__zero_reg__
 698 02de 0F30      		cpi r16,15
 699 02e0 1105      		cpc r17,__zero_reg__
 700 02e2 01F0      		breq .+2
 701 02e4 00C0      		rjmp .L28
 702               	.LBE25:
 133:/Users/manueldeneu/Documents/projets/dev/Monu100/MicroController/MicMonu100/MicMonu100/Sensors.c ****     for ( uint8_t iter = 0; iter < count ; iter++)
 704               	.LM63:
 705 02e6 7394      		inc r7
 706 02e8 00C0      		rjmp .L16
 707               	.L15:
 708               	/* epilogue start */
 709               	.LBE26:
 167:/Users/manueldeneu/Documents/projets/dev/Monu100/MicroController/MicMonu100/MicMonu100/Sensors.c ****             
 168:/Users/manueldeneu/Documents/projets/dev/Monu100/MicroController/MicMonu100/MicMonu100/Sensors.c ****         }
 169:/Users/manueldeneu/Documents/projets/dev/Monu100/MicroController/MicMonu100/MicMonu100/Sensors.c ****         
 170:/Users/manueldeneu/Documents/projets/dev/Monu100/MicroController/MicMonu100/MicMonu100/Sensors.c ****     }
 171:/Users/manueldeneu/Documents/projets/dev/Monu100/MicroController/MicMonu100/MicMonu100/Sensors.c ****     
 172:/Users/manueldeneu/Documents/projets/dev/Monu100/MicroController/MicMonu100/MicMonu100/Sensors.c **** }
 711               	.LM64:
 712 02ea CF56      		subi r28,111
 713 02ec DC4F      		sbci r29,-4
 714 02ee 0FB6      		in __tmp_reg__,__SREG__
 715 02f0 F894      		cli
 716 02f2 DEBF      		out __SP_H__,r29
 717 02f4 0FBE      		out __SREG__,__tmp_reg__
 718 02f6 CDBF      		out __SP_L__,r28
 719 02f8 DF91      		pop r29
 720 02fa CF91      		pop r28
 721 02fc 1F91      		pop r17
 722 02fe 0F91      		pop r16
 723 0300 FF90      		pop r15
 724 0302 EF90      		pop r14
 725 0304 DF90      		pop r13
 726 0306 CF90      		pop r12
 727 0308 BF90      		pop r11
 728 030a AF90      		pop r10
 729 030c 9F90      		pop r9
 730 030e 8F90      		pop r8
 731 0310 7F90      		pop r7
 732 0312 6F90      		pop r6
 733 0314 5F90      		pop r5
 734 0316 4F90      		pop r4
 735 0318 3F90      		pop r3
 736 031a 2F90      		pop r2
 737 031c 0895      		ret
 757               	.Lscope4:
 760               	.global	readFrame
 762               	readFrame:
 173:/Users/manueldeneu/Documents/projets/dev/Monu100/MicroController/MicMonu100/MicMonu100/Sensors.c **** 
 174:/Users/manueldeneu/Documents/projets/dev/Monu100/MicroController/MicMonu100/MicMonu100/Sensors.c **** /* **** **** **** **** **** **** **** **** **** **** **** **** **** **** **** **** **** */
 175:/Users/manueldeneu/Documents/projets/dev/Monu100/MicroController/MicMonu100/MicMonu100/Sensors.c **** 
 176:/Users/manueldeneu/Documents/projets/dev/Monu100/MicroController/MicMonu100/MicMonu100/Sensors.c **** void readFrame(Sensors *sensors)
 177:/Users/manueldeneu/Documents/projets/dev/Monu100/MicroController/MicMonu100/MicMonu100/Sensors.c **** {
 764               	.LM65:
 765               	.LFBB5:
 766               	/* prologue: function */
 767               	/* frame size = 0 */
 768               	/* stack size = 0 */
 769               	.L__stack_usage = 0
 178:/Users/manueldeneu/Documents/projets/dev/Monu100/MicroController/MicMonu100/MicMonu100/Sensors.c ****     extract_image( sensors );
 771               	.LM66:
 772 031e 0C94 0000 		jmp extract_image
 774               	.Lscope5:
 778               	.global	readRow
 780               	readRow:
 179:/Users/manueldeneu/Documents/projets/dev/Monu100/MicroController/MicMonu100/MicMonu100/Sensors.c **** }
 180:/Users/manueldeneu/Documents/projets/dev/Monu100/MicroController/MicMonu100/MicMonu100/Sensors.c **** 
 181:/Users/manueldeneu/Documents/projets/dev/Monu100/MicroController/MicMonu100/MicMonu100/Sensors.c **** /* **** **** **** **** **** **** **** **** **** **** **** **** **** **** **** **** **** */
 182:/Users/manueldeneu/Documents/projets/dev/Monu100/MicroController/MicMonu100/MicMonu100/Sensors.c **** 
 183:/Users/manueldeneu/Documents/projets/dev/Monu100/MicroController/MicMonu100/MicMonu100/Sensors.c **** void readRow( Sensors *sensors , uint8_t *buffer)
 184:/Users/manueldeneu/Documents/projets/dev/Monu100/MicroController/MicMonu100/MicMonu100/Sensors.c **** {
 782               	.LM67:
 783               	.LFBB6:
 784 0322 5F92      		push r5
 785 0324 6F92      		push r6
 786 0326 7F92      		push r7
 787 0328 8F92      		push r8
 788 032a 9F92      		push r9
 789 032c AF92      		push r10
 790 032e BF92      		push r11
 791 0330 CF92      		push r12
 792 0332 DF92      		push r13
 793 0334 EF92      		push r14
 794 0336 FF92      		push r15
 795 0338 0F93      		push r16
 796 033a 1F93      		push r17
 797 033c CF93      		push r28
 798 033e DF93      		push r29
 799               	/* prologue: function */
 800               	/* frame size = 0 */
 801               	/* stack size = 15 */
 802               	.L__stack_usage = 15
 803 0340 7C01      		movw r14,r24
 804 0342 3B01      		movw r6,r22
 806               	.LM68:
 807 0344 1AE1      		ldi r17,lo8(26)
 808               	.LBB27:
 185:/Users/manueldeneu/Documents/projets/dev/Monu100/MicroController/MicMonu100/MicMonu100/Sensors.c ****     
 186:/Users/manueldeneu/Documents/projets/dev/Monu100/MicroController/MicMonu100/MicMonu100/Sensors.c ****     for (int i = 0; i < MIC_SENSOR_COUNT ; i++)
 810               	.LM69:
 811 0346 C0E0      		ldi r28,0
 812 0348 D0E0      		ldi r29,0
 813               	.LBB28:
 187:/Users/manueldeneu/Documents/projets/dev/Monu100/MicroController/MicMonu100/MicMonu100/Sensors.c ****     {
 188:/Users/manueldeneu/Documents/projets/dev/Monu100/MicroController/MicMonu100/MicMonu100/Sensors.c ****         uint8_t x = 0;
 189:/Users/manueldeneu/Documents/projets/dev/Monu100/MicroController/MicMonu100/MicMonu100/Sensors.c ****         uint8_t y = 0;
 190:/Users/manueldeneu/Documents/projets/dev/Monu100/MicroController/MicMonu100/MicMonu100/Sensors.c ****         
 191:/Users/manueldeneu/Documents/projets/dev/Monu100/MicroController/MicMonu100/MicMonu100/Sensors.c ****         int val = ( adc_read( i ) );// - sensors->calibValues[i][ sensors->currentRow ];
 192:/Users/manueldeneu/Documents/projets/dev/Monu100/MicroController/MicMonu100/MicMonu100/Sensors.c **** 
 193:/Users/manueldeneu/Documents/projets/dev/Monu100/MicroController/MicMonu100/MicMonu100/Sensors.c **** 
 194:/Users/manueldeneu/Documents/projets/dev/Monu100/MicroController/MicMonu100/MicMonu100/Sensors.c ****         /*if ( val < sensors->thresholdLow )
 195:/Users/manueldeneu/Documents/projets/dev/Monu100/MicroController/MicMonu100/MicMonu100/Sensors.c ****             val = BLOB_SHADOW;
 196:/Users/manueldeneu/Documents/projets/dev/Monu100/MicroController/MicMonu100/MicMonu100/Sensors.c ****         
 197:/Users/manueldeneu/Documents/projets/dev/Monu100/MicroController/MicMonu100/MicMonu100/Sensors.c ****         else */if ( val > sensors->thresholdHigh )
 815               	.LM70:
 816 034a 4C01      		movw r8,r24
 817 034c 8EE3      		ldi r24,62
 818 034e 881A      		sub r8,r24
 819 0350 8EEF      		ldi r24,-2
 820 0352 980A      		sbc r9,r24
 198:/Users/manueldeneu/Documents/projets/dev/Monu100/MicroController/MicMonu100/MicMonu100/Sensors.c ****             val = BLOB_LIGHT;
 199:/Users/manueldeneu/Documents/projets/dev/Monu100/MicroController/MicMonu100/MicMonu100/Sensors.c ****         
 200:/Users/manueldeneu/Documents/projets/dev/Monu100/MicroController/MicMonu100/MicMonu100/Sensors.c ****         
 201:/Users/manueldeneu/Documents/projets/dev/Monu100/MicroController/MicMonu100/MicMonu100/Sensors.c ****         else
 202:/Users/manueldeneu/Documents/projets/dev/Monu100/MicroController/MicMonu100/MicMonu100/Sensors.c ****             val = 0;
 203:/Users/manueldeneu/Documents/projets/dev/Monu100/MicroController/MicMonu100/MicMonu100/Sensors.c **** 
 204:/Users/manueldeneu/Documents/projets/dev/Monu100/MicroController/MicMonu100/MicMonu100/Sensors.c ****         x = sensors->currentRow*2;
 822               	.LM71:
 823 0354 6701      		movw r12,r14
 824 0356 E8E3      		ldi r30,56
 825 0358 CE1A      		sub r12,r30
 826 035a EEEF      		ldi r30,-2
 827 035c DE0A      		sbc r13,r30
 205:/Users/manueldeneu/Documents/projets/dev/Monu100/MicroController/MicMonu100/MicMonu100/Sensors.c ****         y = (14-i)*2;
 206:/Users/manueldeneu/Documents/projets/dev/Monu100/MicroController/MicMonu100/MicMonu100/Sensors.c **** 
 207:/Users/manueldeneu/Documents/projets/dev/Monu100/MicroController/MicMonu100/MicMonu100/Sensors.c ****         if ( buffer != NULL)
 208:/Users/manueldeneu/Documents/projets/dev/Monu100/MicroController/MicMonu100/MicMonu100/Sensors.c ****             buffer[i] =(uint8_t) val ;
 209:/Users/manueldeneu/Documents/projets/dev/Monu100/MicroController/MicMonu100/MicMonu100/Sensors.c ****         
 210:/Users/manueldeneu/Documents/projets/dev/Monu100/MicroController/MicMonu100/MicMonu100/Sensors.c ****         sensors->values[i][ sensors->currentRow ] = val;
 829               	.LM72:
 830 035e 8FE0      		ldi r24,lo8(15)
 831 0360 582E      		mov r5,r24
 211:/Users/manueldeneu/Documents/projets/dev/Monu100/MicroController/MicMonu100/MicMonu100/Sensors.c **** 
 212:/Users/manueldeneu/Documents/projets/dev/Monu100/MicroController/MicMonu100/MicMonu100/Sensors.c ****         display_setFillColor( sensors->display, val );
 833               	.LM73:
 834 0362 5701      		movw r10,r14
 835 0364 FAE3      		ldi r31,58
 836 0366 AF1A      		sub r10,r31
 837 0368 FEEF      		ldi r31,-2
 838 036a BF0A      		sbc r11,r31
 839               	.L36:
 840               	.LBB29:
 841               	.LBB30:
  76:/Users/manueldeneu/Documents/projets/dev/Monu100/MicroController/MicMonu100/MicMonu100/Sensors.c ****     ADMUX &= 0xE0;           //Clear bits MUX0-4
 843               	.LM74:
 844 036c 8091 7C00 		lds r24,124
 845 0370 807E      		andi r24,lo8(-32)
 846 0372 8093 7C00 		sts 124,r24
  77:/Users/manueldeneu/Documents/projets/dev/Monu100/MicroController/MicMonu100/MicMonu100/Sensors.c ****     ADMUX |= channel&0x07;   //Defines the new ADC channel to be read by setting bits MUX0-2
 848               	.LM75:
 849 0376 9091 7C00 		lds r25,124
 850 037a 8C2F      		mov r24,r28
 851 037c 8770      		andi r24,lo8(7)
 852 037e 892B      		or r24,r25
 853 0380 8093 7C00 		sts 124,r24
  78:/Users/manueldeneu/Documents/projets/dev/Monu100/MicroController/MicMonu100/MicMonu100/Sensors.c ****     ADCSRB = channel&(1<<3); //Set MUX5
 855               	.LM76:
 856 0384 8C2F      		mov r24,r28
 857 0386 8870      		andi r24,lo8(8)
 858 0388 8093 7B00 		sts 123,r24
  79:/Users/manueldeneu/Documents/projets/dev/Monu100/MicroController/MicMonu100/MicMonu100/Sensors.c ****     ADCSRA |= (1<<ADSC);      //Starts a new conversion
 860               	.LM77:
 861 038c 8091 7A00 		lds r24,122
 862 0390 8064      		ori r24,lo8(64)
 863 0392 8093 7A00 		sts 122,r24
 864               	.L32:
  81:/Users/manueldeneu/Documents/projets/dev/Monu100/MicroController/MicMonu100/MicMonu100/Sensors.c ****     while( ADCSRA & (1<<ADSC) );  //Wait until the conversion is done
 866               	.LM78:
 867 0396 8091 7A00 		lds r24,122
 868 039a 86FD      		sbrc r24,6
 869 039c 00C0      		rjmp .L32
  83:/Users/manueldeneu/Documents/projets/dev/Monu100/MicroController/MicMonu100/MicMonu100/Sensors.c ****     return ADCW;
 871               	.LM79:
 872 039e 2091 7800 		lds r18,120
 873 03a2 3091 7900 		lds r19,120+1
 874               	.LBE30:
 875               	.LBE29:
 197:/Users/manueldeneu/Documents/projets/dev/Monu100/MicroController/MicMonu100/MicMonu100/Sensors.c ****         else */if ( val > sensors->thresholdHigh )
 877               	.LM80:
 878 03a6 F401      		movw r30,r8
 879 03a8 8081      		ld r24,Z
 880 03aa 9181      		ldd r25,Z+1
 881 03ac 8217      		cp r24,r18
 882 03ae 9307      		cpc r25,r19
 883 03b0 00F4      		brsh .L39
 198:/Users/manueldeneu/Documents/projets/dev/Monu100/MicroController/MicMonu100/MicMonu100/Sensors.c ****             val = BLOB_LIGHT;
 885               	.LM81:
 886 03b2 6FEF      		ldi r22,lo8(-1)
 887 03b4 00C0      		rjmp .L33
 888               	.L39:
 202:/Users/manueldeneu/Documents/projets/dev/Monu100/MicroController/MicMonu100/MicMonu100/Sensors.c ****             val = 0;
 890               	.LM82:
 891 03b6 60E0      		ldi r22,0
 892               	.L33:
 204:/Users/manueldeneu/Documents/projets/dev/Monu100/MicroController/MicMonu100/MicMonu100/Sensors.c ****         x = sensors->currentRow*2;
 894               	.LM83:
 895 03b8 F601      		movw r30,r12
 896 03ba 0081      		ld r16,Z
 897 03bc 000F      		lsl r16
 207:/Users/manueldeneu/Documents/projets/dev/Monu100/MicroController/MicMonu100/MicMonu100/Sensors.c ****         if ( buffer != NULL)
 899               	.LM84:
 900 03be 6114      		cp r6,__zero_reg__
 901 03c0 7104      		cpc r7,__zero_reg__
 902 03c2 01F0      		breq .L34
 903 03c4 F301      		movw r30,r6
 904 03c6 EC0F      		add r30,r28
 905 03c8 FD1F      		adc r31,r29
 208:/Users/manueldeneu/Documents/projets/dev/Monu100/MicroController/MicMonu100/MicMonu100/Sensors.c ****             buffer[i] =(uint8_t) val ;
 907               	.LM85:
 908 03ca 6083      		st Z,r22
 909               	.L34:
 210:/Users/manueldeneu/Documents/projets/dev/Monu100/MicroController/MicMonu100/MicMonu100/Sensors.c ****         sensors->values[i][ sensors->currentRow ] = val;
 911               	.LM86:
 912 03cc F601      		movw r30,r12
 913 03ce 8081      		ld r24,Z
 914 03d0 5C9E      		mul r5,r28
 915 03d2 9001      		movw r18,r0
 916 03d4 5D9E      		mul r5,r29
 917 03d6 300D      		add r19,r0
 918 03d8 1124      		clr __zero_reg__
 919 03da 2E0D      		add r18,r14
 920 03dc 3F1D      		adc r19,r15
 921 03de 280F      		add r18,r24
 922 03e0 311D      		adc r19,__zero_reg__
 923 03e2 F901      		movw r30,r18
 924 03e4 E753      		subi r30,55
 925 03e6 FE4F      		sbci r31,-2
 926 03e8 6083      		st Z,r22
 928               	.LM87:
 929 03ea F501      		movw r30,r10
 930 03ec 8081      		ld r24,Z
 931 03ee 9181      		ldd r25,Z+1
 932 03f0 0E94 0000 		call display_setFillColor
 213:/Users/manueldeneu/Documents/projets/dev/Monu100/MicroController/MicMonu100/MicMonu100/Sensors.c ****         display_fillZone( sensors->display , x - 2, y - 2 , 4, 4 );
 934               	.LM88:
 935 03f4 6EEF      		ldi r22,lo8(-2)
 936 03f6 600F      		add r22,r16
 937 03f8 04E0      		ldi r16,lo8(4)
 938 03fa 24E0      		ldi r18,lo8(4)
 939 03fc 412F      		mov r20,r17
 940 03fe F501      		movw r30,r10
 941 0400 8081      		ld r24,Z
 942 0402 9181      		ldd r25,Z+1
 943 0404 0E94 0000 		call display_fillZone
 944               	.LBE28:
 186:/Users/manueldeneu/Documents/projets/dev/Monu100/MicroController/MicMonu100/MicMonu100/Sensors.c ****     for (int i = 0; i < MIC_SENSOR_COUNT ; i++)
 946               	.LM89:
 947 0408 2196      		adiw r28,1
 948 040a 1250      		subi r17,lo8(-(-2))
 949 040c 1C3F      		cpi r17,lo8(-4)
 950 040e 01F0      		breq .+2
 951 0410 00C0      		rjmp .L36
 952               	.LBE27:
 214:/Users/manueldeneu/Documents/projets/dev/Monu100/MicroController/MicMonu100/MicMonu100/Sensors.c **** 
 215:/Users/manueldeneu/Documents/projets/dev/Monu100/MicroController/MicMonu100/MicMonu100/Sensors.c **** 
 216:/Users/manueldeneu/Documents/projets/dev/Monu100/MicroController/MicMonu100/MicMonu100/Sensors.c ****     }
 217:/Users/manueldeneu/Documents/projets/dev/Monu100/MicroController/MicMonu100/MicMonu100/Sensors.c ****     
 218:/Users/manueldeneu/Documents/projets/dev/Monu100/MicroController/MicMonu100/MicMonu100/Sensors.c ****     
 219:/Users/manueldeneu/Documents/projets/dev/Monu100/MicroController/MicMonu100/MicMonu100/Sensors.c ****     if (sensors->currentRow == ( MIC_SENSOR_COUNT - 1) )
 954               	.LM90:
 955 0412 F601      		movw r30,r12
 956 0414 8081      		ld r24,Z
 957 0416 8E30      		cpi r24,lo8(14)
 958 0418 01F4      		brne .L37
 220:/Users/manueldeneu/Documents/projets/dev/Monu100/MicroController/MicMonu100/MicMonu100/Sensors.c ****     {
 221:/Users/manueldeneu/Documents/projets/dev/Monu100/MicroController/MicMonu100/MicMonu100/Sensors.c ****         setHigh( LDR_DATA_PORT , LDR_DATA_PIN );
 960               	.LM91:
 961 041a 5F9A      		sbi 0xb,7
 962 041c 00C0      		rjmp .L38
 963               	.L37:
 222:/Users/manueldeneu/Documents/projets/dev/Monu100/MicroController/MicMonu100/MicMonu100/Sensors.c ****     }
 223:/Users/manueldeneu/Documents/projets/dev/Monu100/MicroController/MicMonu100/MicMonu100/Sensors.c ****     else
 224:/Users/manueldeneu/Documents/projets/dev/Monu100/MicroController/MicMonu100/MicMonu100/Sensors.c ****     {
 225:/Users/manueldeneu/Documents/projets/dev/Monu100/MicroController/MicMonu100/MicMonu100/Sensors.c ****         setLow( LDR_DATA_PORT , LDR_DATA_PIN );
 965               	.LM92:
 966 041e 5F98      		cbi 0xb,7
 967               	.L38:
 226:/Users/manueldeneu/Documents/projets/dev/Monu100/MicroController/MicMonu100/MicMonu100/Sensors.c ****     }
 227:/Users/manueldeneu/Documents/projets/dev/Monu100/MicroController/MicMonu100/MicMonu100/Sensors.c ****     
 228:/Users/manueldeneu/Documents/projets/dev/Monu100/MicroController/MicMonu100/MicMonu100/Sensors.c ****     pulse( LDR_CLOCK_PORT , LDR_CLOCK_PIN);
 969               	.LM93:
 970 0420 5B9A      		sbi 0xb,3
 971 0422 5B98      		cbi 0xb,3
 229:/Users/manueldeneu/Documents/projets/dev/Monu100/MicroController/MicMonu100/MicMonu100/Sensors.c ****     pulse( LDR_STROBE_PORT, LDR_STROBE_PIN);
 973               	.LM94:
 974 0424 749A      		sbi 0xe,4
 975 0426 7498      		cbi 0xe,4
 976               	/* epilogue start */
 230:/Users/manueldeneu/Documents/projets/dev/Monu100/MicroController/MicMonu100/MicMonu100/Sensors.c **** 
 231:/Users/manueldeneu/Documents/projets/dev/Monu100/MicroController/MicMonu100/MicMonu100/Sensors.c **** }
 978               	.LM95:
 979 0428 DF91      		pop r29
 980 042a CF91      		pop r28
 981 042c 1F91      		pop r17
 982 042e 0F91      		pop r16
 983 0430 FF90      		pop r15
 984 0432 EF90      		pop r14
 985 0434 DF90      		pop r13
 986 0436 CF90      		pop r12
 987 0438 BF90      		pop r11
 988 043a AF90      		pop r10
 989 043c 9F90      		pop r9
 990 043e 8F90      		pop r8
 991 0440 7F90      		pop r7
 992 0442 6F90      		pop r6
 993 0444 5F90      		pop r5
 994 0446 0895      		ret
 1002               	.Lscope6:
 1005               	.global	readAll
 1007               	readAll:
 232:/Users/manueldeneu/Documents/projets/dev/Monu100/MicroController/MicMonu100/MicMonu100/Sensors.c **** 
 233:/Users/manueldeneu/Documents/projets/dev/Monu100/MicroController/MicMonu100/MicMonu100/Sensors.c **** 
 234:/Users/manueldeneu/Documents/projets/dev/Monu100/MicroController/MicMonu100/MicMonu100/Sensors.c **** void readAll( Sensors *sensors)
 235:/Users/manueldeneu/Documents/projets/dev/Monu100/MicroController/MicMonu100/MicMonu100/Sensors.c **** {
 1009               	.LM96:
 1010               	.LFBB7:
 1011 0448 EF92      		push r14
 1012 044a FF92      		push r15
 1013 044c 0F93      		push r16
 1014 044e 1F93      		push r17
 1015 0450 CF93      		push r28
 1016 0452 DF93      		push r29
 1017               	/* prologue: function */
 1018               	/* frame size = 0 */
 1019               	/* stack size = 6 */
 1020               	.L__stack_usage = 6
 1021 0454 8C01      		movw r16,r24
 236:/Users/manueldeneu/Documents/projets/dev/Monu100/MicroController/MicMonu100/MicMonu100/Sensors.c ****     sensors->currentRow = 0;
 1023               	.LM97:
 1024 0456 EC01      		movw r28,r24
 1025 0458 C853      		subi r28,56
 1026 045a DE4F      		sbci r29,-2
 1027 045c 1882      		st Y,__zero_reg__
 237:/Users/manueldeneu/Documents/projets/dev/Monu100/MicroController/MicMonu100/MicMonu100/Sensors.c ****     display_clear( sensors->display );
 1029               	.LM98:
 1030 045e FC01      		movw r30,r24
 1031 0460 EA53      		subi r30,58
 1032 0462 FE4F      		sbci r31,-2
 1033 0464 8081      		ld r24,Z
 1034 0466 9181      		ldd r25,Z+1
 1035 0468 0E94 0000 		call display_clear
 1036 046c 9FE0      		ldi r25,lo8(15)
 1037 046e E92E      		mov r14,r25
 1038 0470 F12C      		mov r15,__zero_reg__
 1039               	.L45:
 1040               	.LBB31:
 238:/Users/manueldeneu/Documents/projets/dev/Monu100/MicroController/MicMonu100/MicMonu100/Sensors.c ****     for ( int i=0; i< MIC_SENSOR_COUNT;i++ )
 239:/Users/manueldeneu/Documents/projets/dev/Monu100/MicroController/MicMonu100/MicMonu100/Sensors.c ****     {
 240:/Users/manueldeneu/Documents/projets/dev/Monu100/MicroController/MicMonu100/MicMonu100/Sensors.c ****         readRow( sensors, NULL );
 1042               	.LM99:
 1043 0472 60E0      		ldi r22,0
 1044 0474 70E0      		ldi r23,0
 1045 0476 C801      		movw r24,r16
 1046 0478 0E94 0000 		call readRow
 241:/Users/manueldeneu/Documents/projets/dev/Monu100/MicroController/MicMonu100/MicMonu100/Sensors.c ****         sensors->currentRow++;
 1048               	.LM100:
 1049 047c 8881      		ld r24,Y
 1050 047e 8F5F      		subi r24,lo8(-(1))
 1051 0480 8883      		st Y,r24
 1052 0482 81E0      		ldi r24,1
 1053 0484 E81A      		sub r14,r24
 1054 0486 F108      		sbc r15,__zero_reg__
 238:/Users/manueldeneu/Documents/projets/dev/Monu100/MicroController/MicMonu100/MicMonu100/Sensors.c ****     for ( int i=0; i< MIC_SENSOR_COUNT;i++ )
 1056               	.LM101:
 1057 0488 E114      		cp r14,__zero_reg__
 1058 048a F104      		cpc r15,__zero_reg__
 1059 048c 01F4      		brne .L45
 1060               	/* epilogue start */
 1061               	.LBE31:
 242:/Users/manueldeneu/Documents/projets/dev/Monu100/MicroController/MicMonu100/MicMonu100/Sensors.c ****     }
 243:/Users/manueldeneu/Documents/projets/dev/Monu100/MicroController/MicMonu100/MicMonu100/Sensors.c **** }
 1063               	.LM102:
 1064 048e DF91      		pop r29
 1065 0490 CF91      		pop r28
 1066 0492 1F91      		pop r17
 1067 0494 0F91      		pop r16
 1068 0496 FF90      		pop r15
 1069 0498 EF90      		pop r14
 1070 049a 0895      		ret
 1072               	.Lscope7:
 1073               	.global	__subsf3
 1077               	.global	log_blob_hook
 1079               	log_blob_hook:
 244:/Users/manueldeneu/Documents/projets/dev/Monu100/MicroController/MicMonu100/MicMonu100/Sensors.c **** 
 245:/Users/manueldeneu/Documents/projets/dev/Monu100/MicroController/MicMonu100/MicMonu100/Sensors.c **** /* **** **** **** **** **** **** **** **** **** **** **** **** **** **** **** **** **** */
 246:/Users/manueldeneu/Documents/projets/dev/Monu100/MicroController/MicMonu100/MicMonu100/Sensors.c **** /* **** **** **** **** **** **** **** **** **** **** **** **** **** **** **** **** **** */
 247:/Users/manueldeneu/Documents/projets/dev/Monu100/MicroController/MicMonu100/MicMonu100/Sensors.c **** 
 248:/Users/manueldeneu/Documents/projets/dev/Monu100/MicroController/MicMonu100/MicMonu100/Sensors.c **** void log_blob_hook(void* user_struct, struct blob* b)
 249:/Users/manueldeneu/Documents/projets/dev/Monu100/MicroController/MicMonu100/MicMonu100/Sensors.c **** {
 1081               	.LM103:
 1082               	.LFBB8:
 1083 049c 8F92      		push r8
 1084 049e 9F92      		push r9
 1085 04a0 AF92      		push r10
 1086 04a2 BF92      		push r11
 1087 04a4 CF92      		push r12
 1088 04a6 DF92      		push r13
 1089 04a8 EF92      		push r14
 1090 04aa FF92      		push r15
 1091 04ac 0F93      		push r16
 1092 04ae 1F93      		push r17
 1093 04b0 CF93      		push r28
 1094 04b2 DF93      		push r29
 1095 04b4 00D0      		rcall .
 1096 04b6 1F92      		push __zero_reg__
 1097 04b8 CDB7      		in r28,__SP_L__
 1098 04ba DEB7      		in r29,__SP_H__
 1099               	/* prologue: function */
 1100               	/* frame size = 4 */
 1101               	/* stack size = 16 */
 1102               	.L__stack_usage = 16
 1103 04bc 4B01      		movw r8,r22
 250:/Users/manueldeneu/Documents/projets/dev/Monu100/MicroController/MicMonu100/MicMonu100/Sensors.c **** 
 251:/Users/manueldeneu/Documents/projets/dev/Monu100/MicroController/MicMonu100/MicMonu100/Sensors.c ****     
 252:/Users/manueldeneu/Documents/projets/dev/Monu100/MicroController/MicMonu100/MicMonu100/Sensors.c ****     const uint8_t x = b->center_y*2;
 1105               	.LM104:
 1106 04be FB01      		movw r30,r22
 1107 04c0 C688      		ldd r12,Z+22
 1108 04c2 D788      		ldd r13,Z+23
 1109 04c4 E08C      		ldd r14,Z+24
 1110 04c6 F18C      		ldd r15,Z+25
 253:/Users/manueldeneu/Documents/projets/dev/Monu100/MicroController/MicMonu100/MicMonu100/Sensors.c ****     const uint8_t y = (14-b->center_x)*2;
 1112               	.LM105:
 1113 04c8 2289      		ldd r18,Z+18
 1114 04ca 3389      		ldd r19,Z+19
 1115 04cc 4489      		ldd r20,Z+20
 1116 04ce 5589      		ldd r21,Z+21
 254:/Users/manueldeneu/Documents/projets/dev/Monu100/MicroController/MicMonu100/MicMonu100/Sensors.c ****     
 255:/Users/manueldeneu/Documents/projets/dev/Monu100/MicroController/MicMonu100/MicMonu100/Sensors.c ****     /*
 256:/Users/manueldeneu/Documents/projets/dev/Monu100/MicroController/MicMonu100/MicMonu100/Sensors.c ****     if ( ( x <-BLOB_MARGIN ) || ( y <-BLOB_MARGIN ))
 257:/Users/manueldeneu/Documents/projets/dev/Monu100/MicroController/MicMonu100/MicMonu100/Sensors.c ****         return;
 258:/Users/manueldeneu/Documents/projets/dev/Monu100/MicroController/MicMonu100/MicMonu100/Sensors.c ****     
 259:/Users/manueldeneu/Documents/projets/dev/Monu100/MicroController/MicMonu100/MicMonu100/Sensors.c ****     if ( (x >(30+BLOB_MARGIN)) || (y>(30+BLOB_MARGIN) ) )
 260:/Users/manueldeneu/Documents/projets/dev/Monu100/MicroController/MicMonu100/MicMonu100/Sensors.c ****         return;
 261:/Users/manueldeneu/Documents/projets/dev/Monu100/MicroController/MicMonu100/MicMonu100/Sensors.c ****     
 262:/Users/manueldeneu/Documents/projets/dev/Monu100/MicroController/MicMonu100/MicMonu100/Sensors.c **** 
 263:/Users/manueldeneu/Documents/projets/dev/Monu100/MicroController/MicMonu100/MicMonu100/Sensors.c **** 
 264:/Users/manueldeneu/Documents/projets/dev/Monu100/MicroController/MicMonu100/MicMonu100/Sensors.c ****     if (( b->size < MIN_BLOB_SIZE ) || ( b->size > MAX_BLOB_SIZE ))
 265:/Users/manueldeneu/Documents/projets/dev/Monu100/MicroController/MicMonu100/MicMonu100/Sensors.c ****         return;
 266:/Users/manueldeneu/Documents/projets/dev/Monu100/MicroController/MicMonu100/MicMonu100/Sensors.c ****     
 267:/Users/manueldeneu/Documents/projets/dev/Monu100/MicroController/MicMonu100/MicMonu100/Sensors.c ****      */
 268:/Users/manueldeneu/Documents/projets/dev/Monu100/MicroController/MicMonu100/MicMonu100/Sensors.c **** 
 269:/Users/manueldeneu/Documents/projets/dev/Monu100/MicroController/MicMonu100/MicMonu100/Sensors.c **** 
 270:/Users/manueldeneu/Documents/projets/dev/Monu100/MicroController/MicMonu100/MicMonu100/Sensors.c ****     const Sensors* sensors = ( const Sensors* ) user_struct;
 271:/Users/manueldeneu/Documents/projets/dev/Monu100/MicroController/MicMonu100/MicMonu100/Sensors.c **** 
 272:/Users/manueldeneu/Documents/projets/dev/Monu100/MicroController/MicMonu100/MicMonu100/Sensors.c **** 
 273:/Users/manueldeneu/Documents/projets/dev/Monu100/MicroController/MicMonu100/MicMonu100/Sensors.c ****     display_clear(sensors->display);
 1118               	.LM106:
 1119 04d0 8A53      		subi r24,58
 1120 04d2 9E4F      		sbci r25,-2
 1121 04d4 5C01      		movw r10,r24
 1122 04d6 FC01      		movw r30,r24
 1123 04d8 8081      		ld r24,Z
 1124 04da 9181      		ldd r25,Z+1
 1125 04dc 2983      		std Y+1,r18
 1126 04de 3A83      		std Y+2,r19
 1127 04e0 4B83      		std Y+3,r20
 1128 04e2 5C83      		std Y+4,r21
 1129 04e4 0E94 0000 		call display_clear
 274:/Users/manueldeneu/Documents/projets/dev/Monu100/MicroController/MicMonu100/MicMonu100/Sensors.c ****     display_setFillColor( sensors->display, 255 );
 1131               	.LM107:
 1132 04e8 6FEF      		ldi r22,lo8(-1)
 1133 04ea F501      		movw r30,r10
 1134 04ec 8081      		ld r24,Z
 1135 04ee 9181      		ldd r25,Z+1
 1136 04f0 0E94 0000 		call display_setFillColor
 275:/Users/manueldeneu/Documents/projets/dev/Monu100/MicroController/MicMonu100/MicMonu100/Sensors.c **** 
 276:/Users/manueldeneu/Documents/projets/dev/Monu100/MicroController/MicMonu100/MicMonu100/Sensors.c **** 
 277:/Users/manueldeneu/Documents/projets/dev/Monu100/MicroController/MicMonu100/MicMonu100/Sensors.c ****     if ( b->color == BLOB_SHADOW )
 1138               	.LM108:
 1139 04f4 F401      		movw r30,r8
 1140 04f6 8281      		ldd r24,Z+2
 1141 04f8 9381      		ldd r25,Z+3
 1142 04fa 2981      		ldd r18,Y+1
 1143 04fc 3A81      		ldd r19,Y+2
 1144 04fe 4B81      		ldd r20,Y+3
 1145 0500 5C81      		ldd r21,Y+4
 1146 0502 8F37      		cpi r24,127
 1147 0504 9105      		cpc r25,__zero_reg__
 1148 0506 01F4      		brne .L47
 1149               	.LBB32:
 278:/Users/manueldeneu/Documents/projets/dev/Monu100/MicroController/MicMonu100/MicMonu100/Sensors.c ****     {
 279:/Users/manueldeneu/Documents/projets/dev/Monu100/MicroController/MicMonu100/MicMonu100/Sensors.c ****         const uint8_t x1 = b->bb_x1*2;
 280:/Users/manueldeneu/Documents/projets/dev/Monu100/MicroController/MicMonu100/MicMonu100/Sensors.c ****         const uint8_t y1 = (14-b->bb_y1)*2;
 281:/Users/manueldeneu/Documents/projets/dev/Monu100/MicroController/MicMonu100/MicMonu100/Sensors.c ****         
 282:/Users/manueldeneu/Documents/projets/dev/Monu100/MicroController/MicMonu100/MicMonu100/Sensors.c ****         const uint8_t x2 = b->bb_x2*2;
 283:/Users/manueldeneu/Documents/projets/dev/Monu100/MicroController/MicMonu100/MicMonu100/Sensors.c ****         const uint8_t y2 = (14-b->bb_y2)*2;
 1151               	.LM109:
 1152 0508 4EE0      		ldi r20,lo8(14)
 1153 050a 50E0      		ldi r21,0
 1154 050c 80A1      		ldd r24,Z+32
 1155 050e 91A1      		ldd r25,Z+33
 1156 0510 8A01      		movw r16,r20
 1157 0512 081B      		sub r16,r24
 1158 0514 190B      		sbc r17,r25
 1159 0516 000F      		lsl r16
 282:/Users/manueldeneu/Documents/projets/dev/Monu100/MicroController/MicMonu100/MicMonu100/Sensors.c ****         const uint8_t x2 = b->bb_x2*2;
 1161               	.LM110:
 1162 0518 268D      		ldd r18,Z+30
 1163 051a 220F      		lsl r18
 280:/Users/manueldeneu/Documents/projets/dev/Monu100/MicroController/MicMonu100/MicMonu100/Sensors.c ****         const uint8_t y1 = (14-b->bb_y1)*2;
 1165               	.LM111:
 1166 051c 848D      		ldd r24,Z+28
 1167 051e 958D      		ldd r25,Z+29
 1168 0520 481B      		sub r20,r24
 1169 0522 590B      		sbc r21,r25
 1170 0524 440F      		lsl r20
 279:/Users/manueldeneu/Documents/projets/dev/Monu100/MicroController/MicMonu100/MicMonu100/Sensors.c ****         const uint8_t x1 = b->bb_x1*2;
 1172               	.LM112:
 1173 0526 628D      		ldd r22,Z+26
 1174 0528 660F      		lsl r22
 284:/Users/manueldeneu/Documents/projets/dev/Monu100/MicroController/MicMonu100/MicMonu100/Sensors.c ****         
 285:/Users/manueldeneu/Documents/projets/dev/Monu100/MicroController/MicMonu100/MicMonu100/Sensors.c ****         display_fillZone( sensors->display , x1, y1, x2 , y2 );
 1176               	.LM113:
 1177 052a F501      		movw r30,r10
 1178 052c 8081      		ld r24,Z
 1179 052e 9181      		ldd r25,Z+1
 1180 0530 0E94 0000 		call display_fillZone
 1181               	.LBE32:
 1182 0534 00C0      		rjmp .L46
 1183               	.L47:
 286:/Users/manueldeneu/Documents/projets/dev/Monu100/MicroController/MicMonu100/MicMonu100/Sensors.c ****     }
 287:/Users/manueldeneu/Documents/projets/dev/Monu100/MicroController/MicMonu100/MicMonu100/Sensors.c ****     
 288:/Users/manueldeneu/Documents/projets/dev/Monu100/MicroController/MicMonu100/MicMonu100/Sensors.c ****     else if (b->color == BLOB_LIGHT )
 1185               	.LM114:
 1186 0536 8F3F      		cpi r24,-1
 1187 0538 9105      		cpc r25,__zero_reg__
 1188 053a 01F4      		brne .L46
 253:/Users/manueldeneu/Documents/projets/dev/Monu100/MicroController/MicMonu100/MicMonu100/Sensors.c ****     const uint8_t y = (14-b->center_x)*2;
 1190               	.LM115:
 1191 053c 60E0      		ldi r22,0
 1192 053e 70E0      		ldi r23,0
 1193 0540 80E6      		ldi r24,lo8(96)
 1194 0542 91E4      		ldi r25,lo8(65)
 1195 0544 0E94 0000 		call __subsf3
 1196 0548 9B01      		movw r18,r22
 1197 054a AC01      		movw r20,r24
 1198 054c 0E94 0000 		call __addsf3
 1199 0550 0E94 0000 		call __fixunssfsi
 1200 0554 162F      		mov r17,r22
 252:/Users/manueldeneu/Documents/projets/dev/Monu100/MicroController/MicMonu100/MicMonu100/Sensors.c ****     const uint8_t x = b->center_y*2;
 1202               	.LM116:
 1203 0556 A701      		movw r20,r14
 1204 0558 9601      		movw r18,r12
 1205 055a C701      		movw r24,r14
 1206 055c B601      		movw r22,r12
 1207 055e 0E94 0000 		call __addsf3
 1208 0562 0E94 0000 		call __fixunssfsi
 289:/Users/manueldeneu/Documents/projets/dev/Monu100/MicroController/MicMonu100/MicMonu100/Sensors.c ****     {
 290:/Users/manueldeneu/Documents/projets/dev/Monu100/MicroController/MicMonu100/MicMonu100/Sensors.c ****         display_drawCircle(sensors->display, x, y, b->size);
 1210               	.LM117:
 1211 0566 F401      		movw r30,r8
 1212 0568 2081      		ld r18,Z
 1213 056a 412F      		mov r20,r17
 1214 056c F501      		movw r30,r10
 1215 056e 8081      		ld r24,Z
 1216 0570 9181      		ldd r25,Z+1
 1217               	/* epilogue start */
 291:/Users/manueldeneu/Documents/projets/dev/Monu100/MicroController/MicMonu100/MicMonu100/Sensors.c ****     }
 292:/Users/manueldeneu/Documents/projets/dev/Monu100/MicroController/MicMonu100/MicMonu100/Sensors.c **** 
 293:/Users/manueldeneu/Documents/projets/dev/Monu100/MicroController/MicMonu100/MicMonu100/Sensors.c **** 
 294:/Users/manueldeneu/Documents/projets/dev/Monu100/MicroController/MicMonu100/MicMonu100/Sensors.c **** 
 295:/Users/manueldeneu/Documents/projets/dev/Monu100/MicroController/MicMonu100/MicMonu100/Sensors.c **** }
 1219               	.LM118:
 1220 0572 0F90      		pop __tmp_reg__
 1221 0574 0F90      		pop __tmp_reg__
 1222 0576 0F90      		pop __tmp_reg__
 1223 0578 0F90      		pop __tmp_reg__
 1224 057a DF91      		pop r29
 1225 057c CF91      		pop r28
 1226 057e 1F91      		pop r17
 1227 0580 0F91      		pop r16
 1228 0582 FF90      		pop r15
 1229 0584 EF90      		pop r14
 1230 0586 DF90      		pop r13
 1231 0588 CF90      		pop r12
 1232 058a BF90      		pop r11
 1233 058c AF90      		pop r10
 1234 058e 9F90      		pop r9
 1235 0590 8F90      		pop r8
 290:/Users/manueldeneu/Documents/projets/dev/Monu100/MicroController/MicMonu100/MicMonu100/Sensors.c ****         display_drawCircle(sensors->display, x, y, b->size);
 1237               	.LM119:
 1238 0592 0C94 0000 		jmp display_drawCircle
 1239               	.L46:
 1240               	/* epilogue start */
 1242               	.LM120:
 1243 0596 0F90      		pop __tmp_reg__
 1244 0598 0F90      		pop __tmp_reg__
 1245 059a 0F90      		pop __tmp_reg__
 1246 059c 0F90      		pop __tmp_reg__
 1247 059e DF91      		pop r29
 1248 05a0 CF91      		pop r28
 1249 05a2 1F91      		pop r17
 1250 05a4 0F91      		pop r16
 1251 05a6 FF90      		pop r15
 1252 05a8 EF90      		pop r14
 1253 05aa DF90      		pop r13
 1254 05ac CF90      		pop r12
 1255 05ae BF90      		pop r11
 1256 05b0 AF90      		pop r10
 1257 05b2 9F90      		pop r9
 1258 05b4 8F90      		pop r8
 1259 05b6 0895      		ret
 1261               	.Lscope8:
 1265               	.global	init_pixel_stream_hook
 1267               	init_pixel_stream_hook:
 296:/Users/manueldeneu/Documents/projets/dev/Monu100/MicroController/MicMonu100/MicMonu100/Sensors.c **** 
 297:/Users/manueldeneu/Documents/projets/dev/Monu100/MicroController/MicMonu100/MicMonu100/Sensors.c **** /* **** **** **** **** **** **** **** **** **** **** **** **** **** **** **** **** **** */
 298:/Users/manueldeneu/Documents/projets/dev/Monu100/MicroController/MicMonu100/MicMonu100/Sensors.c **** 
 299:/Users/manueldeneu/Documents/projets/dev/Monu100/MicroController/MicMonu100/MicMonu100/Sensors.c **** int init_pixel_stream_hook(void* user_struct, struct stream_state* stream)
 300:/Users/manueldeneu/Documents/projets/dev/Monu100/MicroController/MicMonu100/MicMonu100/Sensors.c **** {
 1269               	.LM121:
 1270               	.LFBB9:
 1271               	/* prologue: function */
 1272               	/* frame size = 0 */
 1273               	/* stack size = 0 */
 1274               	.L__stack_usage = 0
 1275 05b8 FB01      		movw r30,r22
 301:/Users/manueldeneu/Documents/projets/dev/Monu100/MicroController/MicMonu100/MicMonu100/Sensors.c **** 
 302:/Users/manueldeneu/Documents/projets/dev/Monu100/MicroController/MicMonu100/MicMonu100/Sensors.c ****     Sensors* sensors = ( Sensors* ) user_struct;
 303:/Users/manueldeneu/Documents/projets/dev/Monu100/MicroController/MicMonu100/MicMonu100/Sensors.c ****     sensors->currentRow = 0;
 1277               	.LM122:
 1278 05ba 8853      		subi r24,56
 1279 05bc 9E4F      		sbci r25,-2
 1280 05be DC01      		movw r26,r24
 1281 05c0 1C92      		st X,__zero_reg__
 304:/Users/manueldeneu/Documents/projets/dev/Monu100/MicroController/MicMonu100/MicMonu100/Sensors.c ****     
 305:/Users/manueldeneu/Documents/projets/dev/Monu100/MicroController/MicMonu100/MicMonu100/Sensors.c ****     stream->w = SENSOR_COUNT;
 1283               	.LM123:
 1284 05c2 8FE0      		ldi r24,lo8(15)
 1285 05c4 90E0      		ldi r25,0
 1286 05c6 9183      		std Z+1,r25
 1287 05c8 8083      		st Z,r24
 306:/Users/manueldeneu/Documents/projets/dev/Monu100/MicroController/MicMonu100/MicMonu100/Sensors.c ****     stream->h = SENSOR_COUNT;
 1289               	.LM124:
 1290 05ca 9383      		std Z+3,r25
 1291 05cc 8283      		std Z+2,r24
 307:/Users/manueldeneu/Documents/projets/dev/Monu100/MicroController/MicMonu100/MicMonu100/Sensors.c ****     stream->x = 0;
 1293               	.LM125:
 1294 05ce 1582      		std Z+5,__zero_reg__
 1295 05d0 1482      		std Z+4,__zero_reg__
 308:/Users/manueldeneu/Documents/projets/dev/Monu100/MicroController/MicMonu100/MicMonu100/Sensors.c ****     stream->y = 0;
 1297               	.LM126:
 1298 05d2 1782      		std Z+7,__zero_reg__
 1299 05d4 1682      		std Z+6,__zero_reg__
 309:/Users/manueldeneu/Documents/projets/dev/Monu100/MicroController/MicMonu100/MicMonu100/Sensors.c ****     
 310:/Users/manueldeneu/Documents/projets/dev/Monu100/MicroController/MicMonu100/MicMonu100/Sensors.c ****     return 0;
 311:/Users/manueldeneu/Documents/projets/dev/Monu100/MicroController/MicMonu100/MicMonu100/Sensors.c **** }
 1301               	.LM127:
 1302 05d6 80E0      		ldi r24,0
 1303 05d8 90E0      		ldi r25,0
 1304 05da 0895      		ret
 1306               	.Lscope9:
 1310               	.global	close_pixel_stream_hook
 1312               	close_pixel_stream_hook:
 312:/Users/manueldeneu/Documents/projets/dev/Monu100/MicroController/MicMonu100/MicMonu100/Sensors.c **** 
 313:/Users/manueldeneu/Documents/projets/dev/Monu100/MicroController/MicMonu100/MicMonu100/Sensors.c **** /* **** **** **** **** **** **** **** **** **** **** **** **** **** **** **** **** **** */
 314:/Users/manueldeneu/Documents/projets/dev/Monu100/MicroController/MicMonu100/MicMonu100/Sensors.c **** 
 315:/Users/manueldeneu/Documents/projets/dev/Monu100/MicroController/MicMonu100/MicMonu100/Sensors.c **** int close_pixel_stream_hook(void* user_struct, struct stream_state* stream)
 316:/Users/manueldeneu/Documents/projets/dev/Monu100/MicroController/MicMonu100/MicMonu100/Sensors.c **** {
 1314               	.LM128:
 1315               	.LFBB10:
 1316               	/* prologue: function */
 1317               	/* frame size = 0 */
 1318               	/* stack size = 0 */
 1319               	.L__stack_usage = 0
 317:/Users/manueldeneu/Documents/projets/dev/Monu100/MicroController/MicMonu100/MicMonu100/Sensors.c **** 
 318:/Users/manueldeneu/Documents/projets/dev/Monu100/MicroController/MicMonu100/MicMonu100/Sensors.c ****     return 0;
 319:/Users/manueldeneu/Documents/projets/dev/Monu100/MicroController/MicMonu100/MicMonu100/Sensors.c **** }
 1321               	.LM129:
 1322 05dc 80E0      		ldi r24,0
 1323 05de 90E0      		ldi r25,0
 1324 05e0 0895      		ret
 1326               	.Lscope10:
 1330               	.global	next_row_hook
 1332               	next_row_hook:
 320:/Users/manueldeneu/Documents/projets/dev/Monu100/MicroController/MicMonu100/MicMonu100/Sensors.c **** 
 321:/Users/manueldeneu/Documents/projets/dev/Monu100/MicroController/MicMonu100/MicMonu100/Sensors.c **** /* **** **** **** **** **** **** **** **** **** **** **** **** **** **** **** **** **** */
 322:/Users/manueldeneu/Documents/projets/dev/Monu100/MicroController/MicMonu100/MicMonu100/Sensors.c **** 
 323:/Users/manueldeneu/Documents/projets/dev/Monu100/MicroController/MicMonu100/MicMonu100/Sensors.c **** int next_row_hook(void* user_struct, struct stream_state* stream)
 324:/Users/manueldeneu/Documents/projets/dev/Monu100/MicroController/MicMonu100/MicMonu100/Sensors.c **** {
 1334               	.LM130:
 1335               	.LFBB11:
 1336 05e2 CF93      		push r28
 1337 05e4 DF93      		push r29
 1338               	/* prologue: function */
 1339               	/* frame size = 0 */
 1340               	/* stack size = 2 */
 1341               	.L__stack_usage = 2
 325:/Users/manueldeneu/Documents/projets/dev/Monu100/MicroController/MicMonu100/MicMonu100/Sensors.c ****     Sensors* sensors = ( Sensors* ) user_struct;
 326:/Users/manueldeneu/Documents/projets/dev/Monu100/MicroController/MicMonu100/MicMonu100/Sensors.c **** 
 327:/Users/manueldeneu/Documents/projets/dev/Monu100/MicroController/MicMonu100/MicMonu100/Sensors.c ****     if ( sensors->currentRow == SENSOR_COUNT)
 1343               	.LM131:
 1344 05e6 EC01      		movw r28,r24
 1345 05e8 C853      		subi r28,56
 1346 05ea DE4F      		sbci r29,-2
 1347 05ec 2881      		ld r18,Y
 1348 05ee 2F30      		cpi r18,lo8(15)
 1349 05f0 01F0      		breq .L53
 328:/Users/manueldeneu/Documents/projets/dev/Monu100/MicroController/MicMonu100/MicMonu100/Sensors.c ****     {
 329:/Users/manueldeneu/Documents/projets/dev/Monu100/MicroController/MicMonu100/MicMonu100/Sensors.c ****         
 330:/Users/manueldeneu/Documents/projets/dev/Monu100/MicroController/MicMonu100/MicMonu100/Sensors.c ****         return -1;
 331:/Users/manueldeneu/Documents/projets/dev/Monu100/MicroController/MicMonu100/MicMonu100/Sensors.c ****     }
 332:/Users/manueldeneu/Documents/projets/dev/Monu100/MicroController/MicMonu100/MicMonu100/Sensors.c ****     
 333:/Users/manueldeneu/Documents/projets/dev/Monu100/MicroController/MicMonu100/MicMonu100/Sensors.c ****     readRow( sensors , stream->row );
 1351               	.LM132:
 1352 05f2 FB01      		movw r30,r22
 1353 05f4 6285      		ldd r22,Z+10
 1354 05f6 7385      		ldd r23,Z+11
 1355 05f8 0E94 0000 		call readRow
 334:/Users/manueldeneu/Documents/projets/dev/Monu100/MicroController/MicMonu100/MicMonu100/Sensors.c **** 
 335:/Users/manueldeneu/Documents/projets/dev/Monu100/MicroController/MicMonu100/MicMonu100/Sensors.c ****     sensors->currentRow++;
 1357               	.LM133:
 1358 05fc 8881      		ld r24,Y
 1359 05fe 8F5F      		subi r24,lo8(-(1))
 1360 0600 8883      		st Y,r24
 336:/Users/manueldeneu/Documents/projets/dev/Monu100/MicroController/MicMonu100/MicMonu100/Sensors.c ****     
 337:/Users/manueldeneu/Documents/projets/dev/Monu100/MicroController/MicMonu100/MicMonu100/Sensors.c **** 
 338:/Users/manueldeneu/Documents/projets/dev/Monu100/MicroController/MicMonu100/MicMonu100/Sensors.c ****     
 339:/Users/manueldeneu/Documents/projets/dev/Monu100/MicroController/MicMonu100/MicMonu100/Sensors.c ****     return 0;
 1362               	.LM134:
 1363 0602 80E0      		ldi r24,0
 1364 0604 90E0      		ldi r25,0
 1365 0606 00C0      		rjmp .L52
 1366               	.L53:
 330:/Users/manueldeneu/Documents/projets/dev/Monu100/MicroController/MicMonu100/MicMonu100/Sensors.c ****         return -1;
 1368               	.LM135:
 1369 0608 8FEF      		ldi r24,lo8(-1)
 1370 060a 9FEF      		ldi r25,lo8(-1)
 1371               	.L52:
 1372               	/* epilogue start */
 340:/Users/manueldeneu/Documents/projets/dev/Monu100/MicroController/MicMonu100/MicMonu100/Sensors.c **** }
 1374               	.LM136:
 1375 060c DF91      		pop r29
 1376 060e CF91      		pop r28
 1377 0610 0895      		ret
 1379               	.Lscope11:
 1383               	.global	next_frame_hook
 1385               	next_frame_hook:
 341:/Users/manueldeneu/Documents/projets/dev/Monu100/MicroController/MicMonu100/MicMonu100/Sensors.c **** 
 342:/Users/manueldeneu/Documents/projets/dev/Monu100/MicroController/MicMonu100/MicMonu100/Sensors.c **** /* **** **** **** **** **** **** **** **** **** **** **** **** **** **** **** **** **** */
 343:/Users/manueldeneu/Documents/projets/dev/Monu100/MicroController/MicMonu100/MicMonu100/Sensors.c **** 
 344:/Users/manueldeneu/Documents/projets/dev/Monu100/MicroController/MicMonu100/MicMonu100/Sensors.c **** int next_frame_hook(void* user_struct, struct stream_state* stream)
 345:/Users/manueldeneu/Documents/projets/dev/Monu100/MicroController/MicMonu100/MicMonu100/Sensors.c **** {
 1387               	.LM137:
 1388               	.LFBB12:
 1389 0612 CF93      		push r28
 1390 0614 DF93      		push r29
 1391               	/* prologue: function */
 1392               	/* frame size = 0 */
 1393               	/* stack size = 2 */
 1394               	.L__stack_usage = 2
 346:/Users/manueldeneu/Documents/projets/dev/Monu100/MicroController/MicMonu100/MicMonu100/Sensors.c ****     
 347:/Users/manueldeneu/Documents/projets/dev/Monu100/MicroController/MicMonu100/MicMonu100/Sensors.c ****     Sensors* sensors = ( Sensors*) user_struct;
 348:/Users/manueldeneu/Documents/projets/dev/Monu100/MicroController/MicMonu100/MicMonu100/Sensors.c ****     sensors->currentRow = 0;
 1396               	.LM138:
 1397 0616 EC01      		movw r28,r24
 1398 0618 C853      		subi r28,56
 1399 061a DE4F      		sbci r29,-2
 1400 061c 1882      		st Y,__zero_reg__
 349:/Users/manueldeneu/Documents/projets/dev/Monu100/MicroController/MicMonu100/MicMonu100/Sensors.c ****     
 350:/Users/manueldeneu/Documents/projets/dev/Monu100/MicroController/MicMonu100/MicMonu100/Sensors.c ****     
 351:/Users/manueldeneu/Documents/projets/dev/Monu100/MicroController/MicMonu100/MicMonu100/Sensors.c ****     userCall();
 1402               	.LM139:
 1403 061e 0E94 0000 		call userCall
 352:/Users/manueldeneu/Documents/projets/dev/Monu100/MicroController/MicMonu100/MicMonu100/Sensors.c ****     
 353:/Users/manueldeneu/Documents/projets/dev/Monu100/MicroController/MicMonu100/MicMonu100/Sensors.c ****     if ( sensors->currentRow == SENSOR_COUNT)
 1405               	.LM140:
 1406 0622 8881      		ld r24,Y
 1407 0624 8F30      		cpi r24,lo8(15)
 1408 0626 01F4      		brne .L56
 354:/Users/manueldeneu/Documents/projets/dev/Monu100/MicroController/MicMonu100/MicMonu100/Sensors.c ****     {
 355:/Users/manueldeneu/Documents/projets/dev/Monu100/MicroController/MicMonu100/MicMonu100/Sensors.c ****         sensors->currentRow = 0;
 1410               	.LM141:
 1411 0628 1882      		st Y,__zero_reg__
 356:/Users/manueldeneu/Documents/projets/dev/Monu100/MicroController/MicMonu100/MicMonu100/Sensors.c ****         return -1;
 1413               	.LM142:
 1414 062a 8FEF      		ldi r24,lo8(-1)
 1415 062c 9FEF      		ldi r25,lo8(-1)
 1416 062e 00C0      		rjmp .L55
 1417               	.L56:
 357:/Users/manueldeneu/Documents/projets/dev/Monu100/MicroController/MicMonu100/MicMonu100/Sensors.c ****     }
 358:/Users/manueldeneu/Documents/projets/dev/Monu100/MicroController/MicMonu100/MicMonu100/Sensors.c **** 
 359:/Users/manueldeneu/Documents/projets/dev/Monu100/MicroController/MicMonu100/MicMonu100/Sensors.c **** 
 360:/Users/manueldeneu/Documents/projets/dev/Monu100/MicroController/MicMonu100/MicMonu100/Sensors.c ****     
 361:/Users/manueldeneu/Documents/projets/dev/Monu100/MicroController/MicMonu100/MicMonu100/Sensors.c **** 
 362:/Users/manueldeneu/Documents/projets/dev/Monu100/MicroController/MicMonu100/MicMonu100/Sensors.c ****     return 0;
 1419               	.LM143:
 1420 0630 80E0      		ldi r24,0
 1421 0632 90E0      		ldi r25,0
 1422               	.L55:
 1423               	/* epilogue start */
 363:/Users/manueldeneu/Documents/projets/dev/Monu100/MicroController/MicMonu100/MicMonu100/Sensors.c **** }
 1425               	.LM144:
 1426 0634 DF91      		pop r29
 1427 0636 CF91      		pop r28
 1428 0638 0895      		ret
 1430               	.Lscope12:
 1432               	.Letext0:
 1433               		.ident	"GCC: (GNU) 4.8.1"
DEFINED SYMBOLS
                            *ABS*:00000000 Sensors.c
/var/folders/8r/0fdlnc995dl_vxqd6srx06ch0000gn/T//ccu9PD7v.s:2      *ABS*:0000003e __SP_H__
/var/folders/8r/0fdlnc995dl_vxqd6srx06ch0000gn/T//ccu9PD7v.s:3      *ABS*:0000003d __SP_L__
/var/folders/8r/0fdlnc995dl_vxqd6srx06ch0000gn/T//ccu9PD7v.s:4      *ABS*:0000003f __SREG__
/var/folders/8r/0fdlnc995dl_vxqd6srx06ch0000gn/T//ccu9PD7v.s:5      *ABS*:0000003b __RAMPZ__
/var/folders/8r/0fdlnc995dl_vxqd6srx06ch0000gn/T//ccu9PD7v.s:6      *ABS*:00000000 __tmp_reg__
/var/folders/8r/0fdlnc995dl_vxqd6srx06ch0000gn/T//ccu9PD7v.s:7      *ABS*:00000001 __zero_reg__
/var/folders/8r/0fdlnc995dl_vxqd6srx06ch0000gn/T//ccu9PD7v.s:133    .text:00000000 adc_init
/var/folders/8r/0fdlnc995dl_vxqd6srx06ch0000gn/T//ccu9PD7v.s:210    .text:0000004c sensors_resetCalibration
/var/folders/8r/0fdlnc995dl_vxqd6srx06ch0000gn/T//ccu9PD7v.s:264    .text:0000007c sensors_init
/var/folders/8r/0fdlnc995dl_vxqd6srx06ch0000gn/T//ccu9PD7v.s:357    .text:000000ce sensors_calibration
/var/folders/8r/0fdlnc995dl_vxqd6srx06ch0000gn/T//ccu9PD7v.s:762    .text:0000031e readFrame
/var/folders/8r/0fdlnc995dl_vxqd6srx06ch0000gn/T//ccu9PD7v.s:780    .text:00000322 readRow
/var/folders/8r/0fdlnc995dl_vxqd6srx06ch0000gn/T//ccu9PD7v.s:1007   .text:00000448 readAll
/var/folders/8r/0fdlnc995dl_vxqd6srx06ch0000gn/T//ccu9PD7v.s:1079   .text:0000049c log_blob_hook
/var/folders/8r/0fdlnc995dl_vxqd6srx06ch0000gn/T//ccu9PD7v.s:1267   .text:000005b8 init_pixel_stream_hook
/var/folders/8r/0fdlnc995dl_vxqd6srx06ch0000gn/T//ccu9PD7v.s:1312   .text:000005dc close_pixel_stream_hook
/var/folders/8r/0fdlnc995dl_vxqd6srx06ch0000gn/T//ccu9PD7v.s:1332   .text:000005e2 next_row_hook
/var/folders/8r/0fdlnc995dl_vxqd6srx06ch0000gn/T//ccu9PD7v.s:1385   .text:00000612 next_frame_hook

UNDEFINED SYMBOLS
__floatunsisf
__addsf3
__floatsisf
__divsf3
__fixunssfsi
extract_image
display_setFillColor
display_fillZone
display_clear
__subsf3
display_drawCircle
userCall
